<?xml version="1.0"?>
<link_info>
   <banner>TMS320C2000 Linker PC v6.4.6</banner>
   <copyright>Copyright (c) 1996-2015 Texas Instruments Incorporated</copyright>
   <link_time>0x56bcdb38</link_time>
   <link_errors>0x0</link_errors>
   <output_file>Project_Omaha_1.0.out</output_file>
   <entry_point>
      <name>_c_int00</name>
      <address>0xf396</address>
   </entry_point>
   <input_file_list>
      <input_file id="fl-2">
         <path>.\source_TI\</path>
         <kind>object</kind>
         <file>DSP28xxx_SectionCopy_nonBIOS.obj</file>
         <name>DSP28xxx_SectionCopy_nonBIOS.obj</name>
      </input_file>
      <input_file id="fl-3">
         <path>.\source_TI\</path>
         <kind>object</kind>
         <file>F2806x_Adc.obj</file>
         <name>F2806x_Adc.obj</name>
      </input_file>
      <input_file id="fl-4">
         <path>.\source_TI\</path>
         <kind>object</kind>
         <file>F2806x_CodeStartBranch.obj</file>
         <name>F2806x_CodeStartBranch.obj</name>
      </input_file>
      <input_file id="fl-6">
         <path>.\source_TI\</path>
         <kind>object</kind>
         <file>F2806x_DBGIER.obj</file>
         <name>F2806x_DBGIER.obj</name>
      </input_file>
      <input_file id="fl-7">
         <path>.\source_TI\</path>
         <kind>object</kind>
         <file>F2806x_DefaultIsr.obj</file>
         <name>F2806x_DefaultIsr.obj</name>
      </input_file>
      <input_file id="fl-8">
         <path>.\source_TI\</path>
         <kind>object</kind>
         <file>F2806x_EPwm.obj</file>
         <name>F2806x_EPwm.obj</name>
      </input_file>
      <input_file id="fl-a">
         <path>.\source_TI\</path>
         <kind>object</kind>
         <file>F2806x_Gpio.obj</file>
         <name>F2806x_Gpio.obj</name>
      </input_file>
      <input_file id="fl-b">
         <path>.\source_TI\</path>
         <kind>object</kind>
         <file>F2806x_PieCtrl.obj</file>
         <name>F2806x_PieCtrl.obj</name>
      </input_file>
      <input_file id="fl-c">
         <path>.\source_TI\</path>
         <kind>object</kind>
         <file>F2806x_PieVect.obj</file>
         <name>F2806x_PieVect.obj</name>
      </input_file>
      <input_file id="fl-d">
         <path>.\source_TI\</path>
         <kind>object</kind>
         <file>F2806x_Sci.obj</file>
         <name>F2806x_Sci.obj</name>
      </input_file>
      <input_file id="fl-e">
         <path>.\source_TI\</path>
         <kind>object</kind>
         <file>F2806x_SysCtrl.obj</file>
         <name>F2806x_SysCtrl.obj</name>
      </input_file>
      <input_file id="fl-f">
         <path>.\source_TI\</path>
         <kind>object</kind>
         <file>F2806x_usDelay.obj</file>
         <name>F2806x_usDelay.obj</name>
      </input_file>
      <input_file id="fl-10">
         <path>.\source_TI\</path>
         <kind>object</kind>
         <file>FIR_f32.obj</file>
         <name>FIR_f32.obj</name>
      </input_file>
      <input_file id="fl-11">
         <path>.\source\</path>
         <kind>object</kind>
         <file>Cla_Funcs.obj</file>
         <name>Cla_Funcs.obj</name>
      </input_file>
      <input_file id="fl-12">
         <path>.\source\</path>
         <kind>object</kind>
         <file>communication.obj</file>
         <name>communication.obj</name>
      </input_file>
      <input_file id="fl-13">
         <path>.\source\</path>
         <kind>object</kind>
         <file>eq.obj</file>
         <name>eq.obj</name>
      </input_file>
      <input_file id="fl-14">
         <path>.\source\</path>
         <kind>object</kind>
         <file>main.obj</file>
         <name>main.obj</name>
      </input_file>
      <input_file id="fl-15">
         <path>.\source\</path>
         <kind>object</kind>
         <file>timers.obj</file>
         <name>timers.obj</name>
      </input_file>
      <input_file id="fl-17">
         <path>.\cla_source_TI\</path>
         <kind>object</kind>
         <file>CLASinCosTable.obj</file>
         <name>CLASinCosTable.obj</name>
      </input_file>
      <input_file id="fl-18">
         <path>.\cla_source_TI\</path>
         <kind>object</kind>
         <file>CLAcos.obj</file>
         <name>CLAcos.obj</name>
      </input_file>
      <input_file id="fl-19">
         <path>.\cla_source_TI\</path>
         <kind>object</kind>
         <file>CLAexp10.obj</file>
         <name>CLAexp10.obj</name>
      </input_file>
      <input_file id="fl-1a">
         <path>.\cla_source_TI\</path>
         <kind>object</kind>
         <file>CLAexpTable.obj</file>
         <name>CLAexpTable.obj</name>
      </input_file>
      <input_file id="fl-1b">
         <path>.\cla_source_TI\</path>
         <kind>object</kind>
         <file>CLAsin.obj</file>
         <name>CLAsin.obj</name>
      </input_file>
      <input_file id="fl-1c">
         <path>.\cla_source_TI\</path>
         <kind>object</kind>
         <file>CLAsqrt.obj</file>
         <name>CLAsqrt.obj</name>
      </input_file>
      <input_file id="fl-27">
         <path>C:\ti\ccsv6\tools\compiler\ti-cgt-c2000_6.4.6\lib\</path>
         <kind>archive</kind>
         <file>rts2800_fpu32.lib</file>
         <name>boot.obj</name>
      </input_file>
      <input_file id="fl-28">
         <path>C:\ti\ccsv6\tools\compiler\ti-cgt-c2000_6.4.6\lib\</path>
         <kind>archive</kind>
         <file>rts2800_fpu32.lib</file>
         <name>exit.obj</name>
      </input_file>
      <input_file id="fl-29">
         <path>C:\ti\ccsv6\tools\compiler\ti-cgt-c2000_6.4.6\lib\</path>
         <kind>archive</kind>
         <file>rts2800_fpu32.lib</file>
         <name>fs_div.obj</name>
      </input_file>
      <input_file id="fl-2a">
         <path>C:\ti\ccsv6\tools\compiler\ti-cgt-c2000_6.4.6\lib\</path>
         <kind>archive</kind>
         <file>rts2800_fpu32.lib</file>
         <name>i_div.obj</name>
      </input_file>
      <input_file id="fl-2e">
         <path>C:\ti\ccsv6\tools\compiler\ti-cgt-c2000_6.4.6\lib\</path>
         <kind>archive</kind>
         <file>rts2800_fpu32.lib</file>
         <name>args_main.obj</name>
      </input_file>
      <input_file id="fl-30">
         <path>C:\Users\MWK130~1\AppData\Local\Temp\</path>
         <kind>object</kind>
         <file>053562</file>
         <name>053562</name>
      </input_file>
   </input_file_list>
   <object_component_list>
      <object_component id="oc-123">
         <name>PieVectTableFile</name>
         <uninitialized>true</uninitialized>
         <run_address>0xd00</run_address>
         <size>0x100</size>
         <input_file_ref idref="fl-9"/>
      </object_component>
      <object_component id="oc-10a">
         <name>DevEmuRegsFile</name>
         <uninitialized>true</uninitialized>
         <run_address>0x880</run_address>
         <size>0x4</size>
         <input_file_ref idref="fl-9"/>
      </object_component>
      <object_component id="oc-113">
         <name>CsmRegsFile</name>
         <uninitialized>true</uninitialized>
         <run_address>0xae0</run_address>
         <size>0x10</size>
         <input_file_ref idref="fl-9"/>
      </object_component>
      <object_component id="oc-112">
         <name>AdcResultFile</name>
         <uninitialized>true</uninitialized>
         <run_address>0xb00</run_address>
         <size>0x10</size>
         <input_file_ref idref="fl-9"/>
      </object_component>
      <object_component id="oc-10d">
         <name>CpuTimer0RegsFile</name>
         <uninitialized>true</uninitialized>
         <run_address>0xc00</run_address>
         <size>0x8</size>
         <input_file_ref idref="fl-9"/>
      </object_component>
      <object_component id="oc-10f">
         <name>CpuTimer1RegsFile</name>
         <uninitialized>true</uninitialized>
         <run_address>0xc08</run_address>
         <size>0x8</size>
         <input_file_ref idref="fl-9"/>
      </object_component>
      <object_component id="oc-10e">
         <name>CpuTimer2RegsFile</name>
         <uninitialized>true</uninitialized>
         <run_address>0xc10</run_address>
         <size>0x8</size>
         <input_file_ref idref="fl-9"/>
      </object_component>
      <object_component id="oc-114">
         <name>PieCtrlRegsFile</name>
         <uninitialized>true</uninitialized>
         <run_address>0xce0</run_address>
         <size>0x1a</size>
         <input_file_ref idref="fl-9"/>
      </object_component>
      <object_component id="oc-11d">
         <name>Cla1RegsFile</name>
         <uninitialized>true</uninitialized>
         <run_address>0x1400</run_address>
         <size>0x40</size>
         <input_file_ref idref="fl-9"/>
      </object_component>
      <object_component id="oc-11f">
         <name>GpioCtrlRegsFile</name>
         <uninitialized>true</uninitialized>
         <run_address>0x6f80</run_address>
         <size>0x40</size>
         <input_file_ref idref="fl-9"/>
      </object_component>
      <object_component id="oc-115">
         <name>GpioDataRegsFile</name>
         <uninitialized>true</uninitialized>
         <run_address>0x6fc0</run_address>
         <size>0x20</size>
         <input_file_ref idref="fl-9"/>
      </object_component>
      <object_component id="oc-116">
         <name>GpioIntRegsFile</name>
         <uninitialized>true</uninitialized>
         <run_address>0x6fe0</run_address>
         <size>0x20</size>
         <input_file_ref idref="fl-9"/>
      </object_component>
      <object_component id="oc-117">
         <name>SysCtrlRegsFile</name>
         <uninitialized>true</uninitialized>
         <run_address>0x7010</run_address>
         <size>0x30</size>
         <input_file_ref idref="fl-9"/>
      </object_component>
      <object_component id="oc-111">
         <name>SciaRegsFile</name>
         <uninitialized>true</uninitialized>
         <run_address>0x7050</run_address>
         <size>0x10</size>
         <input_file_ref idref="fl-9"/>
      </object_component>
      <object_component id="oc-110">
         <name>ScibRegsFile</name>
         <uninitialized>true</uninitialized>
         <run_address>0x7750</run_address>
         <size>0x10</size>
         <input_file_ref idref="fl-9"/>
      </object_component>
      <object_component id="oc-122">
         <name>AdcRegsFile</name>
         <uninitialized>true</uninitialized>
         <run_address>0x7100</run_address>
         <size>0x50</size>
         <input_file_ref idref="fl-9"/>
      </object_component>
      <object_component id="oc-11b">
         <name>EPwm1RegsFile</name>
         <uninitialized>true</uninitialized>
         <run_address>0x6800</run_address>
         <size>0x40</size>
         <input_file_ref idref="fl-9"/>
      </object_component>
      <object_component id="oc-11c">
         <name>EPwm2RegsFile</name>
         <uninitialized>true</uninitialized>
         <run_address>0x6840</run_address>
         <size>0x40</size>
         <input_file_ref idref="fl-9"/>
      </object_component>
      <object_component id="oc-11a">
         <name>EPwm3RegsFile</name>
         <uninitialized>true</uninitialized>
         <run_address>0x6880</run_address>
         <size>0x40</size>
         <input_file_ref idref="fl-9"/>
      </object_component>
      <object_component id="oc-118">
         <name>EPwm4RegsFile</name>
         <uninitialized>true</uninitialized>
         <run_address>0x68c0</run_address>
         <size>0x40</size>
         <input_file_ref idref="fl-9"/>
      </object_component>
      <object_component id="oc-119">
         <name>EPwm5RegsFile</name>
         <uninitialized>true</uninitialized>
         <run_address>0x6900</run_address>
         <size>0x40</size>
         <input_file_ref idref="fl-9"/>
      </object_component>
      <object_component id="oc-121">
         <name>EPwm6RegsFile</name>
         <uninitialized>true</uninitialized>
         <run_address>0x6940</run_address>
         <size>0x40</size>
         <input_file_ref idref="fl-9"/>
      </object_component>
      <object_component id="oc-120">
         <name>EPwm7RegsFile</name>
         <uninitialized>true</uninitialized>
         <run_address>0x6980</run_address>
         <size>0x40</size>
         <input_file_ref idref="fl-9"/>
      </object_component>
      <object_component id="oc-11e">
         <name>EPwm8RegsFile</name>
         <uninitialized>true</uninitialized>
         <run_address>0x69c0</run_address>
         <size>0x40</size>
         <input_file_ref idref="fl-9"/>
      </object_component>
      <object_component id="oc-10b">
         <name>CsmPwlFile</name>
         <uninitialized>true</uninitialized>
         <run_address>0x3f7ff8</run_address>
         <size>0x8</size>
         <input_file_ref idref="fl-9"/>
      </object_component>
      <object_component id="oc-6c">
         <name>wddisable</name>
         <load_address>0x3f1f34</load_address>
         <run_address>0x3f1f34</run_address>
         <size>0x8</size>
         <input_file_ref idref="fl-4"/>
      </object_component>
      <object_component id="oc-61">
         <name>copysections</name>
         <load_address>0x3f1eef</load_address>
         <run_address>0x3f1eef</run_address>
         <size>0x45</size>
         <input_file_ref idref="fl-2"/>
      </object_component>
      <object_component id="oc-6b">
         <name>codestart</name>
         <load_address>0x3f7ff6</load_address>
         <run_address>0x3f7ff6</run_address>
         <size>0x2</size>
         <input_file_ref idref="fl-4"/>
      </object_component>
      <object_component id="oc-9b">
         <name>ramfuncs</name>
         <load_address>0x3f1f3c</load_address>
         <run_address>0xf51f</run_address>
         <size>0x4</size>
         <input_file_ref idref="fl-f"/>
      </object_component>
      <object_component id="oc-c0">
         <name>.cinit</name>
         <load_address>0x3f0000</load_address>
         <run_address>0x50</run_address>
         <size>0x2d8</size>
         <input_file_ref idref="fl-14"/>
      </object_component>
      <object_component id="oc-107">
         <name>.cinit</name>
         <load_address>0x3f02d8</load_address>
         <run_address>0x328</run_address>
         <size>0x59</size>
         <input_file_ref idref="fl-30"/>
      </object_component>
      <object_component id="oc-c9">
         <name>.cinit</name>
         <load_address>0x3f0331</load_address>
         <run_address>0x381</run_address>
         <size>0xc</size>
         <input_file_ref idref="fl-15"/>
      </object_component>
      <object_component id="oc-f1">
         <name>.cinit</name>
         <load_address>0x3f033d</load_address>
         <run_address>0x38d</run_address>
         <size>0xa</size>
         <input_file_ref idref="fl-28"/>
      </object_component>
      <object_component id="oc-12e">
         <name>.cinit:__lock</name>
         <load_address>0x3f0347</load_address>
         <run_address>0x397</run_address>
         <size>0x5</size>
         <input_file_ref idref="fl-30"/>
      </object_component>
      <object_component id="oc-13a">
         <name>.cinit:__unlock</name>
         <load_address>0x3f034c</load_address>
         <run_address>0x39c</run_address>
         <size>0x5</size>
         <input_file_ref idref="fl-30"/>
      </object_component>
      <object_component id="oc-8c">
         <name>.econst</name>
         <load_address>0x3e8000</load_address>
         <run_address>0xb1aa</run_address>
         <size>0x100</size>
         <input_file_ref idref="fl-c"/>
      </object_component>
      <object_component id="oc-77">
         <name>.text:retain</name>
         <load_address>0x3f09d0</load_address>
         <run_address>0xe000</run_address>
         <size>0x3f6</size>
         <input_file_ref idref="fl-7"/>
      </object_component>
      <object_component id="oc-138">
         <name>.text</name>
         <load_address>0x3f0dc6</load_address>
         <run_address>0xe3f6</run_address>
         <size>0x388</size>
         <input_file_ref idref="fl-16"/>
      </object_component>
      <object_component id="oc-12b">
         <name>.text</name>
         <load_address>0x3f114e</load_address>
         <run_address>0xe77e</run_address>
         <size>0x1e4</size>
         <input_file_ref idref="fl-12"/>
      </object_component>
      <object_component id="oc-133">
         <name>.text</name>
         <load_address>0x3f1332</load_address>
         <run_address>0xe962</run_address>
         <size>0x1e2</size>
         <input_file_ref idref="fl-3"/>
      </object_component>
      <object_component id="oc-132">
         <name>.text</name>
         <load_address>0x3f1514</load_address>
         <run_address>0xeb44</run_address>
         <size>0x18e</size>
         <input_file_ref idref="fl-e"/>
      </object_component>
      <object_component id="oc-12c">
         <name>.text</name>
         <load_address>0x3f16a2</load_address>
         <run_address>0xecd2</run_address>
         <size>0x14e</size>
         <input_file_ref idref="fl-14"/>
      </object_component>
      <object_component id="oc-a7">
         <name>.text:retain</name>
         <load_address>0x3f17f0</load_address>
         <run_address>0xee20</run_address>
         <size>0x143</size>
         <input_file_ref idref="fl-11"/>
      </object_component>
      <object_component id="oc-134">
         <name>.text</name>
         <load_address>0x3f1933</load_address>
         <run_address>0xef63</run_address>
         <size>0x105</size>
         <input_file_ref idref="fl-8"/>
      </object_component>
      <object_component id="oc-cb">
         <name>.text:retain</name>
         <load_address>0x3f1a38</load_address>
         <run_address>0xf068</run_address>
         <size>0xc9</size>
         <input_file_ref idref="fl-15"/>
      </object_component>
      <object_component id="oc-12a">
         <name>.text</name>
         <load_address>0x3f1b01</load_address>
         <run_address>0xf131</run_address>
         <size>0xc7</size>
         <input_file_ref idref="fl-11"/>
      </object_component>
      <object_component id="oc-f7">
         <name>.text</name>
         <load_address>0x3f1bc8</load_address>
         <run_address>0xf1f8</run_address>
         <size>0x88</size>
         <input_file_ref idref="fl-29"/>
      </object_component>
      <object_component id="oc-ae">
         <name>.text:retain</name>
         <load_address>0x3f1c50</load_address>
         <run_address>0xf280</run_address>
         <size>0x67</size>
         <input_file_ref idref="fl-12"/>
      </object_component>
      <object_component id="oc-13b">
         <name>.text</name>
         <load_address>0x3f1cb7</load_address>
         <run_address>0xf2e7</run_address>
         <size>0x58</size>
         <input_file_ref idref="fl-5"/>
      </object_component>
      <object_component id="oc-137">
         <name>.text</name>
         <load_address>0x3f1d0f</load_address>
         <run_address>0xf33f</run_address>
         <size>0x57</size>
         <input_file_ref idref="fl-15"/>
      </object_component>
      <object_component id="oc-60">
         <name>.text</name>
         <load_address>0x3f1d66</load_address>
         <run_address>0xf396</run_address>
         <size>0x46</size>
         <input_file_ref idref="fl-27"/>
      </object_component>
      <object_component id="oc-130">
         <name>.text</name>
         <load_address>0x3f1dac</load_address>
         <run_address>0xf3dc</run_address>
         <size>0x39</size>
         <input_file_ref idref="fl-d"/>
      </object_component>
      <object_component id="oc-a0">
         <name>.text</name>
         <load_address>0x3f1de5</load_address>
         <run_address>0xf415</run_address>
         <size>0x37</size>
         <input_file_ref idref="fl-10"/>
      </object_component>
      <object_component id="oc-135">
         <name>.text</name>
         <load_address>0x3f1e1c</load_address>
         <run_address>0xf44c</run_address>
         <size>0x28</size>
         <input_file_ref idref="fl-b"/>
      </object_component>
      <object_component id="oc-131">
         <name>.text</name>
         <load_address>0x3f1e44</load_address>
         <run_address>0xf474</run_address>
         <size>0x24</size>
         <input_file_ref idref="fl-2c"/>
      </object_component>
      <object_component id="oc-fc">
         <name>.text</name>
         <load_address>0x3f1e68</load_address>
         <run_address>0xf498</run_address>
         <size>0x22</size>
         <input_file_ref idref="fl-2a"/>
      </object_component>
      <object_component id="oc-12f">
         <name>.text</name>
         <load_address>0x3f1e8a</load_address>
         <run_address>0xf4ba</run_address>
         <size>0x1e</size>
         <input_file_ref idref="fl-2b"/>
      </object_component>
      <object_component id="oc-128">
         <name>.text</name>
         <load_address>0x3f1ea8</load_address>
         <run_address>0xf4d8</run_address>
         <size>0x19</size>
         <input_file_ref idref="fl-2e"/>
      </object_component>
      <object_component id="oc-129">
         <name>.text</name>
         <load_address>0x3f1ec1</load_address>
         <run_address>0xf4f1</run_address>
         <size>0x19</size>
         <input_file_ref idref="fl-28"/>
      </object_component>
      <object_component id="oc-136">
         <name>.text</name>
         <load_address>0x3f1eda</load_address>
         <run_address>0xf50a</run_address>
         <size>0x11</size>
         <input_file_ref idref="fl-c"/>
      </object_component>
      <object_component id="oc-71">
         <name>.text</name>
         <load_address>0x3f1eeb</load_address>
         <run_address>0xf51b</run_address>
         <size>0x3</size>
         <input_file_ref idref="fl-6"/>
      </object_component>
      <object_component id="oc-139">
         <name>.text</name>
         <load_address>0x3f1eee</load_address>
         <run_address>0xf51e</run_address>
         <size>0x1</size>
         <input_file_ref idref="fl-2d"/>
      </object_component>
      <object_component id="oc-eb">
         <name>.reset</name>
         <load_address>0x3fffc0</load_address>
         <run_address>0x3fffc0</run_address>
         <size>0x2</size>
         <input_file_ref idref="fl-27"/>
      </object_component>
      <object_component id="oc-ea">
         <name>.stack</name>
         <uninitialized>true</uninitialized>
         <run_address>0xadaa</run_address>
         <size>0x0</size>
         <input_file_ref idref="fl-27"/>
      </object_component>
      <object_component id="oc-1a0">
         <name>.stack</name>
         <uninitialized>true</uninitialized>
         <run_address>0xadaa</run_address>
         <size>0x0</size>
      </object_component>
      <object_component id="oc-a6">
         <name>.ebss</name>
         <uninitialized>true</uninitialized>
         <run_address>0xad98</run_address>
         <size>0x5</size>
         <input_file_ref idref="fl-11"/>
      </object_component>
      <object_component id="oc-ad">
         <name>.ebss</name>
         <uninitialized>true</uninitialized>
         <run_address>0xad9d</run_address>
         <size>0x1</size>
         <input_file_ref idref="fl-12"/>
      </object_component>
      <object_component id="oc-c1">
         <name>.ebss</name>
         <uninitialized>true</uninitialized>
         <run_address>0xa000</run_address>
         <size>0x940</size>
         <input_file_ref idref="fl-14"/>
      </object_component>
      <object_component id="oc-ca">
         <name>.ebss</name>
         <uninitialized>true</uninitialized>
         <run_address>0xada2</run_address>
         <size>0x3</size>
         <input_file_ref idref="fl-15"/>
      </object_component>
      <object_component id="oc-f2">
         <name>.ebss</name>
         <uninitialized>true</uninitialized>
         <run_address>0xad9e</run_address>
         <size>0x4</size>
         <input_file_ref idref="fl-28"/>
      </object_component>
      <object_component id="oc-108">
         <name>.ebss</name>
         <uninitialized>true</uninitialized>
         <run_address>0xa940</run_address>
         <size>0x440</size>
         <input_file_ref idref="fl-16"/>
      </object_component>
      <object_component id="oc-109">
         <name>.ebss</name>
         <uninitialized>true</uninitialized>
         <run_address>0xada5</run_address>
         <size>0x1</size>
         <input_file_ref idref="fl-2f"/>
      </object_component>
      <object_component id="oc-12d">
         <name>.ebss:__lock</name>
         <uninitialized>true</uninitialized>
         <run_address>0xada6</run_address>
         <size>0x2</size>
         <input_file_ref idref="fl-2d"/>
      </object_component>
      <object_component id="oc-13c">
         <name>.ebss:__unlock</name>
         <uninitialized>true</uninitialized>
         <run_address>0xada8</run_address>
         <size>0x2</size>
         <input_file_ref idref="fl-2d"/>
      </object_component>
      <object_component id="oc-10c">
         <name>.ebss</name>
         <uninitialized>true</uninitialized>
         <run_address>0xad80</run_address>
         <size>0x18</size>
         <input_file_ref idref="fl-5"/>
      </object_component>
      <object_component id="oc-b6">
         <name>.scratchpad:Cla1Prog:_Cla1Task3</name>
         <uninitialized>true</uninitialized>
         <run_address>0x8ac6</run_address>
         <size>0x1c</size>
         <input_file_ref idref="fl-13"/>
      </object_component>
      <object_component id="oc-b8">
         <name>.scratchpad:Cla1Prog:_Cla1Task2</name>
         <uninitialized>true</uninitialized>
         <run_address>0x8ac6</run_address>
         <size>0x16</size>
         <input_file_ref idref="fl-13"/>
      </object_component>
      <object_component id="oc-ba">
         <name>.scratchpad:Cla1Prog:_Cla1Task1</name>
         <uninitialized>true</uninitialized>
         <run_address>0x8ac6</run_address>
         <size>0x12</size>
         <input_file_ref idref="fl-13"/>
      </object_component>
      <object_component id="oc-b4">
         <name>.bss_cla</name>
         <uninitialized>true</uninitialized>
         <run_address>0x8800</run_address>
         <size>0x1ba</size>
         <input_file_ref idref="fl-13"/>
      </object_component>
      <object_component id="oc-b5">
         <name>Cla1Prog:_Cla1Task3</name>
         <load_address>0x3f0354</load_address>
         <run_address>0x9000</run_address>
         <size>0x246</size>
         <input_file_ref idref="fl-13"/>
      </object_component>
      <object_component id="oc-b9">
         <name>Cla1Prog:_Cla1Task1</name>
         <load_address>0x3f059a</load_address>
         <run_address>0x9246</run_address>
         <size>0x1ce</size>
         <input_file_ref idref="fl-13"/>
      </object_component>
      <object_component id="oc-b7">
         <name>Cla1Prog:_Cla1Task2</name>
         <load_address>0x3f0768</load_address>
         <run_address>0x9414</run_address>
         <size>0x16a</size>
         <input_file_ref idref="fl-13"/>
      </object_component>
      <object_component id="oc-d7">
         <name>Cla1Prog</name>
         <load_address>0x3f08d2</load_address>
         <run_address>0x957e</run_address>
         <size>0x5c</size>
         <input_file_ref idref="fl-19"/>
      </object_component>
      <object_component id="oc-d1">
         <name>Cla1Prog</name>
         <load_address>0x3f092e</load_address>
         <run_address>0x95da</run_address>
         <size>0x3e</size>
         <input_file_ref idref="fl-18"/>
      </object_component>
      <object_component id="oc-de">
         <name>Cla1Prog</name>
         <load_address>0x3f096c</load_address>
         <run_address>0x9618</run_address>
         <size>0x3e</size>
         <input_file_ref idref="fl-1b"/>
      </object_component>
      <object_component id="oc-e4">
         <name>Cla1Prog</name>
         <load_address>0x3f09aa</load_address>
         <run_address>0x9656</run_address>
         <size>0x26</size>
         <input_file_ref idref="fl-1c"/>
      </object_component>
      <object_component id="oc-c3">
         <name>Cla1ToCpuMsgRAM</name>
         <uninitialized>true</uninitialized>
         <run_address>0x1480</run_address>
         <size>0x2</size>
         <input_file_ref idref="fl-14"/>
      </object_component>
      <object_component id="oc-c2">
         <name>CpuToCla1MsgRAM</name>
         <uninitialized>true</uninitialized>
         <run_address>0x1500</run_address>
         <size>0x30</size>
         <input_file_ref idref="fl-14"/>
      </object_component>
      <object_component id="oc-d0">
         <name>CLA1mathTables</name>
         <load_address>0x3ee000</load_address>
         <run_address>0x8c00</run_address>
         <size>0x156</size>
         <input_file_ref idref="fl-17"/>
      </object_component>
      <object_component id="oc-dd">
         <name>CLA1mathTables</name>
         <load_address>0x3ee156</load_address>
         <run_address>0x8d56</run_address>
         <size>0xc2</size>
         <input_file_ref idref="fl-1a"/>
      </object_component>
      <object_component id="oc-d2">
         <name>CLAscratch</name>
         <uninitialized>true</uninitialized>
         <run_address>0x89c2</run_address>
         <size>0x2</size>
         <input_file_ref idref="fl-18"/>
      </object_component>
      <object_component id="oc-d8">
         <name>CLAscratch</name>
         <uninitialized>true</uninitialized>
         <run_address>0x89ba</run_address>
         <size>0x4</size>
         <input_file_ref idref="fl-19"/>
      </object_component>
      <object_component id="oc-df">
         <name>CLAscratch</name>
         <uninitialized>true</uninitialized>
         <run_address>0x89c4</run_address>
         <size>0x2</size>
         <input_file_ref idref="fl-1b"/>
      </object_component>
      <object_component id="oc-e5">
         <name>CLAscratch</name>
         <uninitialized>true</uninitialized>
         <run_address>0x89be</run_address>
         <size>0x4</size>
         <input_file_ref idref="fl-1c"/>
      </object_component>
      <object_component id="oc-62">
         <name>.debug_info</name>
         <load_address>0x0</load_address>
         <run_address>0x0</run_address>
         <size>0x166</size>
         <input_file_ref idref="fl-2"/>
      </object_component>
      <object_component id="oc-66">
         <name>.debug_info</name>
         <load_address>0x166</load_address>
         <run_address>0x166</run_address>
         <size>0x4c34</size>
         <input_file_ref idref="fl-3"/>
      </object_component>
      <object_component id="oc-6d">
         <name>.debug_info</name>
         <load_address>0x4d9a</load_address>
         <run_address>0x4d9a</run_address>
         <size>0x13c</size>
         <input_file_ref idref="fl-4"/>
      </object_component>
      <object_component id="oc-72">
         <name>.debug_info</name>
         <load_address>0x4ed6</load_address>
         <run_address>0x4ed6</run_address>
         <size>0xfb</size>
         <input_file_ref idref="fl-6"/>
      </object_component>
      <object_component id="oc-76">
         <name>.debug_info</name>
         <load_address>0x4fd1</load_address>
         <run_address>0x4fd1</run_address>
         <size>0x2ae5</size>
         <input_file_ref idref="fl-7"/>
      </object_component>
      <object_component id="oc-7c">
         <name>.debug_info</name>
         <load_address>0x7ab6</load_address>
         <run_address>0x7ab6</run_address>
         <size>0x1e61</size>
         <input_file_ref idref="fl-8"/>
      </object_component>
      <object_component id="oc-81">
         <name>.debug_info</name>
         <load_address>0x9917</load_address>
         <run_address>0x9917</run_address>
         <size>0x18a4</size>
         <input_file_ref idref="fl-a"/>
      </object_component>
      <object_component id="oc-86">
         <name>.debug_info</name>
         <load_address>0xb1bb</load_address>
         <run_address>0xb1bb</run_address>
         <size>0xb74</size>
         <input_file_ref idref="fl-b"/>
      </object_component>
      <object_component id="oc-8b">
         <name>.debug_info</name>
         <load_address>0xbd2f</load_address>
         <run_address>0xbd2f</run_address>
         <size>0x2491</size>
         <input_file_ref idref="fl-c"/>
      </object_component>
      <object_component id="oc-91">
         <name>.debug_info</name>
         <load_address>0xe1c0</load_address>
         <run_address>0xe1c0</run_address>
         <size>0x1a63</size>
         <input_file_ref idref="fl-d"/>
      </object_component>
      <object_component id="oc-96">
         <name>.debug_info</name>
         <load_address>0xfc23</load_address>
         <run_address>0xfc23</run_address>
         <size>0x298e</size>
         <input_file_ref idref="fl-e"/>
      </object_component>
      <object_component id="oc-9c">
         <name>.debug_info</name>
         <load_address>0x125b1</load_address>
         <run_address>0x125b1</run_address>
         <size>0xfd</size>
         <input_file_ref idref="fl-f"/>
      </object_component>
      <object_component id="oc-a1">
         <name>.debug_info</name>
         <load_address>0x126ae</load_address>
         <run_address>0x126ae</run_address>
         <size>0xf6</size>
         <input_file_ref idref="fl-10"/>
      </object_component>
      <object_component id="oc-a5">
         <name>.debug_info</name>
         <load_address>0x127a4</load_address>
         <run_address>0x127a4</run_address>
         <size>0x4b04</size>
         <input_file_ref idref="fl-11"/>
      </object_component>
      <object_component id="oc-ac">
         <name>.debug_info</name>
         <load_address>0x172a8</load_address>
         <run_address>0x172a8</run_address>
         <size>0x357e</size>
         <input_file_ref idref="fl-12"/>
      </object_component>
      <object_component id="oc-b3">
         <name>.debug_info</name>
         <load_address>0x1a826</load_address>
         <run_address>0x1a826</run_address>
         <size>0x5b4</size>
         <input_file_ref idref="fl-13"/>
      </object_component>
      <object_component id="oc-bf">
         <name>.debug_info</name>
         <load_address>0x1adda</load_address>
         <run_address>0x1adda</run_address>
         <size>0x720e</size>
         <input_file_ref idref="fl-14"/>
      </object_component>
      <object_component id="oc-c8">
         <name>.debug_info</name>
         <load_address>0x21fe8</load_address>
         <run_address>0x21fe8</run_address>
         <size>0x55a1</size>
         <input_file_ref idref="fl-15"/>
      </object_component>
      <object_component id="oc-d3">
         <name>.debug_info</name>
         <load_address>0x27589</load_address>
         <run_address>0x27589</run_address>
         <size>0xf9</size>
         <input_file_ref idref="fl-18"/>
      </object_component>
      <object_component id="oc-d9">
         <name>.debug_info</name>
         <load_address>0x27682</load_address>
         <run_address>0x27682</run_address>
         <size>0xfc</size>
         <input_file_ref idref="fl-19"/>
      </object_component>
      <object_component id="oc-e0">
         <name>.debug_info</name>
         <load_address>0x2777e</load_address>
         <run_address>0x2777e</run_address>
         <size>0xf8</size>
         <input_file_ref idref="fl-1b"/>
      </object_component>
      <object_component id="oc-e6">
         <name>.debug_info</name>
         <load_address>0x27876</load_address>
         <run_address>0x27876</run_address>
         <size>0xf9</size>
         <input_file_ref idref="fl-1c"/>
      </object_component>
      <object_component id="oc-ec">
         <name>.debug_info</name>
         <load_address>0x2796f</load_address>
         <run_address>0x2796f</run_address>
         <size>0x10f</size>
         <input_file_ref idref="fl-27"/>
      </object_component>
      <object_component id="oc-f0">
         <name>.debug_info</name>
         <load_address>0x27a7e</load_address>
         <run_address>0x27a7e</run_address>
         <size>0x4b8</size>
         <input_file_ref idref="fl-28"/>
      </object_component>
      <object_component id="oc-f8">
         <name>.debug_info</name>
         <load_address>0x27f36</load_address>
         <run_address>0x27f36</run_address>
         <size>0xf1</size>
         <input_file_ref idref="fl-29"/>
      </object_component>
      <object_component id="oc-fd">
         <name>.debug_info</name>
         <load_address>0x28027</load_address>
         <run_address>0x28027</run_address>
         <size>0x11e</size>
         <input_file_ref idref="fl-2a"/>
      </object_component>
      <object_component id="oc-101">
         <name>.debug_info</name>
         <load_address>0x28145</load_address>
         <run_address>0x28145</run_address>
         <size>0x4af</size>
         <input_file_ref idref="fl-2e"/>
      </object_component>
      <object_component id="oc-106">
         <name>.debug_info</name>
         <load_address>0x285f4</load_address>
         <run_address>0x285f4</run_address>
         <size>0xa9cf</size>
         <input_file_ref idref="fl-30"/>
      </object_component>
      <object_component id="oc-1a1">
         <name>.debug_info</name>
         <load_address>0x32fc3</load_address>
         <run_address>0x32fc3</run_address>
         <size>0xb3</size>
      </object_component>
      <object_component id="oc-63">
         <name>.debug_line</name>
         <load_address>0x0</load_address>
         <run_address>0x0</run_address>
         <size>0x82</size>
         <input_file_ref idref="fl-2"/>
      </object_component>
      <object_component id="oc-68">
         <name>.debug_line</name>
         <load_address>0x82</load_address>
         <run_address>0x82</run_address>
         <size>0x222</size>
         <input_file_ref idref="fl-3"/>
      </object_component>
      <object_component id="oc-6e">
         <name>.debug_line</name>
         <load_address>0x2a4</load_address>
         <run_address>0x2a4</run_address>
         <size>0x69</size>
         <input_file_ref idref="fl-4"/>
      </object_component>
      <object_component id="oc-73">
         <name>.debug_line</name>
         <load_address>0x30d</load_address>
         <run_address>0x30d</run_address>
         <size>0x4f</size>
         <input_file_ref idref="fl-6"/>
      </object_component>
      <object_component id="oc-79">
         <name>.debug_line</name>
         <load_address>0x35c</load_address>
         <run_address>0x35c</run_address>
         <size>0x822</size>
         <input_file_ref idref="fl-7"/>
      </object_component>
      <object_component id="oc-7e">
         <name>.debug_line</name>
         <load_address>0xb7e</load_address>
         <run_address>0xb7e</run_address>
         <size>0x178</size>
         <input_file_ref idref="fl-8"/>
      </object_component>
      <object_component id="oc-83">
         <name>.debug_line</name>
         <load_address>0xcf6</load_address>
         <run_address>0xcf6</run_address>
         <size>0x3b</size>
         <input_file_ref idref="fl-a"/>
      </object_component>
      <object_component id="oc-88">
         <name>.debug_line</name>
         <load_address>0xd31</load_address>
         <run_address>0xd31</run_address>
         <size>0x84</size>
         <input_file_ref idref="fl-b"/>
      </object_component>
      <object_component id="oc-8e">
         <name>.debug_line</name>
         <load_address>0xdb5</load_address>
         <run_address>0xdb5</run_address>
         <size>0x5e</size>
         <input_file_ref idref="fl-c"/>
      </object_component>
      <object_component id="oc-93">
         <name>.debug_line</name>
         <load_address>0xe13</load_address>
         <run_address>0xe13</run_address>
         <size>0x99</size>
         <input_file_ref idref="fl-d"/>
      </object_component>
      <object_component id="oc-98">
         <name>.debug_line</name>
         <load_address>0xeac</load_address>
         <run_address>0xeac</run_address>
         <size>0x1f9</size>
         <input_file_ref idref="fl-e"/>
      </object_component>
      <object_component id="oc-9d">
         <name>.debug_line</name>
         <load_address>0x10a5</load_address>
         <run_address>0x10a5</run_address>
         <size>0x50</size>
         <input_file_ref idref="fl-f"/>
      </object_component>
      <object_component id="oc-a2">
         <name>.debug_line</name>
         <load_address>0x10f5</load_address>
         <run_address>0x10f5</run_address>
         <size>0x74</size>
         <input_file_ref idref="fl-10"/>
      </object_component>
      <object_component id="oc-a9">
         <name>.debug_line</name>
         <load_address>0x1169</load_address>
         <run_address>0x1169</run_address>
         <size>0x152</size>
         <input_file_ref idref="fl-11"/>
      </object_component>
      <object_component id="oc-b0">
         <name>.debug_line</name>
         <load_address>0x12bb</load_address>
         <run_address>0x12bb</run_address>
         <size>0x231</size>
         <input_file_ref idref="fl-12"/>
      </object_component>
      <object_component id="oc-bc">
         <name>.debug_line</name>
         <load_address>0x14ec</load_address>
         <run_address>0x14ec</run_address>
         <size>0x121</size>
         <input_file_ref idref="fl-13"/>
      </object_component>
      <object_component id="oc-c5">
         <name>.debug_line</name>
         <load_address>0x160d</load_address>
         <run_address>0x160d</run_address>
         <size>0x14d</size>
         <input_file_ref idref="fl-14"/>
      </object_component>
      <object_component id="oc-cd">
         <name>.debug_line</name>
         <load_address>0x175a</load_address>
         <run_address>0x175a</run_address>
         <size>0xef</size>
         <input_file_ref idref="fl-15"/>
      </object_component>
      <object_component id="oc-d4">
         <name>.debug_line</name>
         <load_address>0x1849</load_address>
         <run_address>0x1849</run_address>
         <size>0x68</size>
         <input_file_ref idref="fl-18"/>
      </object_component>
      <object_component id="oc-da">
         <name>.debug_line</name>
         <load_address>0x18b1</load_address>
         <run_address>0x18b1</run_address>
         <size>0x79</size>
         <input_file_ref idref="fl-19"/>
      </object_component>
      <object_component id="oc-e1">
         <name>.debug_line</name>
         <load_address>0x192a</load_address>
         <run_address>0x192a</run_address>
         <size>0x68</size>
         <input_file_ref idref="fl-1b"/>
      </object_component>
      <object_component id="oc-e7">
         <name>.debug_line</name>
         <load_address>0x1992</load_address>
         <run_address>0x1992</run_address>
         <size>0x5d</size>
         <input_file_ref idref="fl-1c"/>
      </object_component>
      <object_component id="oc-ed">
         <name>.debug_line</name>
         <load_address>0x19ef</load_address>
         <run_address>0x19ef</run_address>
         <size>0x74</size>
         <input_file_ref idref="fl-27"/>
      </object_component>
      <object_component id="oc-f4">
         <name>.debug_line</name>
         <load_address>0x1a63</load_address>
         <run_address>0x1a63</run_address>
         <size>0x65</size>
         <input_file_ref idref="fl-28"/>
      </object_component>
      <object_component id="oc-f9">
         <name>.debug_line</name>
         <load_address>0x1ac8</load_address>
         <run_address>0x1ac8</run_address>
         <size>0xad</size>
         <input_file_ref idref="fl-29"/>
      </object_component>
      <object_component id="oc-fe">
         <name>.debug_line</name>
         <load_address>0x1b75</load_address>
         <run_address>0x1b75</run_address>
         <size>0x69</size>
         <input_file_ref idref="fl-2a"/>
      </object_component>
      <object_component id="oc-103">
         <name>.debug_line</name>
         <load_address>0x1bde</load_address>
         <run_address>0x1bde</run_address>
         <size>0x59</size>
         <input_file_ref idref="fl-2e"/>
      </object_component>
      <object_component id="oc-125">
         <name>.debug_line</name>
         <load_address>0x1c37</load_address>
         <run_address>0x1c37</run_address>
         <size>0x304</size>
         <input_file_ref idref="fl-30"/>
      </object_component>
      <object_component id="oc-64">
         <name>.debug_abbrev</name>
         <load_address>0x0</load_address>
         <run_address>0x0</run_address>
         <size>0x3d</size>
         <input_file_ref idref="fl-2"/>
      </object_component>
      <object_component id="oc-69">
         <name>.debug_abbrev</name>
         <load_address>0x3d</load_address>
         <run_address>0x3d</run_address>
         <size>0x155</size>
         <input_file_ref idref="fl-3"/>
      </object_component>
      <object_component id="oc-6f">
         <name>.debug_abbrev</name>
         <load_address>0x192</load_address>
         <run_address>0x192</run_address>
         <size>0x21</size>
         <input_file_ref idref="fl-4"/>
      </object_component>
      <object_component id="oc-74">
         <name>.debug_abbrev</name>
         <load_address>0x1b3</load_address>
         <run_address>0x1b3</run_address>
         <size>0x2f</size>
         <input_file_ref idref="fl-6"/>
      </object_component>
      <object_component id="oc-7a">
         <name>.debug_abbrev</name>
         <load_address>0x1e2</load_address>
         <run_address>0x1e2</run_address>
         <size>0xde</size>
         <input_file_ref idref="fl-7"/>
      </object_component>
      <object_component id="oc-7f">
         <name>.debug_abbrev</name>
         <load_address>0x2c0</load_address>
         <run_address>0x2c0</run_address>
         <size>0x138</size>
         <input_file_ref idref="fl-8"/>
      </object_component>
      <object_component id="oc-84">
         <name>.debug_abbrev</name>
         <load_address>0x3f8</load_address>
         <run_address>0x3f8</run_address>
         <size>0xdc</size>
         <input_file_ref idref="fl-a"/>
      </object_component>
      <object_component id="oc-89">
         <name>.debug_abbrev</name>
         <load_address>0x4d4</load_address>
         <run_address>0x4d4</run_address>
         <size>0xc8</size>
         <input_file_ref idref="fl-b"/>
      </object_component>
      <object_component id="oc-8f">
         <name>.debug_abbrev</name>
         <load_address>0x59c</load_address>
         <run_address>0x59c</run_address>
         <size>0x116</size>
         <input_file_ref idref="fl-c"/>
      </object_component>
      <object_component id="oc-94">
         <name>.debug_abbrev</name>
         <load_address>0x6b2</load_address>
         <run_address>0x6b2</run_address>
         <size>0xea</size>
         <input_file_ref idref="fl-d"/>
      </object_component>
      <object_component id="oc-99">
         <name>.debug_abbrev</name>
         <load_address>0x79c</load_address>
         <run_address>0x79c</run_address>
         <size>0x1aa</size>
         <input_file_ref idref="fl-e"/>
      </object_component>
      <object_component id="oc-9e">
         <name>.debug_abbrev</name>
         <load_address>0x946</load_address>
         <run_address>0x946</run_address>
         <size>0x2f</size>
         <input_file_ref idref="fl-f"/>
      </object_component>
      <object_component id="oc-a3">
         <name>.debug_abbrev</name>
         <load_address>0x975</load_address>
         <run_address>0x975</run_address>
         <size>0x2f</size>
         <input_file_ref idref="fl-10"/>
      </object_component>
      <object_component id="oc-aa">
         <name>.debug_abbrev</name>
         <load_address>0x9a4</load_address>
         <run_address>0x9a4</run_address>
         <size>0x189</size>
         <input_file_ref idref="fl-11"/>
      </object_component>
      <object_component id="oc-b1">
         <name>.debug_abbrev</name>
         <load_address>0xb2d</load_address>
         <run_address>0xb2d</run_address>
         <size>0x14d</size>
         <input_file_ref idref="fl-12"/>
      </object_component>
      <object_component id="oc-bd">
         <name>.debug_abbrev</name>
         <load_address>0xc7a</load_address>
         <run_address>0xc7a</run_address>
         <size>0xc1</size>
         <input_file_ref idref="fl-13"/>
      </object_component>
      <object_component id="oc-c6">
         <name>.debug_abbrev</name>
         <load_address>0xd3b</load_address>
         <run_address>0xd3b</run_address>
         <size>0x196</size>
         <input_file_ref idref="fl-14"/>
      </object_component>
      <object_component id="oc-ce">
         <name>.debug_abbrev</name>
         <load_address>0xed1</load_address>
         <run_address>0xed1</run_address>
         <size>0x199</size>
         <input_file_ref idref="fl-15"/>
      </object_component>
      <object_component id="oc-d5">
         <name>.debug_abbrev</name>
         <load_address>0x106a</load_address>
         <run_address>0x106a</run_address>
         <size>0x21</size>
         <input_file_ref idref="fl-18"/>
      </object_component>
      <object_component id="oc-db">
         <name>.debug_abbrev</name>
         <load_address>0x108b</load_address>
         <run_address>0x108b</run_address>
         <size>0x21</size>
         <input_file_ref idref="fl-19"/>
      </object_component>
      <object_component id="oc-e2">
         <name>.debug_abbrev</name>
         <load_address>0x10ac</load_address>
         <run_address>0x10ac</run_address>
         <size>0x21</size>
         <input_file_ref idref="fl-1b"/>
      </object_component>
      <object_component id="oc-e8">
         <name>.debug_abbrev</name>
         <load_address>0x10cd</load_address>
         <run_address>0x10cd</run_address>
         <size>0x21</size>
         <input_file_ref idref="fl-1c"/>
      </object_component>
      <object_component id="oc-ee">
         <name>.debug_abbrev</name>
         <load_address>0x10ee</load_address>
         <run_address>0x10ee</run_address>
         <size>0x46</size>
         <input_file_ref idref="fl-27"/>
      </object_component>
      <object_component id="oc-f5">
         <name>.debug_abbrev</name>
         <load_address>0x1134</load_address>
         <run_address>0x1134</run_address>
         <size>0x117</size>
         <input_file_ref idref="fl-28"/>
      </object_component>
      <object_component id="oc-fa">
         <name>.debug_abbrev</name>
         <load_address>0x124b</load_address>
         <run_address>0x124b</run_address>
         <size>0x38</size>
         <input_file_ref idref="fl-29"/>
      </object_component>
      <object_component id="oc-ff">
         <name>.debug_abbrev</name>
         <load_address>0x1283</load_address>
         <run_address>0x1283</run_address>
         <size>0x38</size>
         <input_file_ref idref="fl-2a"/>
      </object_component>
      <object_component id="oc-104">
         <name>.debug_abbrev</name>
         <load_address>0x12bb</load_address>
         <run_address>0x12bb</run_address>
         <size>0xfe</size>
         <input_file_ref idref="fl-2e"/>
      </object_component>
      <object_component id="oc-126">
         <name>.debug_abbrev</name>
         <load_address>0x13b9</load_address>
         <run_address>0x13b9</run_address>
         <size>0x16e</size>
         <input_file_ref idref="fl-30"/>
      </object_component>
      <object_component id="oc-1a2">
         <name>.debug_abbrev</name>
         <load_address>0x1527</load_address>
         <run_address>0x1527</run_address>
         <size>0xf</size>
      </object_component>
      <object_component id="oc-65">
         <name>.debug_aranges</name>
         <load_address>0x0</load_address>
         <run_address>0x0</run_address>
         <size>0x20</size>
         <input_file_ref idref="fl-2"/>
      </object_component>
      <object_component id="oc-6a">
         <name>.debug_aranges</name>
         <load_address>0x20</load_address>
         <run_address>0x20</run_address>
         <size>0x40</size>
         <input_file_ref idref="fl-3"/>
      </object_component>
      <object_component id="oc-70">
         <name>.debug_aranges</name>
         <load_address>0x60</load_address>
         <run_address>0x60</run_address>
         <size>0x28</size>
         <input_file_ref idref="fl-4"/>
      </object_component>
      <object_component id="oc-75">
         <name>.debug_aranges</name>
         <load_address>0x88</load_address>
         <run_address>0x88</run_address>
         <size>0x20</size>
         <input_file_ref idref="fl-6"/>
      </object_component>
      <object_component id="oc-7b">
         <name>.debug_aranges</name>
         <load_address>0xa8</load_address>
         <run_address>0xa8</run_address>
         <size>0x2f8</size>
         <input_file_ref idref="fl-7"/>
      </object_component>
      <object_component id="oc-80">
         <name>.debug_aranges</name>
         <load_address>0x3a0</load_address>
         <run_address>0x3a0</run_address>
         <size>0x78</size>
         <input_file_ref idref="fl-8"/>
      </object_component>
      <object_component id="oc-85">
         <name>.debug_aranges</name>
         <load_address>0x418</load_address>
         <run_address>0x418</run_address>
         <size>0x18</size>
         <input_file_ref idref="fl-a"/>
      </object_component>
      <object_component id="oc-8a">
         <name>.debug_aranges</name>
         <load_address>0x430</load_address>
         <run_address>0x430</run_address>
         <size>0x28</size>
         <input_file_ref idref="fl-b"/>
      </object_component>
      <object_component id="oc-90">
         <name>.debug_aranges</name>
         <load_address>0x458</load_address>
         <run_address>0x458</run_address>
         <size>0x20</size>
         <input_file_ref idref="fl-c"/>
      </object_component>
      <object_component id="oc-95">
         <name>.debug_aranges</name>
         <load_address>0x478</load_address>
         <run_address>0x478</run_address>
         <size>0x38</size>
         <input_file_ref idref="fl-d"/>
      </object_component>
      <object_component id="oc-9a">
         <name>.debug_aranges</name>
         <load_address>0x4b0</load_address>
         <run_address>0x4b0</run_address>
         <size>0x70</size>
         <input_file_ref idref="fl-e"/>
      </object_component>
      <object_component id="oc-9f">
         <name>.debug_aranges</name>
         <load_address>0x520</load_address>
         <run_address>0x520</run_address>
         <size>0x20</size>
         <input_file_ref idref="fl-f"/>
      </object_component>
      <object_component id="oc-a4">
         <name>.debug_aranges</name>
         <load_address>0x540</load_address>
         <run_address>0x540</run_address>
         <size>0x20</size>
         <input_file_ref idref="fl-10"/>
      </object_component>
      <object_component id="oc-ab">
         <name>.debug_aranges</name>
         <load_address>0x560</load_address>
         <run_address>0x560</run_address>
         <size>0x48</size>
         <input_file_ref idref="fl-11"/>
      </object_component>
      <object_component id="oc-b2">
         <name>.debug_aranges</name>
         <load_address>0x5a8</load_address>
         <run_address>0x5a8</run_address>
         <size>0x40</size>
         <input_file_ref idref="fl-12"/>
      </object_component>
      <object_component id="oc-be">
         <name>.debug_aranges</name>
         <load_address>0x5e8</load_address>
         <run_address>0x5e8</run_address>
         <size>0x30</size>
         <input_file_ref idref="fl-13"/>
      </object_component>
      <object_component id="oc-c7">
         <name>.debug_aranges</name>
         <load_address>0x618</load_address>
         <run_address>0x618</run_address>
         <size>0x48</size>
         <input_file_ref idref="fl-14"/>
      </object_component>
      <object_component id="oc-cf">
         <name>.debug_aranges</name>
         <load_address>0x660</load_address>
         <run_address>0x660</run_address>
         <size>0x40</size>
         <input_file_ref idref="fl-15"/>
      </object_component>
      <object_component id="oc-d6">
         <name>.debug_aranges</name>
         <load_address>0x6a0</load_address>
         <run_address>0x6a0</run_address>
         <size>0x20</size>
         <input_file_ref idref="fl-18"/>
      </object_component>
      <object_component id="oc-dc">
         <name>.debug_aranges</name>
         <load_address>0x6c0</load_address>
         <run_address>0x6c0</run_address>
         <size>0x20</size>
         <input_file_ref idref="fl-19"/>
      </object_component>
      <object_component id="oc-e3">
         <name>.debug_aranges</name>
         <load_address>0x6e0</load_address>
         <run_address>0x6e0</run_address>
         <size>0x20</size>
         <input_file_ref idref="fl-1b"/>
      </object_component>
      <object_component id="oc-e9">
         <name>.debug_aranges</name>
         <load_address>0x700</load_address>
         <run_address>0x700</run_address>
         <size>0x20</size>
         <input_file_ref idref="fl-1c"/>
      </object_component>
      <object_component id="oc-ef">
         <name>.debug_aranges</name>
         <load_address>0x720</load_address>
         <run_address>0x720</run_address>
         <size>0x20</size>
         <input_file_ref idref="fl-27"/>
      </object_component>
      <object_component id="oc-f6">
         <name>.debug_aranges</name>
         <load_address>0x740</load_address>
         <run_address>0x740</run_address>
         <size>0x28</size>
         <input_file_ref idref="fl-28"/>
      </object_component>
      <object_component id="oc-fb">
         <name>.debug_aranges</name>
         <load_address>0x768</load_address>
         <run_address>0x768</run_address>
         <size>0x20</size>
         <input_file_ref idref="fl-29"/>
      </object_component>
      <object_component id="oc-100">
         <name>.debug_aranges</name>
         <load_address>0x788</load_address>
         <run_address>0x788</run_address>
         <size>0x28</size>
         <input_file_ref idref="fl-2a"/>
      </object_component>
      <object_component id="oc-105">
         <name>.debug_aranges</name>
         <load_address>0x7b0</load_address>
         <run_address>0x7b0</run_address>
         <size>0x20</size>
         <input_file_ref idref="fl-2e"/>
      </object_component>
      <object_component id="oc-127">
         <name>.debug_aranges</name>
         <load_address>0x7d0</load_address>
         <run_address>0x7d0</run_address>
         <size>0x48</size>
         <input_file_ref idref="fl-30"/>
      </object_component>
      <object_component id="oc-67">
         <name>.debug_frame</name>
         <load_address>0x0</load_address>
         <run_address>0x0</run_address>
         <size>0x101</size>
         <input_file_ref idref="fl-3"/>
      </object_component>
      <object_component id="oc-78">
         <name>.debug_frame</name>
         <load_address>0x101</load_address>
         <run_address>0x101</run_address>
         <size>0xde4</size>
         <input_file_ref idref="fl-7"/>
      </object_component>
      <object_component id="oc-7d">
         <name>.debug_frame</name>
         <load_address>0xee5</load_address>
         <run_address>0xee5</run_address>
         <size>0x188</size>
         <input_file_ref idref="fl-8"/>
      </object_component>
      <object_component id="oc-82">
         <name>.debug_frame</name>
         <load_address>0x106d</load_address>
         <run_address>0x106d</run_address>
         <size>0x8c</size>
         <input_file_ref idref="fl-a"/>
      </object_component>
      <object_component id="oc-87">
         <name>.debug_frame</name>
         <load_address>0x10f9</load_address>
         <run_address>0x10f9</run_address>
         <size>0xb6</size>
         <input_file_ref idref="fl-b"/>
      </object_component>
      <object_component id="oc-8d">
         <name>.debug_frame</name>
         <load_address>0x11af</load_address>
         <run_address>0x11af</run_address>
         <size>0xa1</size>
         <input_file_ref idref="fl-c"/>
      </object_component>
      <object_component id="oc-92">
         <name>.debug_frame</name>
         <load_address>0x1250</load_address>
         <run_address>0x1250</run_address>
         <size>0xe0</size>
         <input_file_ref idref="fl-d"/>
      </object_component>
      <object_component id="oc-97">
         <name>.debug_frame</name>
         <load_address>0x1330</load_address>
         <run_address>0x1330</run_address>
         <size>0x17b</size>
         <input_file_ref idref="fl-e"/>
      </object_component>
      <object_component id="oc-a8">
         <name>.debug_frame</name>
         <load_address>0x14ab</load_address>
         <run_address>0x14ab</run_address>
         <size>0x1b1</size>
         <input_file_ref idref="fl-11"/>
      </object_component>
      <object_component id="oc-af">
         <name>.debug_frame</name>
         <load_address>0x165c</load_address>
         <run_address>0x165c</run_address>
         <size>0x17e</size>
         <input_file_ref idref="fl-12"/>
      </object_component>
      <object_component id="oc-bb">
         <name>.debug_frame</name>
         <load_address>0x17da</load_address>
         <run_address>0x17da</run_address>
         <size>0x56</size>
         <input_file_ref idref="fl-13"/>
      </object_component>
      <object_component id="oc-c4">
         <name>.debug_frame</name>
         <load_address>0x1830</load_address>
         <run_address>0x1830</run_address>
         <size>0x11f</size>
         <input_file_ref idref="fl-14"/>
      </object_component>
      <object_component id="oc-cc">
         <name>.debug_frame</name>
         <load_address>0x194f</load_address>
         <run_address>0x194f</run_address>
         <size>0x1ab</size>
         <input_file_ref idref="fl-15"/>
      </object_component>
      <object_component id="oc-f3">
         <name>.debug_frame</name>
         <load_address>0x1afa</load_address>
         <run_address>0x1afa</run_address>
         <size>0xbf</size>
         <input_file_ref idref="fl-28"/>
      </object_component>
      <object_component id="oc-102">
         <name>.debug_frame</name>
         <load_address>0x1bb9</load_address>
         <run_address>0x1bb9</run_address>
         <size>0xa1</size>
         <input_file_ref idref="fl-2e"/>
      </object_component>
      <object_component id="oc-124">
         <name>.debug_frame</name>
         <load_address>0x1c5a</load_address>
         <run_address>0x1c5a</run_address>
         <size>0x12a</size>
         <input_file_ref idref="fl-30"/>
      </object_component>
   </object_component_list>
   <logical_group_list>
      <logical_group id="lg-3" display="no" color="cyan">
         <name>PieVectTableFile</name>
         <run_address>0xd00</run_address>
         <size>0x100</size>
         <contents>
            <object_component_ref idref="oc-123"/>
         </contents>
      </logical_group>
      <logical_group id="lg-5" display="no" color="cyan">
         <name>EmuKeyVar</name>
         <run_address>0xd00</run_address>
         <size>0x0</size>
         <contents>
         </contents>
      </logical_group>
      <logical_group id="lg-6" display="no" color="cyan">
         <name>EmuBModeVar</name>
         <run_address>0xd00</run_address>
         <size>0x0</size>
         <contents>
         </contents>
      </logical_group>
      <logical_group id="lg-7" display="no" color="cyan">
         <name>FlashCallbackVar</name>
         <run_address>0xd00</run_address>
         <size>0x0</size>
         <contents>
         </contents>
      </logical_group>
      <logical_group id="lg-8" display="no" color="cyan">
         <name>FlashScalingVar</name>
         <run_address>0xd00</run_address>
         <size>0x0</size>
         <contents>
         </contents>
      </logical_group>
      <logical_group id="lg-4" display="no" color="cyan">
         <name>GROUP_2</name>
         <run_address>0xd00</run_address>
         <size>0x0</size>
         <contents>
            <logical_group_ref idref="lg-5"/>
            <logical_group_ref idref="lg-6"/>
            <logical_group_ref idref="lg-7"/>
            <logical_group_ref idref="lg-8"/>
         </contents>
      </logical_group>
      <overlay id="lg-2" display="no" color="cyan">
         <name>UNION_1</name>
         <run_address>0xd00</run_address>
         <size>0x100</size>
         <contents>
            <logical_group_ref idref="lg-3"/>
            <logical_group_ref idref="lg-4"/>
         </contents>
      </overlay>
      <logical_group id="lg-9" display="no" color="cyan">
         <name>DevEmuRegsFile</name>
         <run_address>0x880</run_address>
         <size>0x4</size>
         <contents>
            <object_component_ref idref="oc-10a"/>
         </contents>
      </logical_group>
      <logical_group id="lg-a" display="no" color="cyan">
         <name>SysPwrCtrlRegsFile</name>
         <run_address>0x0</run_address>
         <size>0x0</size>
         <contents>
         </contents>
      </logical_group>
      <logical_group id="lg-b" display="no" color="cyan">
         <name>FlashRegsFile</name>
         <run_address>0x0</run_address>
         <size>0x0</size>
         <contents>
         </contents>
      </logical_group>
      <logical_group id="lg-c" display="no" color="cyan">
         <name>CsmRegsFile</name>
         <run_address>0xae0</run_address>
         <size>0x10</size>
         <contents>
            <object_component_ref idref="oc-113"/>
         </contents>
      </logical_group>
      <logical_group id="lg-d" display="no" color="cyan">
         <name>AdcResultFile</name>
         <run_address>0xb00</run_address>
         <size>0x10</size>
         <contents>
            <object_component_ref idref="oc-112"/>
         </contents>
      </logical_group>
      <logical_group id="lg-e" display="no" color="cyan">
         <name>CpuTimer0RegsFile</name>
         <run_address>0xc00</run_address>
         <size>0x8</size>
         <contents>
            <object_component_ref idref="oc-10d"/>
         </contents>
      </logical_group>
      <logical_group id="lg-f" display="no" color="cyan">
         <name>CpuTimer1RegsFile</name>
         <run_address>0xc08</run_address>
         <size>0x8</size>
         <contents>
            <object_component_ref idref="oc-10f"/>
         </contents>
      </logical_group>
      <logical_group id="lg-10" display="no" color="cyan">
         <name>CpuTimer2RegsFile</name>
         <run_address>0xc10</run_address>
         <size>0x8</size>
         <contents>
            <object_component_ref idref="oc-10e"/>
         </contents>
      </logical_group>
      <logical_group id="lg-11" display="no" color="cyan">
         <name>PieCtrlRegsFile</name>
         <run_address>0xce0</run_address>
         <size>0x1a</size>
         <contents>
            <object_component_ref idref="oc-114"/>
         </contents>
      </logical_group>
      <logical_group id="lg-12" display="no" color="cyan">
         <name>Cla1RegsFile</name>
         <run_address>0x1400</run_address>
         <size>0x40</size>
         <contents>
            <object_component_ref idref="oc-11d"/>
         </contents>
      </logical_group>
      <logical_group id="lg-13" display="no" color="cyan">
         <name>DmaRegsFile</name>
         <run_address>0x0</run_address>
         <size>0x0</size>
         <contents>
         </contents>
      </logical_group>
      <logical_group id="lg-14" display="no" color="cyan">
         <name>ECanaRegsFile</name>
         <run_address>0x0</run_address>
         <size>0x0</size>
         <contents>
         </contents>
      </logical_group>
      <logical_group id="lg-15" display="no" color="cyan">
         <name>ECanaLAMRegsFile</name>
         <run_address>0x0</run_address>
         <size>0x0</size>
         <contents>
         </contents>
      </logical_group>
      <logical_group id="lg-16" display="no" color="cyan">
         <name>ECanaMboxesFile</name>
         <run_address>0x0</run_address>
         <size>0x0</size>
         <contents>
         </contents>
      </logical_group>
      <logical_group id="lg-17" display="no" color="cyan">
         <name>ECanaMOTSRegsFile</name>
         <run_address>0x0</run_address>
         <size>0x0</size>
         <contents>
         </contents>
      </logical_group>
      <logical_group id="lg-18" display="no" color="cyan">
         <name>ECanaMOTORegsFile</name>
         <run_address>0x0</run_address>
         <size>0x0</size>
         <contents>
         </contents>
      </logical_group>
      <logical_group id="lg-19" display="no" color="cyan">
         <name>ECap1RegsFile</name>
         <run_address>0x0</run_address>
         <size>0x0</size>
         <contents>
         </contents>
      </logical_group>
      <logical_group id="lg-1a" display="no" color="cyan">
         <name>ECap2RegsFile</name>
         <run_address>0x0</run_address>
         <size>0x0</size>
         <contents>
         </contents>
      </logical_group>
      <logical_group id="lg-1b" display="no" color="cyan">
         <name>ECap3RegsFile</name>
         <run_address>0x0</run_address>
         <size>0x0</size>
         <contents>
         </contents>
      </logical_group>
      <logical_group id="lg-1c" display="no" color="cyan">
         <name>EQep1RegsFile</name>
         <run_address>0x0</run_address>
         <size>0x0</size>
         <contents>
         </contents>
      </logical_group>
      <logical_group id="lg-1d" display="no" color="cyan">
         <name>EQep2RegsFile</name>
         <run_address>0x0</run_address>
         <size>0x0</size>
         <contents>
         </contents>
      </logical_group>
      <logical_group id="lg-1e" display="no" color="cyan">
         <name>GpioCtrlRegsFile</name>
         <run_address>0x6f80</run_address>
         <size>0x40</size>
         <contents>
            <object_component_ref idref="oc-11f"/>
         </contents>
      </logical_group>
      <logical_group id="lg-1f" display="no" color="cyan">
         <name>GpioDataRegsFile</name>
         <run_address>0x6fc0</run_address>
         <size>0x20</size>
         <contents>
            <object_component_ref idref="oc-115"/>
         </contents>
      </logical_group>
      <logical_group id="lg-20" display="no" color="cyan">
         <name>GpioIntRegsFile</name>
         <run_address>0x6fe0</run_address>
         <size>0x20</size>
         <contents>
            <object_component_ref idref="oc-116"/>
         </contents>
      </logical_group>
      <logical_group id="lg-21" display="no" color="cyan">
         <name>HRCap1RegsFile</name>
         <run_address>0x0</run_address>
         <size>0x0</size>
         <contents>
         </contents>
      </logical_group>
      <logical_group id="lg-22" display="no" color="cyan">
         <name>HRCap2RegsFile</name>
         <run_address>0x0</run_address>
         <size>0x0</size>
         <contents>
         </contents>
      </logical_group>
      <logical_group id="lg-23" display="no" color="cyan">
         <name>HRCap3RegsFile</name>
         <run_address>0x0</run_address>
         <size>0x0</size>
         <contents>
         </contents>
      </logical_group>
      <logical_group id="lg-24" display="no" color="cyan">
         <name>HRCap4RegsFile</name>
         <run_address>0x0</run_address>
         <size>0x0</size>
         <contents>
         </contents>
      </logical_group>
      <logical_group id="lg-25" display="no" color="cyan">
         <name>SysCtrlRegsFile</name>
         <run_address>0x7010</run_address>
         <size>0x30</size>
         <contents>
            <object_component_ref idref="oc-117"/>
         </contents>
      </logical_group>
      <logical_group id="lg-26" display="no" color="cyan">
         <name>SpiaRegsFile</name>
         <run_address>0x0</run_address>
         <size>0x0</size>
         <contents>
         </contents>
      </logical_group>
      <logical_group id="lg-27" display="no" color="cyan">
         <name>SpibRegsFile</name>
         <run_address>0x0</run_address>
         <size>0x0</size>
         <contents>
         </contents>
      </logical_group>
      <logical_group id="lg-28" display="no" color="cyan">
         <name>SciaRegsFile</name>
         <run_address>0x7050</run_address>
         <size>0x10</size>
         <contents>
            <object_component_ref idref="oc-111"/>
         </contents>
      </logical_group>
      <logical_group id="lg-29" display="no" color="cyan">
         <name>ScibRegsFile</name>
         <run_address>0x7750</run_address>
         <size>0x10</size>
         <contents>
            <object_component_ref idref="oc-110"/>
         </contents>
      </logical_group>
      <logical_group id="lg-2a" display="no" color="cyan">
         <name>NmiIntruptRegsFile</name>
         <run_address>0x0</run_address>
         <size>0x0</size>
         <contents>
         </contents>
      </logical_group>
      <logical_group id="lg-2b" display="no" color="cyan">
         <name>XIntruptRegsFile</name>
         <run_address>0x0</run_address>
         <size>0x0</size>
         <contents>
         </contents>
      </logical_group>
      <logical_group id="lg-2c" display="no" color="cyan">
         <name>AdcRegsFile</name>
         <run_address>0x7100</run_address>
         <size>0x50</size>
         <contents>
            <object_component_ref idref="oc-122"/>
         </contents>
      </logical_group>
      <logical_group id="lg-2d" display="no" color="cyan">
         <name>I2caRegsFile</name>
         <run_address>0x0</run_address>
         <size>0x0</size>
         <contents>
         </contents>
      </logical_group>
      <logical_group id="lg-2e" display="no" color="cyan">
         <name>Comp1RegsFile</name>
         <run_address>0x0</run_address>
         <size>0x0</size>
         <contents>
         </contents>
      </logical_group>
      <logical_group id="lg-2f" display="no" color="cyan">
         <name>Comp2RegsFile</name>
         <run_address>0x0</run_address>
         <size>0x0</size>
         <contents>
         </contents>
      </logical_group>
      <logical_group id="lg-30" display="no" color="cyan">
         <name>Comp3RegsFile</name>
         <run_address>0x0</run_address>
         <size>0x0</size>
         <contents>
         </contents>
      </logical_group>
      <logical_group id="lg-31" display="no" color="cyan">
         <name>EPwm1RegsFile</name>
         <run_address>0x6800</run_address>
         <size>0x40</size>
         <contents>
            <object_component_ref idref="oc-11b"/>
         </contents>
      </logical_group>
      <logical_group id="lg-32" display="no" color="cyan">
         <name>EPwm2RegsFile</name>
         <run_address>0x6840</run_address>
         <size>0x40</size>
         <contents>
            <object_component_ref idref="oc-11c"/>
         </contents>
      </logical_group>
      <logical_group id="lg-33" display="no" color="cyan">
         <name>EPwm3RegsFile</name>
         <run_address>0x6880</run_address>
         <size>0x40</size>
         <contents>
            <object_component_ref idref="oc-11a"/>
         </contents>
      </logical_group>
      <logical_group id="lg-34" display="no" color="cyan">
         <name>EPwm4RegsFile</name>
         <run_address>0x68c0</run_address>
         <size>0x40</size>
         <contents>
            <object_component_ref idref="oc-118"/>
         </contents>
      </logical_group>
      <logical_group id="lg-35" display="no" color="cyan">
         <name>EPwm5RegsFile</name>
         <run_address>0x6900</run_address>
         <size>0x40</size>
         <contents>
            <object_component_ref idref="oc-119"/>
         </contents>
      </logical_group>
      <logical_group id="lg-36" display="no" color="cyan">
         <name>EPwm6RegsFile</name>
         <run_address>0x6940</run_address>
         <size>0x40</size>
         <contents>
            <object_component_ref idref="oc-121"/>
         </contents>
      </logical_group>
      <logical_group id="lg-37" display="no" color="cyan">
         <name>EPwm7RegsFile</name>
         <run_address>0x6980</run_address>
         <size>0x40</size>
         <contents>
            <object_component_ref idref="oc-120"/>
         </contents>
      </logical_group>
      <logical_group id="lg-38" display="no" color="cyan">
         <name>EPwm8RegsFile</name>
         <run_address>0x69c0</run_address>
         <size>0x40</size>
         <contents>
            <object_component_ref idref="oc-11e"/>
         </contents>
      </logical_group>
      <logical_group id="lg-39" display="no" color="cyan">
         <name>McbspaRegsFile</name>
         <run_address>0x0</run_address>
         <size>0x0</size>
         <contents>
         </contents>
      </logical_group>
      <logical_group id="lg-3a" display="no" color="cyan">
         <name>Usb0RegsFile</name>
         <run_address>0x0</run_address>
         <size>0x0</size>
         <contents>
         </contents>
      </logical_group>
      <logical_group id="lg-3b" display="no" color="cyan">
         <name>CsmPwlFile</name>
         <run_address>0x3f7ff8</run_address>
         <size>0x8</size>
         <contents>
            <object_component_ref idref="oc-10b"/>
         </contents>
      </logical_group>
      <logical_group id="lg-3c" display="no" color="cyan">
         <name>PartIdRegsFile</name>
         <run_address>0x0</run_address>
         <size>0x0</size>
         <contents>
         </contents>
      </logical_group>
[...]
      <symbol id="sm-32a">
         <name>_outputFromCLA</name>
         <value>0x1480</value>
         <object_component_ref idref="oc-c3"/>
      </symbol>
      <symbol id="sm-32b">
         <name>_currentAddress</name>
         <value>0xa008</value>
         <object_component_ref idref="oc-c1"/>
      </symbol>
      <symbol id="sm-32c">
         <name>_foundNorm1</name>
         <value>0xa005</value>
         <object_component_ref idref="oc-c1"/>
      </symbol>
      <symbol id="sm-32d">
         <name>_initializeADC</name>
         <value>0xed5a</value>
         <object_component_ref idref="oc-12c"/>
      </symbol>
      <symbol id="sm-32e">
         <name>_initialS</name>
         <value>0xa012</value>
         <object_component_ref idref="oc-c1"/>
      </symbol>
      <symbol id="sm-32f">
         <name>_initialize</name>
         <value>0xed9b</value>
         <object_component_ref idref="oc-12c"/>
      </symbol>
      <symbol id="sm-330">
         <name>_Sfactor</name>
         <value>0xa010</value>
         <object_component_ref idref="oc-c1"/>
      </symbol>
      <symbol id="sm-331">
         <name>_band</name>
         <value>0x1500</value>
         <object_component_ref idref="oc-c2"/>
      </symbol>
      <symbol id="sm-332">
         <name>_ADCReading_paging</name>
         <value>0xa001</value>
         <object_component_ref idref="oc-c1"/>
      </symbol>
      <symbol id="sm-333">
         <name>_FIRBuffer</name>
         <value>0xa2c0</value>
         <object_component_ref idref="oc-c1"/>
      </symbol>
      <symbol id="sm-334">
         <name>_seconds</name>
         <value>0xa00c</value>
         <object_component_ref idref="oc-c1"/>
      </symbol>
      <symbol id="sm-335">
         <name>_paging</name>
         <value>0xa004</value>
         <object_component_ref idref="oc-c1"/>
      </symbol>
      <symbol id="sm-336">
         <name>_count</name>
         <value>0xa003</value>
         <object_component_ref idref="oc-c1"/>
      </symbol>
      <symbol id="sm-337">
         <name>_HRPWM2_Config</name>
         <value>0xed18</value>
         <object_component_ref idref="oc-12c"/>
      </symbol>
      <symbol id="sm-338">
         <name>_decibel</name>
         <value>0x1502</value>
         <object_component_ref idref="oc-c2"/>
      </symbol>
      <symbol id="sm-339">
         <name>_bandfreq</name>
         <value>0x1506</value>
         <object_component_ref idref="oc-c2"/>
      </symbol>
      <symbol id="sm-33a">
         <name>_Mfactor</name>
         <value>0xa016</value>
         <object_component_ref idref="oc-c1"/>
      </symbol>
      <symbol id="sm-351">
         <name>_adc_isr</name>
         <value>0xf10c</value>
         <object_component_ref idref="oc-cb"/>
      </symbol>
      <symbol id="sm-352">
         <name>_cpu_timer2_isr</name>
         <value>0xf068</value>
         <object_component_ref idref="oc-cb"/>
      </symbol>
      <symbol id="sm-353">
         <name>_cpu_timer1_isr</name>
         <value>0xf07e</value>
         <object_component_ref idref="oc-cb"/>
      </symbol>
      <symbol id="sm-354">
         <name>_initializeTimers</name>
         <value>0xf33f</value>
         <object_component_ref idref="oc-137"/>
      </symbol>
      <symbol id="sm-355">
         <name>_cpu_timer0_isr</name>
         <value>0xf08b</value>
         <object_component_ref idref="oc-cb"/>
      </symbol>
      <symbol id="sm-356">
         <name>_fir</name>
         <value>0xada2</value>
         <object_component_ref idref="oc-ca"/>
      </symbol>
      <symbol id="sm-357">
         <name>_scalar</name>
         <value>0xada4</value>
         <object_component_ref idref="oc-ca"/>
      </symbol>
      <symbol id="sm-358">
         <name>_k</name>
         <value>0xada3</value>
         <object_component_ref idref="oc-ca"/>
      </symbol>
      <symbol id="sm-35c">
         <name>_CLAsincosTable_TwoPiDivTABLE_SIZE</name>
         <value>0x8d46</value>
         <object_component_ref idref="oc-d0"/>
      </symbol>
      <symbol id="sm-35d">
         <name>_CLAsincosTableEnd</name>
         <value>0x8d56</value>
         <object_component_ref idref="oc-d0"/>
      </symbol>
      <symbol id="sm-35e">
         <name>_CLAsinTable</name>
         <value>0x8c00</value>
         <object_component_ref idref="oc-d0"/>
      </symbol>
      <symbol id="sm-35f">
         <name>_CLAcosTableEnd</name>
         <value>0x8d42</value>
         <object_component_ref idref="oc-d0"/>
      </symbol>
      <symbol id="sm-360">
         <name>_CLAsincosTable</name>
         <value>0x8c00</value>
         <object_component_ref idref="oc-d0"/>
      </symbol>
      <symbol id="sm-361">
         <name>_CLAsincosTable_Sin0</name>
         <value>0x8c00</value>
         <object_component_ref idref="oc-d0"/>
      </symbol>
      <symbol id="sm-362">
         <name>_CLAsinTableEnd</name>
         <value>0x8d00</value>
         <object_component_ref idref="oc-d0"/>
      </symbol>
      <symbol id="sm-363">
         <name>_CLAsincosTable_Coef1_pos</name>
         <value>0x8d4e</value>
         <object_component_ref idref="oc-d0"/>
      </symbol>
      <symbol id="sm-364">
         <name>_CLAsincosTable_TABLE_SIZEDivTwoPi</name>
         <value>0x8d44</value>
         <object_component_ref idref="oc-d0"/>
      </symbol>
      <symbol id="sm-365">
         <name>_CLAsincosTable_Cos0</name>
         <value>0x8c40</value>
         <object_component_ref idref="oc-d0"/>
      </symbol>
      <symbol id="sm-366">
         <name>_CLAsincosTable_TABLE_SIZE</name>
         <value>0x8d42</value>
         <object_component_ref idref="oc-d0"/>
      </symbol>
      <symbol id="sm-367">
         <name>_CLAcosTable</name>
         <value>0x8c40</value>
         <object_component_ref idref="oc-d0"/>
      </symbol>
      <symbol id="sm-368">
         <name>_CLAsincosTable_Coef3</name>
         <value>0x8d52</value>
         <object_component_ref idref="oc-d0"/>
      </symbol>
      <symbol id="sm-369">
         <name>_CLAsincosTable_Coef2</name>
         <value>0x8d50</value>
         <object_component_ref idref="oc-d0"/>
      </symbol>
      <symbol id="sm-36a">
         <name>_CLAsincosTable_Coef1</name>
         <value>0x8d4c</value>
         <object_component_ref idref="oc-d0"/>
      </symbol>
      <symbol id="sm-36b">
         <name>_CLAsincosTable_Coef0</name>
         <value>0x8d4a</value>
         <object_component_ref idref="oc-d0"/>
      </symbol>
      <symbol id="sm-36c">
         <name>_CLAsincosTable_TABLE_MASK</name>
         <value>0x8d48</value>
         <object_component_ref idref="oc-d0"/>
      </symbol>
      <symbol id="sm-36d">
         <name>_CLAsincosTable_Coef3_neg</name>
         <value>0x8d54</value>
         <object_component_ref idref="oc-d0"/>
      </symbol>
      <symbol id="sm-37d">
         <name>_CLAcos</name>
         <value>0x95da</value>
         <object_component_ref idref="oc-d1"/>
      </symbol>
      <symbol id="sm-38e">
         <name>_CLAexp10</name>
         <value>0x957e</value>
         <object_component_ref idref="oc-d7"/>
      </symbol>
      <symbol id="sm-392">
         <name>_CLAExpTable</name>
         <value>0x8d66</value>
         <object_component_ref idref="oc-dd"/>
      </symbol>
      <symbol id="sm-393">
         <name>_CLAINV3</name>
         <value>0x8d5a</value>
         <object_component_ref idref="oc-dd"/>
      </symbol>
      <symbol id="sm-394">
         <name>_CLAINV2</name>
         <value>0x8d58</value>
         <object_component_ref idref="oc-dd"/>
      </symbol>
      <symbol id="sm-395">
         <name>_CLAINV1</name>
         <value>0x8d56</value>
         <object_component_ref idref="oc-dd"/>
      </symbol>
      <symbol id="sm-396">
         <name>_CLAINV7</name>
         <value>0x8d62</value>
         <object_component_ref idref="oc-dd"/>
      </symbol>
      <symbol id="sm-397">
         <name>_CLAINV6</name>
         <value>0x8d60</value>
         <object_component_ref idref="oc-dd"/>
      </symbol>
      <symbol id="sm-398">
         <name>_CLAINV5</name>
         <value>0x8d5e</value>
         <object_component_ref idref="oc-dd"/>
      </symbol>
      <symbol id="sm-399">
         <name>_CLAINV4</name>
         <value>0x8d5c</value>
         <object_component_ref idref="oc-dd"/>
      </symbol>
      <symbol id="sm-39a">
         <name>_CLAExpTableEnd</name>
         <value>0x8e18</value>
         <object_component_ref idref="oc-dd"/>
      </symbol>
      <symbol id="sm-39b">
         <name>_CLALOG10</name>
         <value>0x8d64</value>
         <object_component_ref idref="oc-dd"/>
      </symbol>
      <symbol id="sm-3ab">
         <name>_CLAsin</name>
         <value>0x9618</value>
         <object_component_ref idref="oc-de"/>
      </symbol>
      <symbol id="sm-3bc">
         <name>_CLAsqrt</name>
         <value>0x9656</value>
         <object_component_ref idref="oc-e4"/>
      </symbol>
      <symbol id="sm-3d7">
         <name>_c_int00</name>
         <value>0xf396</value>
         <object_component_ref idref="oc-60"/>
      </symbol>
      <symbol id="sm-3d8">
         <name>__stack</name>
         <value>0xadaa</value>
         <object_component_ref idref="oc-ea"/>
      </symbol>
      <symbol id="sm-3ec">
         <name>C$$EXIT</name>
         <value>0xf4f1</value>
         <object_component_ref idref="oc-129"/>
      </symbol>
      <symbol id="sm-3ed">
         <name>_exit</name>
         <value>0xf4f3</value>
         <object_component_ref idref="oc-129"/>
      </symbol>
      <symbol id="sm-3ee">
         <name>___TI_cleanup_ptr</name>
         <value>0xad9e</value>
         <object_component_ref idref="oc-f2"/>
      </symbol>
      <symbol id="sm-3ef">
         <name>_abort</name>
         <value>0xf4f1</value>
         <object_component_ref idref="oc-129"/>
      </symbol>
      <symbol id="sm-3f0">
         <name>___TI_dtors_ptr</name>
         <value>0xada0</value>
         <object_component_ref idref="oc-f2"/>
      </symbol>
      <symbol id="sm-401">
         <name>FS$$DIV</name>
         <value>0xf1f8</value>
         <object_component_ref idref="oc-f7"/>
      </symbol>
      <symbol id="sm-40f">
         <name>I$$MOD</name>
         <value>0xf4a9</value>
         <object_component_ref idref="oc-fc"/>
      </symbol>
      <symbol id="sm-410">
         <name>I$$DIV</name>
         <value>0xf498</value>
         <object_component_ref idref="oc-fc"/>
      </symbol>
      <symbol id="sm-420">
         <name>__args_main</name>
         <value>0xf4d8</value>
         <object_component_ref idref="oc-128"/>
      </symbol>
      <symbol id="sm-482">
         <name>_GpioCtrlRegs</name>
         <value>0x6f80</value>
         <object_component_ref idref="oc-11f"/>
      </symbol>
      <symbol id="sm-483">
         <name>_lfsr_10</name>
         <value>0xa94e</value>
         <object_component_ref idref="oc-108"/>
      </symbol>
      <symbol id="sm-484">
         <name>_lfsr_11</name>
         <value>0xa952</value>
         <object_component_ref idref="oc-108"/>
      </symbol>
      <symbol id="sm-485">
         <name>_lfsr_12</name>
         <value>0xa950</value>
         <object_component_ref idref="oc-108"/>
      </symbol>
      <symbol id="sm-486">
         <name>_lfsr_13</name>
         <value>0xa95e</value>
         <object_component_ref idref="oc-108"/>
      </symbol>
      <symbol id="sm-487">
         <name>_lfsr_14</name>
         <value>0xa946</value>
         <object_component_ref idref="oc-108"/>
      </symbol>
      <symbol id="sm-488">
         <name>_lfsr_15</name>
         <value>0xa956</value>
         <object_component_ref idref="oc-108"/>
      </symbol>
      <symbol id="sm-489">
         <name>_lfsr_16</name>
         <value>0xa962</value>
         <object_component_ref idref="oc-108"/>
      </symbol>
      <symbol id="sm-48a">
         <name>_PieVectTable</name>
         <value>0xd00</value>
         <object_component_ref idref="oc-123"/>
      </symbol>
      <symbol id="sm-48b">
         <name>_CpuTimer2</name>
         <value>0xad80</value>
         <object_component_ref idref="oc-10c"/>
      </symbol>
      <symbol id="sm-48c">
         <name>_CpuTimer0</name>
         <value>0xad88</value>
         <object_component_ref idref="oc-10c"/>
      </symbol>
      <symbol id="sm-48d">
         <name>_CpuTimer1</name>
         <value>0xad90</value>
         <object_component_ref idref="oc-10c"/>
      </symbol>
      <symbol id="sm-48e">
         <name>_InitCpuTimers</name>
         <value>0xf2e7</value>
         <object_component_ref idref="oc-13b"/>
      </symbol>
      <symbol id="sm-48f">
         <name>_carrybit</name>
         <value>0xa960</value>
         <object_component_ref idref="oc-108"/>
      </symbol>
      <symbol id="sm-490">
         <name>_CsmRegs</name>
         <value>0xae0</value>
         <object_component_ref idref="oc-113"/>
      </symbol>
      <symbol id="sm-491">
         <name>_AdcResult</name>
         <value>0xb00</value>
         <object_component_ref idref="oc-112"/>
      </symbol>
      <symbol id="sm-492">
         <name>_EPwm4Regs</name>
         <value>0x68c0</value>
         <object_component_ref idref="oc-118"/>
      </symbol>
      <symbol id="sm-493">
         <name>_CpuTimer1Regs</name>
         <value>0xc08</value>
         <object_component_ref idref="oc-10f"/>
      </symbol>
      <symbol id="sm-494">
         <name>_SysCtrlRegs</name>
         <value>0x7010</value>
         <object_component_ref idref="oc-117"/>
      </symbol>
      <symbol id="sm-495">
         <name>_sqrt</name>
         <value>0xf474</value>
         <object_component_ref idref="oc-131"/>
      </symbol>
      <symbol id="sm-496">
         <name>__unlock</name>
         <value>0xada8</value>
         <object_component_ref idref="oc-13c"/>
      </symbol>
      <symbol id="sm-497">
         <name>_EPwm5Regs</name>
         <value>0x6900</value>
         <object_component_ref idref="oc-119"/>
      </symbol>
      <symbol id="sm-498">
         <name>_CpuTimer0Regs</name>
         <value>0xc00</value>
         <object_component_ref idref="oc-10d"/>
      </symbol>
      <symbol id="sm-499">
         <name>_errno</name>
         <value>0xada5</value>
         <object_component_ref idref="oc-109"/>
      </symbol>
      <symbol id="sm-49a">
         <name>_DevEmuRegs</name>
         <value>0x880</value>
         <object_component_ref idref="oc-10a"/>
      </symbol>
      <symbol id="sm-49b">
         <name>_lfsr_Array</name>
         <value>0xa980</value>
         <object_component_ref idref="oc-108"/>
      </symbol>
      <symbol id="sm-49c">
         <name>_loadWhiteNoiseSamples</name>
         <value>0xe3f6</value>
         <object_component_ref idref="oc-138"/>
      </symbol>
      <symbol id="sm-49d">
         <name>_EPwm6Regs</name>
         <value>0x6940</value>
         <object_component_ref idref="oc-121"/>
      </symbol>
      <symbol id="sm-49e">
         <name>__lock</name>
         <value>0xada6</value>
         <object_component_ref idref="oc-12d"/>
      </symbol>
      <symbol id="sm-49f">
         <name>_SciaRegs</name>
         <value>0x7050</value>
         <object_component_ref idref="oc-111"/>
      </symbol>
      <symbol id="sm-4a0">
         <name>_GpioDataRegs</name>
         <value>0x6fc0</value>
         <object_component_ref idref="oc-115"/>
      </symbol>
      <symbol id="sm-4a1">
         <name>_CsmPwl</name>
         <value>0x3f7ff8</value>
         <object_component_ref idref="oc-10b"/>
      </symbol>
      <symbol id="sm-4a2">
         <name>_AdcRegs</name>
         <value>0x7100</value>
         <object_component_ref idref="oc-122"/>
      </symbol>
      <symbol id="sm-4a3">
         <name>_EPwm7Regs</name>
         <value>0x6980</value>
         <object_component_ref idref="oc-120"/>
      </symbol>
      <symbol id="sm-4a4">
         <name>_CpuTimer2Regs</name>
         <value>0xc10</value>
         <object_component_ref idref="oc-10e"/>
      </symbol>
      <symbol id="sm-4a5">
         <name>_PieCtrlRegs</name>
         <value>0xce0</value>
         <object_component_ref idref="oc-114"/>
      </symbol>
      <symbol id="sm-4a6">
         <name>_Cla1Regs</name>
         <value>0x1400</value>
         <object_component_ref idref="oc-11d"/>
      </symbol>
      <symbol id="sm-4a7">
         <name>_EPwm1Regs</name>
         <value>0x6800</value>
         <object_component_ref idref="oc-11b"/>
      </symbol>
      <symbol id="sm-4a8">
         <name>_ScibRegs</name>
         <value>0x7750</value>
         <object_component_ref idref="oc-110"/>
      </symbol>
      <symbol id="sm-4a9">
         <name>_GpioIntRegs</name>
         <value>0x6fe0</value>
         <object_component_ref idref="oc-116"/>
      </symbol>
      <symbol id="sm-4aa">
         <name>__nop</name>
         <value>0xf51e</value>
         <object_component_ref idref="oc-139"/>
      </symbol>
      <symbol id="sm-4ab">
         <name>_EPwm8Regs</name>
         <value>0x69c0</value>
         <object_component_ref idref="oc-11e"/>
      </symbol>
      <symbol id="sm-4ac">
         <name>_lfsr_9</name>
         <value>0xa94a</value>
         <object_component_ref idref="oc-108"/>
      </symbol>
      <symbol id="sm-4ad">
         <name>_lfsr_8</name>
         <value>0xa94c</value>
         <object_component_ref idref="oc-108"/>
      </symbol>
      <symbol id="sm-4ae">
         <name>_lfsr_1</name>
         <value>0xa948</value>
         <object_component_ref idref="oc-108"/>
      </symbol>
      <symbol id="sm-4af">
         <name>_lfsr_3</name>
         <value>0xa942</value>
         <object_component_ref idref="oc-108"/>
      </symbol>
      <symbol id="sm-4b0">
         <name>_lfsr_2</name>
         <value>0xa944</value>
         <object_component_ref idref="oc-108"/>
      </symbol>
      <symbol id="sm-4b1">
         <name>_lfsr_5</name>
         <value>0xa958</value>
         <object_component_ref idref="oc-108"/>
      </symbol>
      <symbol id="sm-4b2">
         <name>_lfsr_4</name>
         <value>0xa954</value>
         <object_component_ref idref="oc-108"/>
      </symbol>
      <symbol id="sm-4b3">
         <name>_lfsr_7</name>
         <value>0xa95a</value>
         <object_component_ref idref="oc-108"/>
      </symbol>
      <symbol id="sm-4b4">
         <name>_lfsr_6</name>
         <value>0xa95c</value>
         <object_component_ref idref="oc-108"/>
      </symbol>
      <symbol id="sm-4b5">
         <name>_EPwm2Regs</name>
         <value>0x6840</value>
         <object_component_ref idref="oc-11c"/>
      </symbol>
      <symbol id="sm-4b6">
         <name>_ConfigCpuTimer</name>
         <value>0xf31c</value>
         <object_component_ref idref="oc-13b"/>
      </symbol>
      <symbol id="sm-4b7">
         <name>_i</name>
         <value>0xa940</value>
         <object_component_ref idref="oc-108"/>
      </symbol>
      <symbol id="sm-4b8">
         <name>_EPwm3Regs</name>
         <value>0x6880</value>
         <object_component_ref idref="oc-11a"/>
      </symbol>
      <symbol id="sm-4b9">
         <name>_memcpy</name>
         <value>0xf4ba</value>
         <object_component_ref idref="oc-12f"/>
      </symbol>
   </symbol_table>
   <title>Link successful</title>
</link_info>
