******************************************************************************
             TMS320C2000 Linker Unix v6.4.6                    
******************************************************************************
>> Linked Sun Nov  8 14:38:29 2015

OUTPUT FILE NAME:   <Sound_Masking.out>
ENTRY POINT SYMBOL: "_c_int00"  address: 0001759a


MEMORY CONFIGURATION

         name            origin    length      used     unused   attr    fill
----------------------  --------  ---------  --------  --------  ----  --------
PAGE 0:
  BEGIN                 00000000   00000002  00000002  00000000  RWIX
  RAMM0                 00000122   000012de  00000004  000012da  RWIX
  RAMLS4                0000a000   00000800  00000000  00000800  RWIX
  RAMLS5                0000a800   00000800  0000008a  00000776  RWIX
  RESET                 003fffc0   00000002  00000000  00000002  RWIX

PAGE 1:
  BOOT_RSVD             00000002   00000120  00000000  00000120  RWIX
  RAMM1                 00000400   00000400  00000100  00000300  RWIX
  ADCA_RESULT           00000b00   00000020  00000018  00000008  RWIX
  ADCB_RESULT           00000b20   00000020  00000018  00000008  RWIX
  ADCC_RESULT           00000b40   00000020  00000018  00000008  RWIX
  ADCD_RESULT           00000b60   00000020  00000018  00000008  RWIX
  CPU_TIMER0            00000c00   00000008  00000008  00000000  RWIX
  CPU_TIMER1            00000c08   00000008  00000008  00000000  RWIX
  CPU_TIMER2            00000c10   00000008  00000008  00000000  RWIX
  PIE_CTRL              00000ce0   00000020  0000001a  00000006  RWIX
  PIE_VECT              00000d00   00000200  000001c0  00000040  RWIX
  DMA                   00001000   00000200  000000e0  00000120  RWIX
  CLA1                  00001400   00000040  0000003e  00000002  RWIX
  CLA1_MSGRAMLOW        00001480   00000080  00000002  0000007e  RWIX
  CLA1_MSGRAMHIGH       00001500   00000080  00000006  0000007a  RWIX
  EPWM1                 00004000   00000100  00000100  00000000  RWIX
  EPWM2                 00004100   00000100  00000100  00000000  RWIX
  EPWM3                 00004200   00000100  00000100  00000000  RWIX
  EPWM4                 00004300   00000100  00000100  00000000  RWIX
  EPWM5                 00004400   00000100  00000100  00000000  RWIX
  EPWM6                 00004500   00000100  00000100  00000000  RWIX
  EPWM7                 00004600   00000100  00000100  00000000  RWIX
  EPWM8                 00004700   00000100  00000100  00000000  RWIX
  EPWM9                 00004800   00000100  00000100  00000000  RWIX
  EPWM10                00004900   00000100  00000100  00000000  RWIX
  EPWM11                00004a00   00000100  00000100  00000000  RWIX
  EPWM12                00004b00   00000100  00000100  00000000  RWIX
  ECAP1                 00005000   00000020  00000020  00000000  RWIX
  ECAP2                 00005020   00000020  00000020  00000000  RWIX
  ECAP3                 00005040   00000020  00000020  00000000  RWIX
  ECAP4                 00005060   00000020  00000020  00000000  RWIX
  ECAP5                 00005080   00000020  00000020  00000000  RWIX
  ECAP6                 000050a0   00000020  00000020  00000000  RWIX
  EQEP1                 00005100   00000040  00000022  0000001e  RWIX
  EQEP2                 00005140   00000040  00000022  0000001e  RWIX
  EQEP3                 00005180   00000040  00000022  0000001e  RWIX
  DACA                  00005c00   00000010  00000008  00000008  RWIX
  DACB                  00005c10   00000010  00000008  00000008  RWIX
  DACC                  00005c20   00000010  00000008  00000008  RWIX
  CMPSS1                00005c80   00000020  00000020  00000000  RWIX
  CMPSS2                00005ca0   00000020  00000020  00000000  RWIX
  CMPSS3                00005cc0   00000020  00000020  00000000  RWIX
  CMPSS4                00005ce0   00000020  00000020  00000000  RWIX
  CMPSS5                00005d00   00000020  00000020  00000000  RWIX
  CMPSS6                00005d20   00000020  00000020  00000000  RWIX
  CMPSS7                00005d40   00000020  00000020  00000000  RWIX
  CMPSS8                00005d60   00000020  00000020  00000000  RWIX
  SDFM1                 00005e00   00000080  00000080  00000000  RWIX
  SDFM2                 00005e80   00000080  00000080  00000000  RWIX
  MCBSPA                00006000   00000040  00000024  0000001c  RWIX
  MCBSPB                00006040   00000040  00000024  0000001c  RWIX
  SPIA                  00006100   00000010  00000010  00000000  RWIX
  SPIB                  00006110   00000010  00000010  00000000  RWIX
  SPIC                  00006120   00000010  00000010  00000000  RWIX
  SPID                  00006130   00000010  00000000  00000010  RWIX
  UPP                   00006200   00000100  00000048  000000b8  RWIX
  WD                    00007000   00000040  0000002b  00000015  RWIX
  NMIINTRUPT            00007060   00000010  00000007  00000009  RWIX
  XINT                  00007070   00000010  0000000b  00000005  RWIX
  SCIA                  00007200   00000010  00000010  00000000  RWIX
  SCIB                  00007210   00000010  00000010  00000000  RWIX
  SCIC                  00007220   00000010  00000010  00000000  RWIX
  SCID                  00007230   00000010  00000010  00000000  RWIX
  I2CA                  00007300   00000040  00000022  0000001e  RWIX
  I2CB                  00007340   00000040  00000022  0000001e  RWIX
  ADCA                  00007400   00000080  00000080  00000000  RWIX
  ADCB                  00007480   00000080  00000080  00000000  RWIX
  ADCC                  00007500   00000080  00000080  00000000  RWIX
  ADCD                  00007580   00000080  00000080  00000000  RWIX
  INPUT_XBAR            00007900   00000020  00000020  00000000  RWIX
  XBAR                  00007920   00000020  00000020  00000000  RWIX
  SYNC_SOC              00007940   00000010  00000006  0000000a  RWIX
  DMACLASRCSEL          00007980   00000040  0000001a  00000026  RWIX
  EPWM_XBAR             00007a00   00000040  00000040  00000000  RWIX
  CLB_XBAR              00007a40   00000040  00000000  00000040  RWIX
  OUTPUT_XBAR           00007a80   00000040  00000040  00000000  RWIX
  GPIOCTRL              00007c00   00000180  00000180  00000000  RWIX
  GPIODAT               00007f00   00000030  00000030  00000000  RWIX
  RAMLS0                00008000   00000800  00000000  00000800  RWIX
  RAMLS1                00008800   00000800  0000017a  00000686  RWIX
  RAMLS2                00009000   00000800  00000000  00000800  RWIX
  RAMLS3                00009800   00000800  00000000  00000800  RWIX
  RAMGS0                0000c000   0000a000  000012df  00008d21  RWIX
  RAMGS10               00016000   00002000  000016c1  0000093f  RWIX
  RAMGS12               00018000   00001000  00000609  000009f7  RWIX
  RAMGS13               00019000   00001000  00000000  00001000  RWIX
  RAMGS14               0001a000   00001000  00000000  00001000  RWIX
  RAMGS15               0001b000   00001000  00000000  00001000  RWIX
  EMIF1                 00047000   00000800  00000070  00000790  RWIX
  EMIF2                 00047800   00000800  00000070  00000790  RWIX
  FLASHPUMPSEMAPHORE    00050024   00000002  00000002  00000000  RWIX
  DEV_CFG               0005d000   00000180  0000012e  00000052  RWIX
  ANALOG_SUBSYS         0005d180   00000080  00000048  00000038  RWIX
  CLK_CFG               0005d200   00000100  00000032  000000ce  RWIX
  CPU_SYS               0005d300   00000100  00000082  0000007e  RWIX
  ROMPREFETCH           0005e608   00000002  00000002  00000000  RWIX
  DCSM_Z1               0005f000   00000030  00000024  0000000c  RWIX
  DCSM_Z2               0005f040   00000030  00000024  0000000c  RWIX
  DCSM_COMMON           0005f070   00000010  00000008  00000008  RWIX
  MEMCFG                0005f400   00000080  00000080  00000000  RWIX
  EMIF1CONFIG           0005f480   00000020  00000020  00000000  RWIX
  EMIF2CONFIG           0005f4a0   00000020  00000020  00000000  RWIX
  ACCESSPROTECTION      0005f4c0   00000040  00000040  00000000  RWIX
  MEMORYERROR           0005f500   00000040  00000040  00000000  RWIX
  ROMWAITSTATE          0005f540   00000002  00000002  00000000  RWIX
  FLASH0_CTRL           0005f800   00000300  00000182  0000017e  RWIX
  FLASH0_ECC            0005fb00   00000040  00000028  00000018  RWIX
  FLASH1_CTRL           0005fc00   00000300  00000182  0000017e  RWIX
  FLASH1_ECC            0005ff00   00000040  00000028  00000018  RWIX
  DCSM_Z1_OTP           00078000   00000020  00000020  00000000  RWIX
  DCSM_Z2_OTP           00078200   00000020  00000020  00000000  RWIX


SECTION ALLOCATION MAP

 output                                  attributes/
section   page    origin      length       input sections
--------  ----  ----------  ----------   ----------------
codestart 
*          0    00000000    00000002     
                  00000000    00000002     F2837xS_CodeStartBranch.obj (codestart)

ramfuncs   0    00000122    00000004     
                  00000122    00000004     F2837xS_usDelay.obj (ramfuncs)

.text      1    00016000    000016c1     
                  00016000    00000629     main.obj (.text)
                  00016629    00000611     F2837xS_DefaultISR.obj (.text:retain)
                  00016c3a    000002f9     main.obj (.text:retain)
                  00016f33    000002ad     F2837xS_SysCtrl.obj (.text)
                  000171e0    00000254     F2837xS_Gpio.obj (.text)
                  00017434    000000eb     F2837xS_Adc.obj (.text)
                  0001751f    0000007b     F2837xS_CpuTimers.obj (.text)
                  0001759a    00000046     rts2800_fpu32.lib : boot.obj (.text)
                  000175e0    00000037     FIR_f32.obj (.text)
                  00017617    00000028     F2837xS_PieCtrl.obj (.text)
                  0001763f    00000028     F2837xS_PieVect.obj (.text)
                  00017667    00000019     rts2800_fpu32.lib : args_main.obj (.text)
                  00017680    00000019                       : exit.obj (.text)
                  00017699    00000014     examples_setup.obj (.text)
                  000176ad    00000009     rts2800_fpu32.lib : _lock.obj (.text)
                  000176b6    00000008     F2837xS_CodeStartBranch.obj (.text)
                  000176be    00000003     F2837xS_DBGIER.obj (.text)

.cinit     1    00018000    00000609     
                  00018000    0000055f     main.obj (.cinit)
                  0001855f    00000090     F2837xS_struct.obj (.cinit)
                  000185ef    0000000a     rts2800_fpu32.lib : exit.obj (.cinit)
                  000185f9    00000005                       : _lock.obj (.cinit:__lock)
                  000185fe    00000005                       : _lock.obj (.cinit:__unlock)
                  00018603    00000004     F2837xS_sci_io.obj (.cinit)
                  00018607    00000002     --HOLE-- [fill = 0]

.pinit     1    00018000    00000000     UNINITIALIZED

.reset     0    003fffc0    00000002     DSECT
                  003fffc0    00000002     rts2800_fpu32.lib : boot.obj (.reset)

.stack     1    00000400    00000100     UNINITIALIZED
                  00000400    00000100     --HOLE--

.ebss      1    0000c000    0000111f     UNINITIALIZED
                  0000c000    00001080     main.obj (.ebss)
                  0000d080    00000078     F2837xS_struct.obj (.ebss)
                  0000d0f8    00000006     F2837xS_TempSensorConv.obj (.ebss)
                  0000d0fe    00000002     rts2800_fpu32.lib : _lock.obj (.ebss:__lock)
                  0000d100    00000018     F2837xS_CpuTimers.obj (.ebss)
                  0000d118    00000004     rts2800_fpu32.lib : exit.obj (.ebss)
                  0000d11c    00000002                       : _lock.obj (.ebss:__unlock)
                  0000d11e    00000001     F2837xS_sci_io.obj (.ebss)

.econst    1    0000d120    000001c0     
                  0000d120    000001c0     F2837xS_PieVect.obj (.econst)

Cla1Prog   0    0000a800    0000008a     
                  0000a800    00000076     eq.obj (Cla1Prog:_Cla1Task3)
                  0000a876    0000000c     eq.obj (Cla1Prog:_Cla1Task1)
                  0000a882    00000008     eq.obj (Cla1Prog:_Cla1Task2)

AdcaResultFile 
*          1    00000b00    00000018     UNINITIALIZED
                  00000b00    00000018     F2837xS_GlobalVariableDefs.obj (AdcaResultFile)

AdcbResultFile 
*          1    00000b20    00000018     UNINITIALIZED
                  00000b20    00000018     F2837xS_GlobalVariableDefs.obj (AdcbResultFile)

AdccResultFile 
*          1    00000b40    00000018     UNINITIALIZED
                  00000b40    00000018     F2837xS_GlobalVariableDefs.obj (AdccResultFile)

AdcdResultFile 
*          1    00000b60    00000018     UNINITIALIZED
                  00000b60    00000018     F2837xS_GlobalVariableDefs.obj (AdcdResultFile)

CpuTimer0RegsFile 
*          1    00000c00    00000008     UNINITIALIZED
                  00000c00    00000008     F2837xS_GlobalVariableDefs.obj (CpuTimer0RegsFile)

CpuTimer1RegsFile 
*          1    00000c08    00000008     UNINITIALIZED
                  00000c08    00000008     F2837xS_GlobalVariableDefs.obj (CpuTimer1RegsFile)

CpuTimer2RegsFile 
*          1    00000c10    00000008     UNINITIALIZED
                  00000c10    00000008     F2837xS_GlobalVariableDefs.obj (CpuTimer2RegsFile)

PieCtrlRegsFile 
*          1    00000ce0    0000001a     UNINITIALIZED
                  00000ce0    0000001a     F2837xS_GlobalVariableDefs.obj (PieCtrlRegsFile)

DmaRegsFile 
*          1    00001000    000000e0     UNINITIALIZED
                  00001000    000000e0     F2837xS_GlobalVariableDefs.obj (DmaRegsFile)

Cla1RegsFile 
*          1    00001400    0000003e     UNINITIALIZED
                  00001400    0000003e     F2837xS_GlobalVariableDefs.obj (Cla1RegsFile)

Cla1ToCpuMsgRAM 
*          1    00001480    00000002     UNINITIALIZED
                  00001480    00000002     main.obj (Cla1ToCpuMsgRAM)

CpuToCla1MsgRAM 
*          1    00001500    00000006     UNINITIALIZED
                  00001500    00000006     main.obj (CpuToCla1MsgRAM)

CLAscratch 
*          1    00008800    00000100     UNINITIALIZED
                  00008800    00000100     --HOLE--

.bss_cla   1    00008900    00000078     UNINITIALIZED
                  00008900    00000078     eq.obj (.bss_cla)

.scratchpad 
*          1    00008978    00000002     UNINITIALIZED
                  00008978    00000002     eq.obj (.scratchpad:Cla1Prog:_Cla1Task3)

PieVectTableFile 
*          1    00000d00    000001c0     UNINITIALIZED
                  00000d00    000001c0     F2837xS_GlobalVariableDefs.obj (PieVectTableFile)

EmuKeyVar 
*          1    00000d00    00000001     UNINITIALIZED
                  00000d00    00000001     F2837xS_GlobalVariableDefs.obj (EmuKeyVar)

EmuBModeVar 
*          1    00000d01    00000001     UNINITIALIZED
                  00000d01    00000001     F2837xS_GlobalVariableDefs.obj (EmuBModeVar)

FlashCallbackVar 
*          1    00000d02    00000000     UNINITIALIZED

FlashScalingVar 
*          1    00000d02    00000000     UNINITIALIZED

DacaRegsFile 
*          1    00005c00    00000008     UNINITIALIZED
                  00005c00    00000008     F2837xS_GlobalVariableDefs.obj (DacaRegsFile)

DacbRegsFile 
*          1    00005c10    00000008     UNINITIALIZED
                  00005c10    00000008     F2837xS_GlobalVariableDefs.obj (DacbRegsFile)

DaccRegsFile 
*          1    00005c20    00000008     UNINITIALIZED
                  00005c20    00000008     F2837xS_GlobalVariableDefs.obj (DaccRegsFile)

AdcaRegsFile 
*          1    00007400    00000080     UNINITIALIZED
                  00007400    00000080     F2837xS_GlobalVariableDefs.obj (AdcaRegsFile)

AdcbRegsFile 
*          1    00007480    00000080     UNINITIALIZED
                  00007480    00000080     F2837xS_GlobalVariableDefs.obj (AdcbRegsFile)

AdccRegsFile 
*          1    00007500    00000080     UNINITIALIZED
                  00007500    00000080     F2837xS_GlobalVariableDefs.obj (AdccRegsFile)

AdcdRegsFile 
*          1    00007580    00000080     UNINITIALIZED
                  00007580    00000080     F2837xS_GlobalVariableDefs.obj (AdcdRegsFile)

AnalogSubsysRegsFile 
*          1    0005d180    00000048     UNINITIALIZED
                  0005d180    00000048     F2837xS_GlobalVariableDefs.obj (AnalogSubsysRegsFile)

Cla1SoftIntRegsFile 
*          1    00000ce0    00000004     DSECT
                  00000ce0    00000004     F2837xS_GlobalVariableDefs.obj (Cla1SoftIntRegsFile)

EPwm1RegsFile 
*          1    00004000    00000100     UNINITIALIZED
                  00004000    00000100     F2837xS_GlobalVariableDefs.obj (EPwm1RegsFile)

EPwm2RegsFile 
*          1    00004100    00000100     UNINITIALIZED
                  00004100    00000100     F2837xS_GlobalVariableDefs.obj (EPwm2RegsFile)

EPwm3RegsFile 
*          1    00004200    00000100     UNINITIALIZED
                  00004200    00000100     F2837xS_GlobalVariableDefs.obj (EPwm3RegsFile)

EPwm4RegsFile 
*          1    00004300    00000100     UNINITIALIZED
                  00004300    00000100     F2837xS_GlobalVariableDefs.obj (EPwm4RegsFile)

EPwm5RegsFile 
*          1    00004400    00000100     UNINITIALIZED
                  00004400    00000100     F2837xS_GlobalVariableDefs.obj (EPwm5RegsFile)

EPwm6RegsFile 
*          1    00004500    00000100     UNINITIALIZED
                  00004500    00000100     F2837xS_GlobalVariableDefs.obj (EPwm6RegsFile)

EPwm7RegsFile 
*          1    00004600    00000100     UNINITIALIZED
                  00004600    00000100     F2837xS_GlobalVariableDefs.obj (EPwm7RegsFile)

EPwm8RegsFile 
*          1    00004700    00000100     UNINITIALIZED
                  00004700    00000100     F2837xS_GlobalVariableDefs.obj (EPwm8RegsFile)

EPwm9RegsFile 
*          1    00004800    00000100     UNINITIALIZED
                  00004800    00000100     F2837xS_GlobalVariableDefs.obj (EPwm9RegsFile)

EPwm10RegsFile 
*          1    00004900    00000100     UNINITIALIZED
                  00004900    00000100     F2837xS_GlobalVariableDefs.obj (EPwm10RegsFile)

EPwm11RegsFile 
*          1    00004a00    00000100     UNINITIALIZED
                  00004a00    00000100     F2837xS_GlobalVariableDefs.obj (EPwm11RegsFile)

EPwm12RegsFile 
*          1    00004b00    00000100     UNINITIALIZED
                  00004b00    00000100     F2837xS_GlobalVariableDefs.obj (EPwm12RegsFile)

ECap1RegsFile 
*          1    00005000    00000020     UNINITIALIZED
                  00005000    00000020     F2837xS_GlobalVariableDefs.obj (ECap1RegsFile)

ECap2RegsFile 
*          1    00005020    00000020     UNINITIALIZED
                  00005020    00000020     F2837xS_GlobalVariableDefs.obj (ECap2RegsFile)

ECap3RegsFile 
*          1    00005040    00000020     UNINITIALIZED
                  00005040    00000020     F2837xS_GlobalVariableDefs.obj (ECap3RegsFile)

ECap4RegsFile 
*          1    00005060    00000020     UNINITIALIZED
                  00005060    00000020     F2837xS_GlobalVariableDefs.obj (ECap4RegsFile)

ECap5RegsFile 
*          1    00005080    00000020     UNINITIALIZED
                  00005080    00000020     F2837xS_GlobalVariableDefs.obj (ECap5RegsFile)

ECap6RegsFile 
*          1    000050a0    00000020     UNINITIALIZED
                  000050a0    00000020     F2837xS_GlobalVariableDefs.obj (ECap6RegsFile)

EQep1RegsFile 
*          1    00005100    00000022     UNINITIALIZED
                  00005100    00000022     F2837xS_GlobalVariableDefs.obj (EQep1RegsFile)

EQep2RegsFile 
*          1    00005140    00000022     UNINITIALIZED
                  00005140    00000022     F2837xS_GlobalVariableDefs.obj (EQep2RegsFile)

EQep3RegsFile 
*          1    00005180    00000022     UNINITIALIZED
                  00005180    00000022     F2837xS_GlobalVariableDefs.obj (EQep3RegsFile)

Cmpss1RegsFile 
*          1    00005c80    00000020     UNINITIALIZED
                  00005c80    00000020     F2837xS_GlobalVariableDefs.obj (Cmpss1RegsFile)

Cmpss2RegsFile 
*          1    00005ca0    00000020     UNINITIALIZED
                  00005ca0    00000020     F2837xS_GlobalVariableDefs.obj (Cmpss2RegsFile)

Cmpss3RegsFile 
*          1    00005cc0    00000020     UNINITIALIZED
                  00005cc0    00000020     F2837xS_GlobalVariableDefs.obj (Cmpss3RegsFile)

Cmpss4RegsFile 
*          1    00005ce0    00000020     UNINITIALIZED
                  00005ce0    00000020     F2837xS_GlobalVariableDefs.obj (Cmpss4RegsFile)

Cmpss5RegsFile 
*          1    00005d00    00000020     UNINITIALIZED
                  00005d00    00000020     F2837xS_GlobalVariableDefs.obj (Cmpss5RegsFile)

Cmpss6RegsFile 
*          1    00005d20    00000020     UNINITIALIZED
                  00005d20    00000020     F2837xS_GlobalVariableDefs.obj (Cmpss6RegsFile)

Cmpss7RegsFile 
*          1    00005d40    00000020     UNINITIALIZED
                  00005d40    00000020     F2837xS_GlobalVariableDefs.obj (Cmpss7RegsFile)

Cmpss8RegsFile 
*          1    00005d60    00000020     UNINITIALIZED
                  00005d60    00000020     F2837xS_GlobalVariableDefs.obj (Cmpss8RegsFile)

Sdfm1RegsFile 
*          1    00005e00    00000080     UNINITIALIZED
                  00005e00    00000080     F2837xS_GlobalVariableDefs.obj (Sdfm1RegsFile)

Sdfm2RegsFile 
*          1    00005e80    00000080     UNINITIALIZED
                  00005e80    00000080     F2837xS_GlobalVariableDefs.obj (Sdfm2RegsFile)

McbspaRegsFile 
*          1    00006000    00000024     UNINITIALIZED
                  00006000    00000024     F2837xS_GlobalVariableDefs.obj (McbspaRegsFile)

McbspbRegsFile 
*          1    00006040    00000024     UNINITIALIZED
                  00006040    00000024     F2837xS_GlobalVariableDefs.obj (McbspbRegsFile)

SpiaRegsFile 
*          1    00006100    00000010     UNINITIALIZED
                  00006100    00000010     F2837xS_GlobalVariableDefs.obj (SpiaRegsFile)

SpibRegsFile 
*          1    00006110    00000010     UNINITIALIZED
                  00006110    00000010     F2837xS_GlobalVariableDefs.obj (SpibRegsFile)

SpicRegsFile 
*          1    00006120    00000010     UNINITIALIZED
                  00006120    00000010     F2837xS_GlobalVariableDefs.obj (SpicRegsFile)

UppRegsFile 
*          1    00006200    00000048     UNINITIALIZED
                  00006200    00000048     F2837xS_GlobalVariableDefs.obj (UppRegsFile)

WdRegsFile 
*          1    00007000    0000002b     UNINITIALIZED
                  00007000    0000002b     F2837xS_GlobalVariableDefs.obj (WdRegsFile)

NmiIntruptRegsFile 
*          1    00007060    00000007     UNINITIALIZED
                  00007060    00000007     F2837xS_GlobalVariableDefs.obj (NmiIntruptRegsFile)

XintRegsFile 
*          1    00007070    0000000b     UNINITIALIZED
                  00007070    0000000b     F2837xS_GlobalVariableDefs.obj (XintRegsFile)

SciaRegsFile 
*          1    00007200    00000010     UNINITIALIZED
                  00007200    00000010     F2837xS_GlobalVariableDefs.obj (SciaRegsFile)

ScibRegsFile 
*          1    00007210    00000010     UNINITIALIZED
                  00007210    00000010     F2837xS_GlobalVariableDefs.obj (ScibRegsFile)

ScicRegsFile 
*          1    00007220    00000010     UNINITIALIZED
                  00007220    00000010     F2837xS_GlobalVariableDefs.obj (ScicRegsFile)

ScidRegsFile 
*          1    00007230    00000010     UNINITIALIZED
                  00007230    00000010     F2837xS_GlobalVariableDefs.obj (ScidRegsFile)

I2caRegsFile 
*          1    00007300    00000022     UNINITIALIZED
                  00007300    00000022     F2837xS_GlobalVariableDefs.obj (I2caRegsFile)

I2cbRegsFile 
*          1    00007340    00000022     UNINITIALIZED
                  00007340    00000022     F2837xS_GlobalVariableDefs.obj (I2cbRegsFile)

InputXbarRegsFile 
*          1    00007900    00000020     UNINITIALIZED
                  00007900    00000020     F2837xS_GlobalVariableDefs.obj (InputXbarRegsFile)

XbarRegsFile 
*          1    00007920    00000020     UNINITIALIZED
                  00007920    00000020     F2837xS_GlobalVariableDefs.obj (XbarRegsFile)

SyncSocRegsFile 
*          1    00007940    00000006     UNINITIALIZED
                  00007940    00000006     F2837xS_GlobalVariableDefs.obj (SyncSocRegsFile)

DmaClaSrcSelRegsFile 
*          1    00007980    0000001a     UNINITIALIZED
                  00007980    0000001a     F2837xS_GlobalVariableDefs.obj (DmaClaSrcSelRegsFile)

EPwmXbarRegsFile 
*          1    00007a00    00000040     UNINITIALIZED
                  00007a00    00000040     F2837xS_GlobalVariableDefs.obj (EPwmXbarRegsFile)

OutputXbarRegsFile 
*          1    00007a80    00000040     UNINITIALIZED
                  00007a80    00000040     F2837xS_GlobalVariableDefs.obj (OutputXbarRegsFile)

GpioCtrlRegsFile 
*          1    00007c00    00000180     UNINITIALIZED
                  00007c00    00000180     F2837xS_GlobalVariableDefs.obj (GpioCtrlRegsFile)

GpioDataRegsFile 
*          1    00007f00    00000030     UNINITIALIZED
                  00007f00    00000030     F2837xS_GlobalVariableDefs.obj (GpioDataRegsFile)

Emif1RegsFile 
*          1    00047000    00000070     UNINITIALIZED
                  00047000    00000070     F2837xS_GlobalVariableDefs.obj (Emif1RegsFile)

Emif2RegsFile 
*          1    00047800    00000070     UNINITIALIZED
                  00047800    00000070     F2837xS_GlobalVariableDefs.obj (Emif2RegsFile)

FlashPumpSemaphoreRegsFile 
*          1    00050024    00000002     UNINITIALIZED
                  00050024    00000002     F2837xS_GlobalVariableDefs.obj (FlashPumpSemaphoreRegsFile)

RomPrefetchRegsFile 
*          1    0005e608    00000002     UNINITIALIZED
                  0005e608    00000002     F2837xS_GlobalVariableDefs.obj (RomPrefetchRegsFile)

DcsmZ1RegsFile 
*          1    0005f000    00000024     UNINITIALIZED
                  0005f000    00000024     F2837xS_GlobalVariableDefs.obj (DcsmZ1RegsFile)

DcsmZ2RegsFile 
*          1    0005f040    00000024     UNINITIALIZED
                  0005f040    00000024     F2837xS_GlobalVariableDefs.obj (DcsmZ2RegsFile)

DcsmCommonRegsFile 
*          1    0005f070    00000008     UNINITIALIZED
                  0005f070    00000008     F2837xS_GlobalVariableDefs.obj (DcsmCommonRegsFile)

MemCfgRegsFile 
*          1    0005f400    00000080     UNINITIALIZED
                  0005f400    00000080     F2837xS_GlobalVariableDefs.obj (MemCfgRegsFile)

Emif1ConfigRegsFile 
*          1    0005f480    00000020     UNINITIALIZED
                  0005f480    00000020     F2837xS_GlobalVariableDefs.obj (Emif1ConfigRegsFile)

Emif2ConfigRegsFile 
*          1    0005f4a0    00000020     UNINITIALIZED
                  0005f4a0    00000020     F2837xS_GlobalVariableDefs.obj (Emif2ConfigRegsFile)

AccessProtectionRegsFile 
*          1    0005f4c0    00000040     UNINITIALIZED
                  0005f4c0    00000040     F2837xS_GlobalVariableDefs.obj (AccessProtectionRegsFile)

MemoryErrorRegsFile 
*          1    0005f500    00000040     UNINITIALIZED
                  0005f500    00000040     F2837xS_GlobalVariableDefs.obj (MemoryErrorRegsFile)

RomWaitStateRegsFile 
*          1    0005f540    00000002     UNINITIALIZED
                  0005f540    00000002     F2837xS_GlobalVariableDefs.obj (RomWaitStateRegsFile)

Flash0CtrlRegsFile 
*          1    0005f800    00000182     UNINITIALIZED
                  0005f800    00000182     F2837xS_GlobalVariableDefs.obj (Flash0CtrlRegsFile)

Flash0EccRegsFile 
*          1    0005fb00    00000028     UNINITIALIZED
                  0005fb00    00000028     F2837xS_GlobalVariableDefs.obj (Flash0EccRegsFile)

Flash1CtrlRegsFile 
*          1    0005fc00    00000182     UNINITIALIZED
                  0005fc00    00000182     F2837xS_GlobalVariableDefs.obj (Flash1CtrlRegsFile)

Flash1EccRegsFile 
*          1    0005ff00    00000028     UNINITIALIZED
                  0005ff00    00000028     F2837xS_GlobalVariableDefs.obj (Flash1EccRegsFile)

DcsmZ1OtpFile 
*          1    00078000    00000020     NOLOAD SECTION
                  00078000    00000020     F2837xS_GlobalVariableDefs.obj (DcsmZ1OtpFile)

DcsmZ2OtpFile 
*          1    00078200    00000020     NOLOAD SECTION
                  00078200    00000020     F2837xS_GlobalVariableDefs.obj (DcsmZ2OtpFile)

DevCfgRegsFile 
*          1    0005d000    0000012e     UNINITIALIZED
                  0005d000    0000012e     F2837xS_GlobalVariableDefs.obj (DevCfgRegsFile)

ClkCfgRegsFile 
*          1    0005d200    00000032     UNINITIALIZED
                  0005d200    00000032     F2837xS_GlobalVariableDefs.obj (ClkCfgRegsFile)

CpuSysRegsFile 
*          1    0005d300    00000082     UNINITIALIZED
                  0005d300    00000082     F2837xS_GlobalVariableDefs.obj (CpuSysRegsFile)


GLOBAL DATA SYMBOLS: SORTED BY DATA PAGE

address     data page           name
--------    ----------------    ----
00000400      10 (00000400)     __stack

00000b00      2c (00000b00)     _AdcaResultRegs
00000b20      2c (00000b00)     _AdcbResultRegs

00000b40      2d (00000b40)     _AdccResultRegs
00000b60      2d (00000b40)     _AdcdResultRegs

00000c00      30 (00000c00)     _CpuTimer0Regs
00000c08      30 (00000c00)     _CpuTimer1Regs
00000c10      30 (00000c00)     _CpuTimer2Regs

00000ce0      33 (00000cc0)     _Cla1SoftIntRegs
00000ce0      33 (00000cc0)     _PieCtrlRegs

00000d00      34 (00000d00)     _EmuKey
00000d00      34 (00000d00)     _PieVectTable
00000d01      34 (00000d00)     _EmuBMode

00001000      40 (00001000)     _DmaRegs

00001400      50 (00001400)     _Cla1Regs

00001480      52 (00001480)     _outputFromCLA

00001500      54 (00001500)     _inputToCLA
00001502      54 (00001500)     _octave
00001504      54 (00001500)     _decibel

00004000     100 (00004000)     _EPwm1Regs

00004100     104 (00004100)     _EPwm2Regs

00004200     108 (00004200)     _EPwm3Regs

00004300     10c (00004300)     _EPwm4Regs

00004400     110 (00004400)     _EPwm5Regs

00004500     114 (00004500)     _EPwm6Regs

00004600     118 (00004600)     _EPwm7Regs

00004700     11c (00004700)     _EPwm8Regs

00004800     120 (00004800)     _EPwm9Regs

00004900     124 (00004900)     _EPwm10Regs

00004a00     128 (00004a00)     _EPwm11Regs

00004b00     12c (00004b00)     _EPwm12Regs

00005000     140 (00005000)     _ECap1Regs
00005020     140 (00005000)     _ECap2Regs

00005040     141 (00005040)     _ECap3Regs
00005060     141 (00005040)     _ECap4Regs

00005080     142 (00005080)     _ECap5Regs
000050a0     142 (00005080)     _ECap6Regs

00005100     144 (00005100)     _EQep1Regs

00005140     145 (00005140)     _EQep2Regs

00005180     146 (00005180)     _EQep3Regs

00005c00     170 (00005c00)     _DacaRegs
00005c10     170 (00005c00)     _DacbRegs
00005c20     170 (00005c00)     _DaccRegs

00005c80     172 (00005c80)     _Cmpss1Regs
00005ca0     172 (00005c80)     _Cmpss2Regs

00005cc0     173 (00005cc0)     _Cmpss3Regs
00005ce0     173 (00005cc0)     _Cmpss4Regs

00005d00     174 (00005d00)     _Cmpss5Regs
00005d20     174 (00005d00)     _Cmpss6Regs

00005d40     175 (00005d40)     _Cmpss7Regs
00005d60     175 (00005d40)     _Cmpss8Regs

00005e00     178 (00005e00)     _Sdfm1Regs

00005e80     17a (00005e80)     _Sdfm2Regs

00006000     180 (00006000)     _McbspaRegs

00006040     181 (00006040)     _McbspbRegs

00006100     184 (00006100)     _SpiaRegs
00006110     184 (00006100)     _SpibRegs
00006120     184 (00006100)     _SpicRegs

00006200     188 (00006200)     _UppRegs

00007000     1c0 (00007000)     _WdRegs

00007060     1c1 (00007040)     _NmiIntruptRegs
00007070     1c1 (00007040)     _XintRegs

00007200     1c8 (00007200)     _SciaRegs
00007210     1c8 (00007200)     _ScibRegs
00007220     1c8 (00007200)     _ScicRegs
00007230     1c8 (00007200)     _ScidRegs

00007300     1cc (00007300)     _I2caRegs

00007340     1cd (00007340)     _I2cbRegs

00007400     1d0 (00007400)     _AdcaRegs

00007480     1d2 (00007480)     _AdcbRegs

00007500     1d4 (00007500)     _AdccRegs

00007580     1d6 (00007580)     _AdcdRegs

00007900     1e4 (00007900)     _InputXbarRegs
00007920     1e4 (00007900)     _XbarRegs

00007940     1e5 (00007940)     _SyncSocRegs

00007980     1e6 (00007980)     _DmaClaSrcSelRegs

00007a00     1e8 (00007a00)     _EPwmXbarRegs

00007a80     1ea (00007a80)     _OutputXbarRegs

00007c00     1f0 (00007c00)     _GpioCtrlRegs

00007f00     1fc (00007f00)     _GpioDataRegs

00008900     224 (00008900)     _A
00008928     224 (00008900)     _B

00008950     225 (00008940)     _out

0000c000     300 (0000c000)     _ScibBufferSize
0000c001     300 (0000c000)     _volumeLevel
0000c002     300 (0000c000)     _ScicBufferSize
0000c003     300 (0000c000)     _foundNorm1
0000c004     300 (0000c000)     _IIR_on
0000c005     300 (0000c000)     _j
0000c006     300 (0000c000)     _i
0000c007     300 (0000c000)     _k
0000c008     300 (0000c000)     _zone
0000c009     300 (0000c000)     _unitID
0000c00a     300 (0000c000)     _h
0000c00b     300 (0000c000)     _foundNorm2
0000c00c     300 (0000c000)     _currentAddress
0000c00d     300 (0000c000)     _movingAverageSize
0000c00e     300 (0000c000)     _l
0000c010     300 (0000c000)     _lfsr9
0000c012     300 (0000c000)     _lfsr5
0000c014     300 (0000c000)     _lfsr11
0000c016     300 (0000c000)     _lfsr8
0000c018     300 (0000c000)     _lfsr7
0000c01a     300 (0000c000)     _lfsr10
0000c01c     300 (0000c000)     _lfsr16
0000c01e     300 (0000c000)     _lfsr13
0000c020     300 (0000c000)     _lfsr14
0000c022     300 (0000c000)     _lfsr12
0000c024     300 (0000c000)     _lfsr6
0000c026     300 (0000c000)     _lfsr15
0000c028     300 (0000c000)     _bit
0000c02a     300 (0000c000)     _maxValue
0000c02c     300 (0000c000)     _minValue
0000c02e     300 (0000c000)     _movingAverage
0000c030     300 (0000c000)     _hnd_firFP
0000c032     300 (0000c000)     _lfsr2
0000c034     300 (0000c000)     _lfsr1
0000c036     300 (0000c000)     _lfsr4
0000c038     300 (0000c000)     _lfsr3

0000c040     301 (0000c040)     _firFP
0000c04e     301 (0000c040)     _receivedChar

0000c080     302 (0000c080)     _ADCReadings

0000c100     304 (0000c100)     _coeffcients2

0000c380     30e (0000c380)     _coeffcients1

0000c600     318 (0000c600)     _FIRBuffer

0000c880     322 (0000c880)     _lfsrArray

0000cc80     332 (0000cc80)     _filteredArray

0000d080     342 (0000d080)     _SCI
0000d084     342 (0000d080)     _MCBSP
0000d088     342 (0000d080)     _I2C
0000d08c     342 (0000d080)     _SDFM
0000d092     342 (0000d080)     _EQEP
0000d09a     342 (0000d080)     _SPI
0000d0a2     342 (0000d080)     _ADC
0000d0ac     342 (0000d080)     _ECAP

0000d0c0     343 (0000d0c0)     _EPWM
0000d0da     343 (0000d0c0)     _TRIP_SEL
0000d0f8     343 (0000d0c0)     _tempSensor_tempOffset
0000d0fa     343 (0000d0c0)     _tempSensor_tempSlope
0000d0fc     343 (0000d0c0)     _tempSensor_scaleFactor
0000d0fe     343 (0000d0c0)     __lock

0000d100     344 (0000d100)     _CpuTimer1
0000d108     344 (0000d100)     _CpuTimer2
0000d110     344 (0000d100)     _CpuTimer0
0000d118     344 (0000d100)     ___TI_cleanup_ptr
0000d11a     344 (0000d100)     ___TI_dtors_ptr
0000d11c     344 (0000d100)     __unlock
0000d11e     344 (0000d100)     _deviceOpen
0000d120     344 (0000d100)     _PieVectTableInit

00047000    11c0 (00047000)     _Emif1Regs

00047800    11e0 (00047800)     _Emif2Regs

00050024    1400 (00050000)     _FlashPumpSemaphoreRegs

0005d000    1740 (0005d000)     _DevCfgRegs

0005d180    1746 (0005d180)     _AnalogSubsysRegs

0005d200    1748 (0005d200)     _ClkCfgRegs

0005d300    174c (0005d300)     _CpuSysRegs

0005e608    1798 (0005e600)     _RomPrefetchRegs

0005f000    17c0 (0005f000)     _DcsmZ1Regs

0005f040    17c1 (0005f040)     _DcsmZ2Regs
0005f070    17c1 (0005f040)     _DcsmCommonRegs

0005f400    17d0 (0005f400)     _MemCfgRegs

0005f480    17d2 (0005f480)     _Emif1ConfigRegs
0005f4a0    17d2 (0005f480)     _Emif2ConfigRegs

0005f4c0    17d3 (0005f4c0)     _AccessProtectionRegs

0005f500    17d4 (0005f500)     _MemoryErrorRegs

0005f540    17d5 (0005f540)     _RomWaitStateRegs

0005f800    17e0 (0005f800)     _Flash0CtrlRegs

0005fb00    17ec (0005fb00)     _Flash0EccRegs

0005fc00    17f0 (0005fc00)     _Flash1CtrlRegs

0005ff00    17fc (0005ff00)     _Flash1EccRegs

00078000    1e00 (00078000)     _DcsmZ1Otp

00078200    1e08 (00078200)     _DcsmZ2Otp


GLOBAL SYMBOLS: SORTED ALPHABETICALLY BY Name 

page  address   name                                  
----  -------   ----                                  
1     00016000  .text                                 
1     00017680  C$$EXIT                               
abs   00000100  CLA_SCRATCHPAD_SIZE                   
1     00008900  _A                                    
1     0000d0a2  _ADC                                  
1     000166fa  _ADCA1_ISR                            
1     000169ba  _ADCA2_ISR                            
1     000169c5  _ADCA3_ISR                            
1     000169d0  _ADCA4_ISR                            
1     000169af  _ADCA_EVT_ISR                         
1     00016705  _ADCB1_ISR                            
1     000169e6  _ADCB2_ISR                            
1     000169f1  _ADCB3_ISR                            
1     000169fc  _ADCB4_ISR                            
1     000169db  _ADCB_EVT_ISR                         
1     00016710  _ADCC1_ISR                            
1     00016b72  _ADCC2_ISR                            
1     00016b7d  _ADCC3_ISR                            
1     00016b88  _ADCC4_ISR                            
1     00016b67  _ADCC_EVT_ISR                         
1     00016731  _ADCD1_ISR                            
1     00016b9e  _ADCD2_ISR                            
1     00016ba9  _ADCD3_ISR                            
1     00016bb4  _ADCD4_ISR                            
1     00016b93  _ADCD_EVT_ISR                         
1     0000c080  _ADCReadings                          
1     00016bf6  _AUX_PLL_SLIP_ISR                     
1     0005f4c0  _AccessProtectionRegs                 
1     00017434  _AdcSetMode                           
1     00007400  _AdcaRegs                             
1     00000b00  _AdcaResultRegs                       
1     00007480  _AdcbRegs                             
1     00000b20  _AdcbResultRegs                       
1     00007500  _AdccRegs                             
1     00000b40  _AdccResultRegs                       
1     00007580  _AdcdRegs                             
1     00000b60  _AdcdResultRegs                       
1     0005d180  _AnalogSubsysRegs                     
1     0001719d  _AuxAuxClkSel                         
1     00017187  _AuxIntOsc2Sel                        
1     00017191  _AuxXtalOscSel                        
1     00008928  _B                                    
1     00016983  _CANA0_ISR                            
1     0001698e  _CANA1_ISR                            
1     00016999  _CANB0_ISR                            
1     000169a4  _CANB1_ISR                            
1     00016a07  _CLA1_1_ISR                           
1     00016a12  _CLA1_2_ISR                           
1     00016a1d  _CLA1_3_ISR                           
1     00016a28  _CLA1_4_ISR                           
1     00016a33  _CLA1_5_ISR                           
1     00016a3e  _CLA1_6_ISR                           
1     00016a49  _CLA1_7_ISR                           
1     00016a54  _CLA1_8_ISR                           
1     00016c01  _CLA_OVERFLOW_ISR                     
1     00016c0c  _CLA_UNDERFLOW_ISR                    
1     000165dd  _CLA_configClaMemory                  
1     00016606  _CLA_initCpu1Cla1                     
1     000174df  _CalAdcINL                            
1     00001400  _Cla1Regs                             
0     00000ce0  _Cla1SoftIntRegs                      
0     0000a876  _Cla1Task1                            
0     0000a882  _Cla1Task2                            
0     0000a800  _Cla1Task3                            
1     0005d200  _ClkCfgRegs                           
1     00005c80  _Cmpss1Regs                           
1     00005ca0  _Cmpss2Regs                           
1     00005cc0  _Cmpss3Regs                           
1     00005ce0  _Cmpss4Regs                           
1     00005d00  _Cmpss5Regs                           
1     00005d20  _Cmpss6Regs                           
1     00005d40  _Cmpss7Regs                           
1     00005d60  _Cmpss8Regs                           
1     00017560  _ConfigCpuTimer                       
1     0005d300  _CpuSysRegs                           
1     0000d110  _CpuTimer0                            
1     00000c00  _CpuTimer0Regs                        
1     0000d100  _CpuTimer1                            
1     00000c08  _CpuTimer1Regs                        
1     0000d108  _CpuTimer2                            
1     00000c10  _CpuTimer2Regs                        
1     00017146  _CsmUnlock                            
1     0001663f  _DATALOG_ISR                          
1     000168bd  _DMA_CH1_ISR                          
1     000168c8  _DMA_CH2_ISR                          
1     000168d3  _DMA_CH3_ISR                          
1     000168de  _DMA_CH4_ISR                          
1     000168e9  _DMA_CH5_ISR                          
1     000168f4  _DMA_CH6_ISR                          
1     00005c00  _DacaRegs                             
1     00005c10  _DacbRegs                             
1     00005c20  _DaccRegs                             
1     0005f070  _DcsmCommonRegs                       
1     00078000  _DcsmZ1Otp                            
1     0005f000  _DcsmZ1Regs                           
1     00078200  _DcsmZ2Otp                            
1     0005f040  _DcsmZ2Regs                           
1     0005d000  _DevCfgRegs                           
1     0001700e  _DisableDog                           
1     00016fe8  _DisablePeripheralClocks              
1     00007980  _DmaClaSrcSelRegs                     
1     00001000  _DmaRegs                              
1     0000d0ac  _ECAP                                 
1     00016802  _ECAP1_ISR                            
1     0001680d  _ECAP2_ISR                            
1     00016818  _ECAP3_ISR                            
1     00016823  _ECAP4_ISR                            
1     0001682e  _ECAP5_ISR                            
1     00016839  _ECAP6_ISR                            
1     00005000  _ECap1Regs                            
1     00005020  _ECap2Regs                            
1     00005040  _ECap3Regs                            
1     00005060  _ECap4Regs                            
1     00005080  _ECap5Regs                            
1     000050a0  _ECap6Regs                            
1     00016bbf  _EMIF_ERROR_ISR                       
1     00016c22  _EMPTY_ISR                            
1     00016655  _EMU_ISR                              
1     0000d0c0  _EPWM                                 
1     00016b04  _EPWM10_ISR                           
1     00016ad8  _EPWM10_TZ_ISR                        
1     00016b0f  _EPWM11_ISR                           
1     00016ae3  _EPWM11_TZ_ISR                        
1     00016b1a  _EPWM12_ISR                           
1     00016aee  _EPWM12_TZ_ISR                        
1     000167aa  _EPWM1_ISR                            
1     00016752  _EPWM1_TZ_ISR                         
1     000167b5  _EPWM2_ISR                            
1     0001675d  _EPWM2_TZ_ISR                         
1     000167c0  _EPWM3_ISR                            
1     00016768  _EPWM3_TZ_ISR                         
1     000167cb  _EPWM4_ISR                            
1     00016773  _EPWM4_TZ_ISR                         
1     000167d6  _EPWM5_ISR                            
1     0001677e  _EPWM5_TZ_ISR                         
1     000167e1  _EPWM6_ISR                            
1     00016789  _EPWM6_TZ_ISR                         
1     000167ec  _EPWM7_ISR                            
1     00016794  _EPWM7_TZ_ISR                         
1     000167f7  _EPWM8_ISR                            
1     0001679f  _EPWM8_TZ_ISR                         
1     00016af9  _EPWM9_ISR                            
1     00016acd  _EPWM9_TZ_ISR                         
1     00004900  _EPwm10Regs                           
1     00004a00  _EPwm11Regs                           
1     00004b00  _EPwm12Regs                           
1     00004000  _EPwm1Regs                            
1     00004100  _EPwm2Regs                            
1     00004200  _EPwm3Regs                            
1     00004300  _EPwm4Regs                            
1     00004400  _EPwm5Regs                            
1     00004500  _EPwm6Regs                            
1     00004600  _EPwm7Regs                            
1     00004700  _EPwm8Regs                            
1     00004800  _EPwm9Regs                            
1     00007a00  _EPwmXbarRegs                         
1     0000d092  _EQEP                                 
1     00016844  _EQEP1_ISR                            
1     0001684f  _EQEP2_ISR                            
1     0001685a  _EQEP3_ISR                            
1     00005100  _EQep1Regs                            
1     00005140  _EQep2Regs                            
1     00005180  _EQep3Regs                            
1     0005f480  _Emif1ConfigRegs                      
1     00047000  _Emif1Regs                            
1     0005f4a0  _Emif2ConfigRegs                      
1     00047800  _Emif2Regs                            
1     00000d01  _EmuBMode                             
1     00000d00  _EmuKey                               
1     00017636  _EnableInterrupts                     
0     00000122  _F28x_usDelay                         
1     0000c600  _FIRBuffer                            
1     000175ec  _FIR_FP_calc                          
1     000175e0  _FIR_FP_init                          
1     00016bd5  _FLASH_CORRECTABLE_ERROR_ISR          
1     00016a8b  _FPU_OVERFLOW_ISR                     
1     00016a96  _FPU_UNDERFLOW_ISR                    
1     000176a0  _FPU_initEpie                         
1     00017699  _FPU_initSystemClocks                 
1     0005f800  _Flash0CtrlRegs                       
1     0005fb00  _Flash0EccRegs                        
1     0005fc00  _Flash1CtrlRegs                       
1     0005ff00  _Flash1EccRegs                        
1     00050024  _FlashPumpSemaphoreRegs               
1     000173e6  _GPIO_EnableUnbondedIOPullups         
1     000173c1  _GPIO_EnableUnbondedIOPullupsFor100Pin
1     000173a8  _GPIO_EnableUnbondedIOPullupsFor176Pin
1     000173fe  _GPIO_ReadPin                         
1     0001734c  _GPIO_SetupLock                       
1     00017224  _GPIO_SetupPinMux                     
1     000172b3  _GPIO_SetupPinOptions                 
1     00017376  _GPIO_SetupXINT1Gpio                  
1     00017380  _GPIO_SetupXINT2Gpio                  
1     0001738a  _GPIO_SetupXINT3Gpio                  
1     00017394  _GPIO_SetupXINT4Gpio                  
1     0001739e  _GPIO_SetupXINT5Gpio                  
1     00017415  _GPIO_WritePin                        
1     00007c00  _GpioCtrlRegs                         
1     00007f00  _GpioDataRegs                         
1     000171bb  _HALT                                 
1     000171cc  _HIB                                  
1     0000d088  _I2C                                  
1     0001690a  _I2CA_FIFO_ISR                        
1     000168ff  _I2CA_ISR                             
1     00016920  _I2CB_FIFO_ISR                        
1     00016915  _I2CB_ISR                             
1     00007300  _I2caRegs                             
1     00007340  _I2cbRegs                             
1     000171a7  _IDLE                                 
1     0000c004  _IIR_on                               
1     0001666b  _ILLEGAL_ISR                          
1     00016aa1  _IPC0_ISR                             
1     00016aac  _IPC1_ISR                             
1     00016ab7  _IPC2_ISR                             
1     00016ac2  _IPC3_ISR                             
1     000170aa  _InitAuxPll                           
1     0001751f  _InitCpuTimers                        
1     000171e0  _InitGpio                             
1     00016f64  _InitPeripheralClocks                 
1     00017617  _InitPieCtrl                          
1     0001763f  _InitPieVectTable                     
1     00016f33  _InitSysCtrl                          
1     0001701c  _InitSysPll                           
1     00007900  _InputXbarRegs                        
1     0000d084  _MCBSP                                
1     00016891  _MCBSPA_RX_ISR                        
1     0001689c  _MCBSPA_TX_ISR                        
1     000168a7  _MCBSPB_RX_ISR                        
1     000168b2  _MCBSPB_TX_ISR                        
1     00006000  _McbspaRegs                           
1     00006040  _McbspbRegs                           
1     0005f400  _MemCfgRegs                           
1     0005f500  _MemoryErrorRegs                      
1     00016660  _NMI_ISR                              
1     00016c2f  _NOTUSED_ISR                          
1     00007060  _NmiIntruptRegs                       
1     00007a80  _OutputXbarRegs                       
1     00016c17  _PIE_RESERVED_ISR                     
1     00000ce0  _PieCtrlRegs                          
1     00000d00  _PieVectTable                         
1     0000d120  _PieVectTableInit                     
1     00016be0  _RAM_ACCESS_VIOLATION_ISR             
1     00016bca  _RAM_CORRECTABLE_ERROR_ISR            
1     0001664a  _RTOS_ISR                             
1     0005e608  _RomPrefetchRegs                      
1     0005f540  _RomWaitStateRegs                     
1     0000d080  _SCI                                  
1     00016957  _SCIA_RX_ISR                          
1     00016962  _SCIA_TX_ISR                          
1     0001696d  _SCIB_RX_ISR                          
1     00016978  _SCIB_TX_ISR                          
1     0001692b  _SCIC_RX_ISR                          
1     00016936  _SCIC_TX_ISR                          
1     00016941  _SCID_RX_ISR                          
1     0001694c  _SCID_TX_ISR                          
1     00016b25  _SD1_ISR                              
1     00016b30  _SD2_ISR                              
1     0000d08c  _SDFM                                 
1     0000d09a  _SPI                                  
1     00016865  _SPIA_RX_ISR                          
1     00016870  _SPIA_TX_ISR                          
1     0001687b  _SPIB_RX_ISR                          
1     00016886  _SPIB_TX_ISR                          
1     00016b3b  _SPIC_RX_ISR                          
1     00016b46  _SPIC_TX_ISR                          
1     000171b0  _STANDBY                              
1     00016beb  _SYS_PLL_SLIP_ISR                     
1     00007200  _SciaRegs                             
1     0000c000  _ScibBufferSize                       
1     00007210  _ScibRegs                             
1     0000c002  _ScicBufferSize                       
1     00007220  _ScicRegs                             
1     00007230  _ScidRegs                             
1     00005e00  _Sdfm1Regs                            
1     00005e80  _Sdfm2Regs                            
1     00017000  _ServiceDog                           
1     000176be  _SetDBGIER                            
1     00006100  _SpiaRegs                             
1     00006110  _SpibRegs                             
1     00006120  _SpicRegs                             
1     00007940  _SyncSocRegs                          
1     00017167  _SysIntOsc1Sel                        
1     00017171  _SysIntOsc2Sel                        
1     0001717b  _SysXtalOscSel                        
1     0001673c  _TIMER0_ISR                           
1     00016629  _TIMER1_ISR                           
1     00016634  _TIMER2_ISR                           
1     0000d0da  _TRIP_SEL                             
1     00016b51  _UPPA_ISR                             
1     00016b5c  _USBA_ISR                             
1     000166d9  _USER10_ISR                           
1     000166e4  _USER11_ISR                           
1     000166ef  _USER12_ISR                           
1     00016676  _USER1_ISR                            
1     00016681  _USER2_ISR                            
1     0001668c  _USER3_ISR                            
1     00016697  _USER4_ISR                            
1     000166a2  _USER5_ISR                            
1     000166ad  _USER6_ISR                            
1     000166b8  _USER7_ISR                            
1     000166c3  _USER8_ISR                            
1     000166ce  _USER9_ISR                            
1     00006200  _UppRegs                              
1     00016a80  _VCU_ISR                              
1     00016747  _WAKE_ISR                             
1     00007000  _WdRegs                               
1     0001671b  _XINT1_ISR                            
1     00016726  _XINT2_ISR                            
1     00016a5f  _XINT3_ISR                            
1     00016a6a  _XINT4_ISR                            
1     00016a75  _XINT5_ISR                            
1     00007920  _XbarRegs                             
1     00007070  _XintRegs                             
1     00000500  __STACK_END                           
abs   00000100  __STACK_SIZE                          
1     0000d118  ___TI_cleanup_ptr                     
1     0000d11a  ___TI_dtors_ptr                       
abs   ffffffff  ___binit__                            
abs   ffffffff  ___c_args__                           
1     00018000  ___cinit__                            
1     000176c1  ___etext__                            
abs   ffffffff  ___pinit__                            
1     00016000  ___text__                             
1     00017667  __args_main                           
1     0000d0fe  __lock                                
1     000176b5  __nop                                 
1     000176b1  __register_lock                       
1     000176ad  __register_unlock                     
1     00000400  __stack                               
1     0000d11c  __unlock                              
1     00017680  _abort                                
1     00016d54  _adca1_ISR                            
1     0000c028  _bit                                  
1     0001759a  _c_int00                              
1     00016ed3  _cla1Isr1                             
1     00016f11  _cla1Isr2                             
1     00016f22  _cla1Isr3                             
1     0000c380  _coeffcients1                         
1     0000c100  _coeffcients2                         
1     00016c3a  _cpu_timer0_isr                       
1     00016d43  _cpu_timer1_isr                       
1     0000c00c  _currentAddress                       
1     00001504  _decibel                              
1     0000d11e  _deviceOpen                           
1     000176ab  _done                                 
1     00017682  _exit                                 
1     0000cc80  _filteredArray                        
1     0000c040  _firFP                                
1     0000c003  _foundNorm1                           
1     0000c00b  _foundNorm2                           
1     0000c00a  _h                                    
1     0000c030  _hnd_firFP                            
1     0000c006  _i                                    
1     00016034  _initialize                           
1     000161a1  _initializeADC                        
1     000160cd  _initializeFilter                     
1     000161d2  _initializeUart                       
1     00001500  _inputToCLA                           
1     0000c005  _j                                    
1     0000c007  _k                                    
1     0000c00e  _l                                    
1     0000c034  _lfsr1                                
1     0000c01a  _lfsr10                               
1     0000c014  _lfsr11                               
1     0000c022  _lfsr12                               
1     0000c01e  _lfsr13                               
1     0000c020  _lfsr14                               
1     0000c026  _lfsr15                               
1     0000c01c  _lfsr16                               
1     0000c032  _lfsr2                                
1     0000c038  _lfsr3                                
1     0000c036  _lfsr4                                
1     0000c012  _lfsr5                                
1     0000c024  _lfsr6                                
1     0000c018  _lfsr7                                
1     0000c016  _lfsr8                                
1     0000c010  _lfsr9                                
1     0000c880  _lfsrArray                            
1     0001628c  _loadWhiteNoiseSamples                
1     00016009  _main                                 
1     0000c02a  _maxValue                             
1     0000c02c  _minValue                             
1     0000c02e  _movingAverage                        
1     0000c00d  _movingAverageSize                    
1     00001502  _octave                               
1     00008950  _out                                  
1     00001480  _outputFromCLA                        
1     0000c04e  _receivedChar                         
1     00016dbf  _scibRxFifoIsr                        
1     00016ec0  _scicRxFifoIsr                        
1     00016265  _setMASize                            
1     0000d0fc  _tempSensor_scaleFactor               
1     0000d0f8  _tempSensor_tempOffset                
1     0000d0fa  _tempSensor_tempSlope                 
1     0000c009  _unitID                               
1     0000c001  _volumeLevel                          
1     0000c008  _zone                                 
abs   ffffffff  binit                                 
1     00018000  cinit                                 
0     00000000  code_start                            
1     000176c1  etext                                 
abs   ffffffff  pinit                                 


GLOBAL SYMBOLS: SORTED BY Symbol Address 

page  address   name                                  
----  -------   ----                                  
0     00000000  code_start                            
0     00000122  _F28x_usDelay                         
0     00000ce0  _Cla1SoftIntRegs                      
0     0000a800  _Cla1Task3                            
0     0000a876  _Cla1Task1                            
0     0000a882  _Cla1Task2                            
1     00000400  __stack                               
1     00000500  __STACK_END                           
1     00000b00  _AdcaResultRegs                       
1     00000b20  _AdcbResultRegs                       
1     00000b40  _AdccResultRegs                       
1     00000b60  _AdcdResultRegs                       
1     00000c00  _CpuTimer0Regs                        
1     00000c08  _CpuTimer1Regs                        
1     00000c10  _CpuTimer2Regs                        
1     00000ce0  _PieCtrlRegs                          
1     00000d00  _EmuKey                               
1     00000d00  _PieVectTable                         
1     00000d01  _EmuBMode                             
1     00001000  _DmaRegs                              
1     00001400  _Cla1Regs                             
1     00001480  _outputFromCLA                        
1     00001500  _inputToCLA                           
1     00001502  _octave                               
1     00001504  _decibel                              
1     00004000  _EPwm1Regs                            
1     00004100  _EPwm2Regs                            
1     00004200  _EPwm3Regs                            
1     00004300  _EPwm4Regs                            
1     00004400  _EPwm5Regs                            
1     00004500  _EPwm6Regs                            
1     00004600  _EPwm7Regs                            
1     00004700  _EPwm8Regs                            
1     00004800  _EPwm9Regs                            
1     00004900  _EPwm10Regs                           
1     00004a00  _EPwm11Regs                           
1     00004b00  _EPwm12Regs                           
1     00005000  _ECap1Regs                            
1     00005020  _ECap2Regs                            
1     00005040  _ECap3Regs                            
1     00005060  _ECap4Regs                            
1     00005080  _ECap5Regs                            
1     000050a0  _ECap6Regs                            
1     00005100  _EQep1Regs                            
1     00005140  _EQep2Regs                            
1     00005180  _EQep3Regs                            
1     00005c00  _DacaRegs                             
1     00005c10  _DacbRegs                             
1     00005c20  _DaccRegs                             
1     00005c80  _Cmpss1Regs                           
1     00005ca0  _Cmpss2Regs                           
1     00005cc0  _Cmpss3Regs                           
1     00005ce0  _Cmpss4Regs                           
1     00005d00  _Cmpss5Regs                           
1     00005d20  _Cmpss6Regs                           
1     00005d40  _Cmpss7Regs                           
1     00005d60  _Cmpss8Regs                           
1     00005e00  _Sdfm1Regs                            
1     00005e80  _Sdfm2Regs                            
1     00006000  _McbspaRegs                           
1     00006040  _McbspbRegs                           
1     00006100  _SpiaRegs                             
1     00006110  _SpibRegs                             
1     00006120  _SpicRegs                             
1     00006200  _UppRegs                              
1     00007000  _WdRegs                               
1     00007060  _NmiIntruptRegs                       
1     00007070  _XintRegs                             
1     00007200  _SciaRegs                             
1     00007210  _ScibRegs                             
1     00007220  _ScicRegs                             
1     00007230  _ScidRegs                             
1     00007300  _I2caRegs                             
1     00007340  _I2cbRegs                             
1     00007400  _AdcaRegs                             
1     00007480  _AdcbRegs                             
1     00007500  _AdccRegs                             
1     00007580  _AdcdRegs                             
1     00007900  _InputXbarRegs                        
1     00007920  _XbarRegs                             
1     00007940  _SyncSocRegs                          
1     00007980  _DmaClaSrcSelRegs                     
1     00007a00  _EPwmXbarRegs                         
1     00007a80  _OutputXbarRegs                       
1     00007c00  _GpioCtrlRegs                         
1     00007f00  _GpioDataRegs                         
1     00008900  _A                                    
1     00008928  _B                                    
1     00008950  _out                                  
1     0000c000  _ScibBufferSize                       
1     0000c001  _volumeLevel                          
1     0000c002  _ScicBufferSize                       
1     0000c003  _foundNorm1                           
1     0000c004  _IIR_on                               
1     0000c005  _j                                    
1     0000c006  _i                                    
1     0000c007  _k                                    
1     0000c008  _zone                                 
1     0000c009  _unitID                               
1     0000c00a  _h                                    
1     0000c00b  _foundNorm2                           
1     0000c00c  _currentAddress                       
1     0000c00d  _movingAverageSize                    
1     0000c00e  _l                                    
1     0000c010  _lfsr9                                
1     0000c012  _lfsr5                                
1     0000c014  _lfsr11                               
1     0000c016  _lfsr8                                
1     0000c018  _lfsr7                                
1     0000c01a  _lfsr10                               
1     0000c01c  _lfsr16                               
1     0000c01e  _lfsr13                               
1     0000c020  _lfsr14                               
1     0000c022  _lfsr12                               
1     0000c024  _lfsr6                                
1     0000c026  _lfsr15                               
1     0000c028  _bit                                  
1     0000c02a  _maxValue                             
1     0000c02c  _minValue                             
1     0000c02e  _movingAverage                        
1     0000c030  _hnd_firFP                            
1     0000c032  _lfsr2                                
1     0000c034  _lfsr1                                
1     0000c036  _lfsr4                                
1     0000c038  _lfsr3                                
1     0000c040  _firFP                                
1     0000c04e  _receivedChar                         
1     0000c080  _ADCReadings                          
1     0000c100  _coeffcients2                         
1     0000c380  _coeffcients1                         
1     0000c600  _FIRBuffer                            
1     0000c880  _lfsrArray                            
1     0000cc80  _filteredArray                        
1     0000d080  _SCI                                  
1     0000d084  _MCBSP                                
1     0000d088  _I2C                                  
1     0000d08c  _SDFM                                 
1     0000d092  _EQEP                                 
1     0000d09a  _SPI                                  
1     0000d0a2  _ADC                                  
1     0000d0ac  _ECAP                                 
1     0000d0c0  _EPWM                                 
1     0000d0da  _TRIP_SEL                             
1     0000d0f8  _tempSensor_tempOffset                
1     0000d0fa  _tempSensor_tempSlope                 
1     0000d0fc  _tempSensor_scaleFactor               
1     0000d0fe  __lock                                
1     0000d100  _CpuTimer1                            
1     0000d108  _CpuTimer2                            
1     0000d110  _CpuTimer0                            
1     0000d118  ___TI_cleanup_ptr                     
1     0000d11a  ___TI_dtors_ptr                       
1     0000d11c  __unlock                              
1     0000d11e  _deviceOpen                           
1     0000d120  _PieVectTableInit                     
1     00016000  .text                                 
1     00016000  ___text__                             
1     00016009  _main                                 
1     00016034  _initialize                           
1     000160cd  _initializeFilter                     
1     000161a1  _initializeADC                        
1     000161d2  _initializeUart                       
1     00016265  _setMASize                            
1     0001628c  _loadWhiteNoiseSamples                
1     000165dd  _CLA_configClaMemory                  
1     00016606  _CLA_initCpu1Cla1                     
1     00016629  _TIMER1_ISR                           
1     00016634  _TIMER2_ISR                           
1     0001663f  _DATALOG_ISR                          
1     0001664a  _RTOS_ISR                             
1     00016655  _EMU_ISR                              
1     00016660  _NMI_ISR                              
1     0001666b  _ILLEGAL_ISR                          
1     00016676  _USER1_ISR                            
1     00016681  _USER2_ISR                            
1     0001668c  _USER3_ISR                            
1     00016697  _USER4_ISR                            
1     000166a2  _USER5_ISR                            
1     000166ad  _USER6_ISR                            
1     000166b8  _USER7_ISR                            
1     000166c3  _USER8_ISR                            
1     000166ce  _USER9_ISR                            
1     000166d9  _USER10_ISR                           
1     000166e4  _USER11_ISR                           
1     000166ef  _USER12_ISR                           
1     000166fa  _ADCA1_ISR                            
1     00016705  _ADCB1_ISR                            
1     00016710  _ADCC1_ISR                            
1     0001671b  _XINT1_ISR                            
1     00016726  _XINT2_ISR                            
1     00016731  _ADCD1_ISR                            
1     0001673c  _TIMER0_ISR                           
1     00016747  _WAKE_ISR                             
1     00016752  _EPWM1_TZ_ISR                         
1     0001675d  _EPWM2_TZ_ISR                         
1     00016768  _EPWM3_TZ_ISR                         
1     00016773  _EPWM4_TZ_ISR                         
1     0001677e  _EPWM5_TZ_ISR                         
1     00016789  _EPWM6_TZ_ISR                         
1     00016794  _EPWM7_TZ_ISR                         
1     0001679f  _EPWM8_TZ_ISR                         
1     000167aa  _EPWM1_ISR                            
1     000167b5  _EPWM2_ISR                            
1     000167c0  _EPWM3_ISR                            
1     000167cb  _EPWM4_ISR                            
1     000167d6  _EPWM5_ISR                            
1     000167e1  _EPWM6_ISR                            
1     000167ec  _EPWM7_ISR                            
1     000167f7  _EPWM8_ISR                            
1     00016802  _ECAP1_ISR                            
1     0001680d  _ECAP2_ISR                            
1     00016818  _ECAP3_ISR                            
1     00016823  _ECAP4_ISR                            
1     0001682e  _ECAP5_ISR                            
1     00016839  _ECAP6_ISR                            
1     00016844  _EQEP1_ISR                            
1     0001684f  _EQEP2_ISR                            
1     0001685a  _EQEP3_ISR                            
1     00016865  _SPIA_RX_ISR                          
1     00016870  _SPIA_TX_ISR                          
1     0001687b  _SPIB_RX_ISR                          
1     00016886  _SPIB_TX_ISR                          
1     00016891  _MCBSPA_RX_ISR                        
1     0001689c  _MCBSPA_TX_ISR                        
1     000168a7  _MCBSPB_RX_ISR                        
1     000168b2  _MCBSPB_TX_ISR                        
1     000168bd  _DMA_CH1_ISR                          
1     000168c8  _DMA_CH2_ISR                          
1     000168d3  _DMA_CH3_ISR                          
1     000168de  _DMA_CH4_ISR                          
1     000168e9  _DMA_CH5_ISR                          
1     000168f4  _DMA_CH6_ISR                          
1     000168ff  _I2CA_ISR                             
1     0001690a  _I2CA_FIFO_ISR                        
1     00016915  _I2CB_ISR                             
1     00016920  _I2CB_FIFO_ISR                        
1     0001692b  _SCIC_RX_ISR                          
1     00016936  _SCIC_TX_ISR                          
1     00016941  _SCID_RX_ISR                          
1     0001694c  _SCID_TX_ISR                          
1     00016957  _SCIA_RX_ISR                          
1     00016962  _SCIA_TX_ISR                          
1     0001696d  _SCIB_RX_ISR                          
1     00016978  _SCIB_TX_ISR                          
1     00016983  _CANA0_ISR                            
1     0001698e  _CANA1_ISR                            
1     00016999  _CANB0_ISR                            
1     000169a4  _CANB1_ISR                            
1     000169af  _ADCA_EVT_ISR                         
1     000169ba  _ADCA2_ISR                            
1     000169c5  _ADCA3_ISR                            
1     000169d0  _ADCA4_ISR                            
1     000169db  _ADCB_EVT_ISR                         
1     000169e6  _ADCB2_ISR                            
1     000169f1  _ADCB3_ISR                            
1     000169fc  _ADCB4_ISR                            
1     00016a07  _CLA1_1_ISR                           
1     00016a12  _CLA1_2_ISR                           
1     00016a1d  _CLA1_3_ISR                           
1     00016a28  _CLA1_4_ISR                           
1     00016a33  _CLA1_5_ISR                           
1     00016a3e  _CLA1_6_ISR                           
1     00016a49  _CLA1_7_ISR                           
1     00016a54  _CLA1_8_ISR                           
1     00016a5f  _XINT3_ISR                            
1     00016a6a  _XINT4_ISR                            
1     00016a75  _XINT5_ISR                            
1     00016a80  _VCU_ISR                              
1     00016a8b  _FPU_OVERFLOW_ISR                     
1     00016a96  _FPU_UNDERFLOW_ISR                    
1     00016aa1  _IPC0_ISR                             
1     00016aac  _IPC1_ISR                             
1     00016ab7  _IPC2_ISR                             
1     00016ac2  _IPC3_ISR                             
1     00016acd  _EPWM9_TZ_ISR                         
1     00016ad8  _EPWM10_TZ_ISR                        
1     00016ae3  _EPWM11_TZ_ISR                        
1     00016aee  _EPWM12_TZ_ISR                        
1     00016af9  _EPWM9_ISR                            
1     00016b04  _EPWM10_ISR                           
1     00016b0f  _EPWM11_ISR                           
1     00016b1a  _EPWM12_ISR                           
1     00016b25  _SD1_ISR                              
1     00016b30  _SD2_ISR                              
1     00016b3b  _SPIC_RX_ISR                          
1     00016b46  _SPIC_TX_ISR                          
1     00016b51  _UPPA_ISR                             
1     00016b5c  _USBA_ISR                             
1     00016b67  _ADCC_EVT_ISR                         
1     00016b72  _ADCC2_ISR                            
1     00016b7d  _ADCC3_ISR                            
1     00016b88  _ADCC4_ISR                            
1     00016b93  _ADCD_EVT_ISR                         
1     00016b9e  _ADCD2_ISR                            
1     00016ba9  _ADCD3_ISR                            
1     00016bb4  _ADCD4_ISR                            
1     00016bbf  _EMIF_ERROR_ISR                       
1     00016bca  _RAM_CORRECTABLE_ERROR_ISR            
1     00016bd5  _FLASH_CORRECTABLE_ERROR_ISR          
1     00016be0  _RAM_ACCESS_VIOLATION_ISR             
1     00016beb  _SYS_PLL_SLIP_ISR                     
1     00016bf6  _AUX_PLL_SLIP_ISR                     
1     00016c01  _CLA_OVERFLOW_ISR                     
1     00016c0c  _CLA_UNDERFLOW_ISR                    
1     00016c17  _PIE_RESERVED_ISR                     
1     00016c22  _EMPTY_ISR                            
1     00016c2f  _NOTUSED_ISR                          
1     00016c3a  _cpu_timer0_isr                       
1     00016d43  _cpu_timer1_isr                       
1     00016d54  _adca1_ISR                            
1     00016dbf  _scibRxFifoIsr                        
1     00016ec0  _scicRxFifoIsr                        
1     00016ed3  _cla1Isr1                             
1     00016f11  _cla1Isr2                             
1     00016f22  _cla1Isr3                             
1     00016f33  _InitSysCtrl                          
1     00016f64  _InitPeripheralClocks                 
1     00016fe8  _DisablePeripheralClocks              
1     00017000  _ServiceDog                           
1     0001700e  _DisableDog                           
1     0001701c  _InitSysPll                           
1     000170aa  _InitAuxPll                           
1     00017146  _CsmUnlock                            
1     00017167  _SysIntOsc1Sel                        
1     00017171  _SysIntOsc2Sel                        
1     0001717b  _SysXtalOscSel                        
1     00017187  _AuxIntOsc2Sel                        
1     00017191  _AuxXtalOscSel                        
1     0001719d  _AuxAuxClkSel                         
1     000171a7  _IDLE                                 
1     000171b0  _STANDBY                              
1     000171bb  _HALT                                 
1     000171cc  _HIB                                  
1     000171e0  _InitGpio                             
1     00017224  _GPIO_SetupPinMux                     
1     000172b3  _GPIO_SetupPinOptions                 
1     0001734c  _GPIO_SetupLock                       
1     00017376  _GPIO_SetupXINT1Gpio                  
1     00017380  _GPIO_SetupXINT2Gpio                  
1     0001738a  _GPIO_SetupXINT3Gpio                  
1     00017394  _GPIO_SetupXINT4Gpio                  
1     0001739e  _GPIO_SetupXINT5Gpio                  
1     000173a8  _GPIO_EnableUnbondedIOPullupsFor176Pin
1     000173c1  _GPIO_EnableUnbondedIOPullupsFor100Pin
1     000173e6  _GPIO_EnableUnbondedIOPullups         
1     000173fe  _GPIO_ReadPin                         
1     00017415  _GPIO_WritePin                        
1     00017434  _AdcSetMode                           
1     000174df  _CalAdcINL                            
1     0001751f  _InitCpuTimers                        
1     00017560  _ConfigCpuTimer                       
1     0001759a  _c_int00                              
1     000175e0  _FIR_FP_init                          
1     000175ec  _FIR_FP_calc                          
1     00017617  _InitPieCtrl                          
1     00017636  _EnableInterrupts                     
1     0001763f  _InitPieVectTable                     
1     00017667  __args_main                           
1     00017680  C$$EXIT                               
1     00017680  _abort                                
1     00017682  _exit                                 
1     00017699  _FPU_initSystemClocks                 
1     000176a0  _FPU_initEpie                         
1     000176ab  _done                                 
1     000176ad  __register_unlock                     
1     000176b1  __register_lock                       
1     000176b5  __nop                                 
1     000176be  _SetDBGIER                            
1     000176c1  ___etext__                            
1     000176c1  etext                                 
1     00018000  ___cinit__                            
1     00018000  cinit                                 
1     00047000  _Emif1Regs                            
1     00047800  _Emif2Regs                            
1     00050024  _FlashPumpSemaphoreRegs               
1     0005d000  _DevCfgRegs                           
1     0005d180  _AnalogSubsysRegs                     
1     0005d200  _ClkCfgRegs                           
1     0005d300  _CpuSysRegs                           
1     0005e608  _RomPrefetchRegs                      
1     0005f000  _DcsmZ1Regs                           
1     0005f040  _DcsmZ2Regs                           
1     0005f070  _DcsmCommonRegs                       
1     0005f400  _MemCfgRegs                           
1     0005f480  _Emif1ConfigRegs                      
1     0005f4a0  _Emif2ConfigRegs                      
1     0005f4c0  _AccessProtectionRegs                 
1     0005f500  _MemoryErrorRegs                      
1     0005f540  _RomWaitStateRegs                     
1     0005f800  _Flash0CtrlRegs                       
1     0005fb00  _Flash0EccRegs                        
1     0005fc00  _Flash1CtrlRegs                       
1     0005ff00  _Flash1EccRegs                        
1     00078000  _DcsmZ1Otp                            
1     00078200  _DcsmZ2Otp                            
abs   00000100  CLA_SCRATCHPAD_SIZE                   
abs   00000100  __STACK_SIZE                          
abs   ffffffff  ___binit__                            
abs   ffffffff  ___c_args__                           
abs   ffffffff  ___pinit__                            
abs   ffffffff  binit                                 
abs   ffffffff  pinit                                 

[402 symbols]
