<?xml version="1.0"?>
<link_info>
   <banner>TMS320C2000 Linker Unix v6.4.6</banner>
   <copyright>Copyright (c) 1996-2015 Texas Instruments Incorporated</copyright>
   <link_time>0x562bc7ce</link_time>
   <link_errors>0x0</link_errors>
   <output_file>Sound_Masking.out</output_file>
   <entry_point>
      <name>_c_int00</name>
      <address>0x174dd</address>
   </entry_point>
   <input_file_list>
      <input_file id="fl-2">
         <path>./</path>
         <kind>object</kind>
         <file>eq.obj</file>
         <name>eq.obj</name>
      </input_file>
      <input_file id="fl-3">
         <path>./</path>
         <kind>object</kind>
         <file>main.obj</file>
         <name>main.obj</name>
      </input_file>
      <input_file id="fl-4">
         <path>./source/</path>
         <kind>object</kind>
         <file>F2837xS_Adc.obj</file>
         <name>F2837xS_Adc.obj</name>
      </input_file>
      <input_file id="fl-5">
         <path>./source/</path>
         <kind>object</kind>
         <file>F2837xS_CodeStartBranch.obj</file>
         <name>F2837xS_CodeStartBranch.obj</name>
      </input_file>
      <input_file id="fl-6">
         <path>./source/</path>
         <kind>object</kind>
         <file>F2837xS_CpuTimers.obj</file>
         <name>F2837xS_CpuTimers.obj</name>
      </input_file>
      <input_file id="fl-7">
         <path>./source/</path>
         <kind>object</kind>
         <file>F2837xS_DBGIER.obj</file>
         <name>F2837xS_DBGIER.obj</name>
      </input_file>
      <input_file id="fl-8">
         <path>./source/</path>
         <kind>object</kind>
         <file>F2837xS_DefaultISR.obj</file>
         <name>F2837xS_DefaultISR.obj</name>
      </input_file>
      <input_file id="fl-9">
         <path>./source/</path>
         <kind>object</kind>
         <file>F2837xS_Dma.obj</file>
         <name>F2837xS_Dma.obj</name>
      </input_file>
      <input_file id="fl-a">
         <path>./source/</path>
         <kind>object</kind>
         <file>F2837xS_ECap.obj</file>
         <name>F2837xS_ECap.obj</name>
      </input_file>
      <input_file id="fl-b">
         <path>./source/</path>
         <kind>object</kind>
         <file>F2837xS_EPwm.obj</file>
         <name>F2837xS_EPwm.obj</name>
      </input_file>
      <input_file id="fl-c">
         <path>./source/</path>
         <kind>object</kind>
         <file>F2837xS_EQep.obj</file>
         <name>F2837xS_EQep.obj</name>
      </input_file>
      <input_file id="fl-d">
         <path>./source/</path>
         <kind>object</kind>
         <file>F2837xS_Emif.obj</file>
         <name>F2837xS_Emif.obj</name>
      </input_file>
      <input_file id="fl-e">
         <path>./source/</path>
         <kind>object</kind>
         <file>F2837xS_GlobalVariableDefs.obj</file>
         <name>F2837xS_GlobalVariableDefs.obj</name>
      </input_file>
      <input_file id="fl-f">
         <path>./source/</path>
         <kind>object</kind>
         <file>F2837xS_Gpio.obj</file>
         <name>F2837xS_Gpio.obj</name>
      </input_file>
      <input_file id="fl-10">
         <path>./source/</path>
         <kind>object</kind>
         <file>F2837xS_I2C.obj</file>
         <name>F2837xS_I2C.obj</name>
      </input_file>
      <input_file id="fl-11">
         <path>./source/</path>
         <kind>object</kind>
         <file>F2837xS_Mcbsp.obj</file>
         <name>F2837xS_Mcbsp.obj</name>
      </input_file>
      <input_file id="fl-12">
         <path>./source/</path>
         <kind>object</kind>
         <file>F2837xS_PieCtrl.obj</file>
         <name>F2837xS_PieCtrl.obj</name>
      </input_file>
      <input_file id="fl-13">
         <path>./source/</path>
         <kind>object</kind>
         <file>F2837xS_PieVect.obj</file>
         <name>F2837xS_PieVect.obj</name>
      </input_file>
      <input_file id="fl-14">
         <path>./source/</path>
         <kind>object</kind>
         <file>F2837xS_Sci.obj</file>
         <name>F2837xS_Sci.obj</name>
      </input_file>
      <input_file id="fl-15">
         <path>./source/</path>
         <kind>object</kind>
         <file>F2837xS_Spi.obj</file>
         <name>F2837xS_Spi.obj</name>
      </input_file>
      <input_file id="fl-16">
         <path>./source/</path>
         <kind>object</kind>
         <file>F2837xS_SysCtrl.obj</file>
         <name>F2837xS_SysCtrl.obj</name>
      </input_file>
      <input_file id="fl-17">
         <path>./source/</path>
         <kind>object</kind>
         <file>F2837xS_TempSensorConv.obj</file>
         <name>F2837xS_TempSensorConv.obj</name>
      </input_file>
      <input_file id="fl-18">
         <path>./source/</path>
         <kind>object</kind>
         <file>F2837xS_Upp.obj</file>
         <name>F2837xS_Upp.obj</name>
      </input_file>
      <input_file id="fl-19">
         <path>./source/</path>
         <kind>object</kind>
         <file>F2837xS_sci_io.obj</file>
         <name>F2837xS_sci_io.obj</name>
      </input_file>
      <input_file id="fl-1a">
         <path>./source/</path>
         <kind>object</kind>
         <file>F2837xS_sdfm_drivers.obj</file>
         <name>F2837xS_sdfm_drivers.obj</name>
      </input_file>
      <input_file id="fl-1b">
         <path>./source/</path>
         <kind>object</kind>
         <file>F2837xS_struct.obj</file>
         <name>F2837xS_struct.obj</name>
      </input_file>
      <input_file id="fl-1c">
         <path>./source/</path>
         <kind>object</kind>
         <file>F2837xS_usDelay.obj</file>
         <name>F2837xS_usDelay.obj</name>
      </input_file>
      <input_file id="fl-1d">
         <path>./source/</path>
         <kind>object</kind>
         <file>FIR_f32.obj</file>
         <name>FIR_f32.obj</name>
      </input_file>
      <input_file id="fl-1e">
         <path>./include/</path>
         <kind>object</kind>
         <file>examples_setup.obj</file>
         <name>examples_setup.obj</name>
      </input_file>
      <input_file id="fl-25">
         <path>/home/matt/ti/ccsv6/tools/compiler/ti-cgt-c2000_6.4.6/lib/</path>
         <kind>archive</kind>
         <file>rts2800_fpu32.lib</file>
         <name>boot.obj</name>
      </input_file>
      <input_file id="fl-26">
         <path>/home/matt/ti/ccsv6/tools/compiler/ti-cgt-c2000_6.4.6/lib/</path>
         <kind>archive</kind>
         <file>rts2800_fpu32.lib</file>
         <name>exit.obj</name>
      </input_file>
      <input_file id="fl-27">
         <path>/home/matt/ti/ccsv6/tools/compiler/ti-cgt-c2000_6.4.6/lib/</path>
         <kind>archive</kind>
         <file>rts2800_fpu32.lib</file>
         <name>_lock.obj</name>
      </input_file>
      <input_file id="fl-28">
         <path>/home/matt/ti/ccsv6/tools/compiler/ti-cgt-c2000_6.4.6/lib/</path>
         <kind>archive</kind>
         <file>rts2800_fpu32.lib</file>
         <name>args_main.obj</name>
      </input_file>
   </input_file_list>
   <object_component_list>
      <object_component id="oc-9e">
         <name>codestart</name>
         <load_address>0x0</load_address>
         <run_address>0x0</run_address>
         <size>0x2</size>
         <input_file_ref idref="fl-5"/>
      </object_component>
      <object_component id="oc-af">
         <name>.text:retain</name>
         <load_address>0x16000</load_address>
         <run_address>0x16000</run_address>
         <size>0x611</size>
         <input_file_ref idref="fl-8"/>
      </object_component>
      <object_component id="oc-19a">
         <name>.text</name>
         <load_address>0x16611</load_address>
         <run_address>0x16611</run_address>
         <size>0x5db</size>
         <input_file_ref idref="fl-3"/>
      </object_component>
      <object_component id="oc-19e">
         <name>.text</name>
         <load_address>0x16bec</load_address>
         <run_address>0x16bec</run_address>
         <size>0x2ad</size>
         <input_file_ref idref="fl-16"/>
      </object_component>
      <object_component id="oc-93">
         <name>.text:retain</name>
         <load_address>0x16e99</load_address>
         <run_address>0x16e99</run_address>
         <size>0x28a</size>
         <input_file_ref idref="fl-3"/>
      </object_component>
      <object_component id="oc-19d">
         <name>.text</name>
         <load_address>0x17123</load_address>
         <run_address>0x17123</run_address>
         <size>0x254</size>
         <input_file_ref idref="fl-f"/>
      </object_component>
      <object_component id="oc-1a3">
         <name>.text</name>
         <load_address>0x17377</load_address>
         <run_address>0x17377</run_address>
         <size>0xeb</size>
         <input_file_ref idref="fl-4"/>
      </object_component>
      <object_component id="oc-1a2">
         <name>.text</name>
         <load_address>0x17462</load_address>
         <run_address>0x17462</run_address>
         <size>0x7b</size>
         <input_file_ref idref="fl-6"/>
      </object_component>
      <object_component id="oc-83">
         <name>.text</name>
         <load_address>0x174dd</load_address>
         <run_address>0x174dd</run_address>
         <size>0x46</size>
         <input_file_ref idref="fl-25"/>
      </object_component>
      <object_component id="oc-177">
         <name>.text</name>
         <load_address>0x17523</load_address>
         <run_address>0x17523</run_address>
         <size>0x37</size>
         <input_file_ref idref="fl-1d"/>
      </object_component>
      <object_component id="oc-1a0">
         <name>.text</name>
         <load_address>0x1755a</load_address>
         <run_address>0x1755a</run_address>
         <size>0x28</size>
         <input_file_ref idref="fl-12"/>
      </object_component>
      <object_component id="oc-1a1">
         <name>.text</name>
         <load_address>0x17582</load_address>
         <run_address>0x17582</run_address>
         <size>0x28</size>
         <input_file_ref idref="fl-13"/>
      </object_component>
      <object_component id="oc-198">
         <name>.text</name>
         <load_address>0x175aa</load_address>
         <run_address>0x175aa</run_address>
         <size>0x19</size>
         <input_file_ref idref="fl-28"/>
      </object_component>
      <object_component id="oc-199">
         <name>.text</name>
         <load_address>0x175c3</load_address>
         <run_address>0x175c3</run_address>
         <size>0x19</size>
         <input_file_ref idref="fl-26"/>
      </object_component>
      <object_component id="oc-19f">
         <name>.text</name>
         <load_address>0x175dc</load_address>
         <run_address>0x175dc</run_address>
         <size>0x14</size>
         <input_file_ref idref="fl-1e"/>
      </object_component>
      <object_component id="oc-1a4">
         <name>.text</name>
         <load_address>0x175f0</load_address>
         <run_address>0x175f0</run_address>
         <size>0x9</size>
         <input_file_ref idref="fl-27"/>
      </object_component>
      <object_component id="oc-9d">
         <name>.text</name>
         <load_address>0x175f9</load_address>
         <run_address>0x175f9</run_address>
         <size>0x8</size>
         <input_file_ref idref="fl-5"/>
      </object_component>
      <object_component id="oc-a9">
         <name>.text</name>
         <load_address>0x17601</load_address>
         <run_address>0x17601</run_address>
         <size>0x3</size>
         <input_file_ref idref="fl-7"/>
      </object_component>
      <object_component id="oc-172">
         <name>ramfuncs</name>
         <load_address>0x122</load_address>
         <run_address>0x122</run_address>
         <size>0x4</size>
         <input_file_ref idref="fl-1c"/>
      </object_component>
      <object_component id="oc-8f">
         <name>.cinit</name>
         <load_address>0x18000</load_address>
         <run_address>0x18000</run_address>
         <size>0x55b</size>
         <input_file_ref idref="fl-3"/>
      </object_component>
      <object_component id="oc-16f">
         <name>.cinit</name>
         <load_address>0x1855b</load_address>
         <run_address>0x1855b</run_address>
         <size>0x90</size>
         <input_file_ref idref="fl-1b"/>
      </object_component>
      <object_component id="oc-188">
         <name>.cinit</name>
         <load_address>0x185eb</load_address>
         <run_address>0x185eb</run_address>
         <size>0xa</size>
         <input_file_ref idref="fl-26"/>
      </object_component>
      <object_component id="oc-19c">
         <name>.cinit:__lock</name>
         <load_address>0x185f5</load_address>
         <run_address>0x185f5</run_address>
         <size>0x5</size>
         <input_file_ref idref="fl-27"/>
      </object_component>
      <object_component id="oc-1a5">
         <name>.cinit:__unlock</name>
         <load_address>0x185fa</load_address>
         <run_address>0x185fa</run_address>
         <size>0x5</size>
         <input_file_ref idref="fl-27"/>
      </object_component>
      <object_component id="oc-163">
         <name>.cinit</name>
         <load_address>0x185ff</load_address>
         <run_address>0x185ff</run_address>
         <size>0x4</size>
         <input_file_ref idref="fl-19"/>
      </object_component>
      <object_component id="oc-182">
         <name>.reset</name>
         <load_address>0x3fffc0</load_address>
         <run_address>0x3fffc0</run_address>
         <size>0x2</size>
         <input_file_ref idref="fl-25"/>
      </object_component>
      <object_component id="oc-181">
         <name>.stack</name>
         <uninitialized>true</uninitialized>
         <run_address>0x400</run_address>
         <size>0x0</size>
         <input_file_ref idref="fl-25"/>
      </object_component>
      <object_component id="oc-22d">
         <name>.stack</name>
         <uninitialized>true</uninitialized>
         <run_address>0x400</run_address>
         <size>0x0</size>
      </object_component>
      <object_component id="oc-90">
         <name>.ebss</name>
         <uninitialized>true</uninitialized>
         <run_address>0xc000</run_address>
         <size>0x1080</size>
         <input_file_ref idref="fl-3"/>
      </object_component>
      <object_component id="oc-a4">
         <name>.ebss</name>
         <uninitialized>true</uninitialized>
         <run_address>0xd100</run_address>
         <size>0x18</size>
         <input_file_ref idref="fl-6"/>
      </object_component>
      <object_component id="oc-158">
         <name>.ebss</name>
         <uninitialized>true</uninitialized>
         <run_address>0xd0f8</run_address>
         <size>0x6</size>
         <input_file_ref idref="fl-17"/>
      </object_component>
      <object_component id="oc-164">
         <name>.ebss</name>
         <uninitialized>true</uninitialized>
         <run_address>0xd11e</run_address>
         <size>0x1</size>
         <input_file_ref idref="fl-19"/>
      </object_component>
      <object_component id="oc-170">
         <name>.ebss</name>
         <uninitialized>true</uninitialized>
         <run_address>0xd080</run_address>
         <size>0x78</size>
         <input_file_ref idref="fl-1b"/>
      </object_component>
      <object_component id="oc-189">
         <name>.ebss</name>
         <uninitialized>true</uninitialized>
         <run_address>0xd118</run_address>
         <size>0x4</size>
         <input_file_ref idref="fl-26"/>
      </object_component>
      <object_component id="oc-1a6">
         <name>.ebss:__unlock</name>
         <uninitialized>true</uninitialized>
         <run_address>0xd11c</run_address>
         <size>0x2</size>
         <input_file_ref idref="fl-27"/>
      </object_component>
      <object_component id="oc-19b">
         <name>.ebss:__lock</name>
         <uninitialized>true</uninitialized>
         <run_address>0xd0fe</run_address>
         <size>0x2</size>
         <input_file_ref idref="fl-27"/>
      </object_component>
      <object_component id="oc-146">
         <name>.econst</name>
         <load_address>0xd120</load_address>
         <run_address>0xd120</run_address>
         <size>0x1c0</size>
         <input_file_ref idref="fl-13"/>
      </object_component>
      <object_component id="oc-88">
         <name>Cla1Prog:_Cla1Task3</name>
         <load_address>0xa800</load_address>
         <run_address>0xa800</run_address>
         <size>0x76</size>
         <input_file_ref idref="fl-2"/>
      </object_component>
      <object_component id="oc-86">
         <name>Cla1Prog:_Cla1Task1</name>
         <load_address>0xa876</load_address>
         <run_address>0xa876</run_address>
         <size>0xc</size>
         <input_file_ref idref="fl-2"/>
      </object_component>
      <object_component id="oc-87">
         <name>Cla1Prog:_Cla1Task2</name>
         <load_address>0xa882</load_address>
         <run_address>0xa882</run_address>
         <size>0x8</size>
         <input_file_ref idref="fl-2"/>
      </object_component>
      <object_component id="oc-92">
         <name>Cla1ToCpuMsgRAM</name>
         <uninitialized>true</uninitialized>
         <run_address>0x1480</run_address>
         <size>0x2</size>
         <input_file_ref idref="fl-3"/>
      </object_component>
      <object_component id="oc-91">
         <name>CpuToCla1MsgRAM</name>
         <uninitialized>true</uninitialized>
         <run_address>0x1500</run_address>
         <size>0x6</size>
         <input_file_ref idref="fl-3"/>
      </object_component>
      <object_component id="oc-89">
         <name>.scratchpad:Cla1Prog:_Cla1Task3</name>
         <uninitialized>true</uninitialized>
         <run_address>0x8978</run_address>
         <size>0x2</size>
         <input_file_ref idref="fl-2"/>
      </object_component>
      <object_component id="oc-85">
         <name>.bss_cla</name>
         <uninitialized>true</uninitialized>
         <run_address>0x8900</run_address>
         <size>0x78</size>
         <input_file_ref idref="fl-2"/>
      </object_component>
      <object_component id="oc-12f">
         <name>PieVectTableFile</name>
         <uninitialized>true</uninitialized>
         <run_address>0xd00</run_address>
         <size>0x1c0</size>
         <input_file_ref idref="fl-e"/>
      </object_component>
      <object_component id="oc-ce">
         <name>EmuKeyVar</name>
         <uninitialized>true</uninitialized>
         <run_address>0xd00</run_address>
         <size>0x1</size>
         <input_file_ref idref="fl-e"/>
      </object_component>
      <object_component id="oc-cf">
         <name>EmuBModeVar</name>
         <uninitialized>true</uninitialized>
         <run_address>0xd01</run_address>
         <size>0x1</size>
         <input_file_ref idref="fl-e"/>
      </object_component>
      <object_component id="oc-e6">
         <name>AdcaResultFile</name>
         <uninitialized>true</uninitialized>
         <run_address>0xb00</run_address>
         <size>0x18</size>
         <input_file_ref idref="fl-e"/>
      </object_component>
      <object_component id="oc-e5">
         <name>AdcbResultFile</name>
         <uninitialized>true</uninitialized>
         <run_address>0xb20</run_address>
         <size>0x18</size>
         <input_file_ref idref="fl-e"/>
      </object_component>
      <object_component id="oc-e8">
         <name>AdccResultFile</name>
         <uninitialized>true</uninitialized>
         <run_address>0xb40</run_address>
         <size>0x18</size>
         <input_file_ref idref="fl-e"/>
      </object_component>
      <object_component id="oc-e7">
         <name>AdcdResultFile</name>
         <uninitialized>true</uninitialized>
         <run_address>0xb60</run_address>
         <size>0x18</size>
         <input_file_ref idref="fl-e"/>
      </object_component>
      <object_component id="oc-117">
         <name>AdcaRegsFile</name>
         <uninitialized>true</uninitialized>
         <run_address>0x7400</run_address>
         <size>0x80</size>
         <input_file_ref idref="fl-e"/>
      </object_component>
      <object_component id="oc-116">
         <name>AdcbRegsFile</name>
         <uninitialized>true</uninitialized>
         <run_address>0x7480</run_address>
         <size>0x80</size>
         <input_file_ref idref="fl-e"/>
      </object_component>
      <object_component id="oc-119">
         <name>AdccRegsFile</name>
         <uninitialized>true</uninitialized>
         <run_address>0x7500</run_address>
         <size>0x80</size>
         <input_file_ref idref="fl-e"/>
      </object_component>
      <object_component id="oc-118">
         <name>AdcdRegsFile</name>
         <uninitialized>true</uninitialized>
         <run_address>0x7580</run_address>
         <size>0x80</size>
         <input_file_ref idref="fl-e"/>
      </object_component>
      <object_component id="oc-113">
         <name>AnalogSubsysRegsFile</name>
         <uninitialized>true</uninitialized>
         <run_address>0x5d180</run_address>
         <size>0x48</size>
         <input_file_ref idref="fl-e"/>
      </object_component>
      <object_component id="oc-10d">
         <name>Cla1RegsFile</name>
         <uninitialized>true</uninitialized>
         <run_address>0x1400</run_address>
         <size>0x3e</size>
         <input_file_ref idref="fl-e"/>
      </object_component>
      <object_component id="oc-d3">
         <name>Cla1SoftIntRegsFile</name>
         <uninitialized>true</uninitialized>
         <run_address>0xce0</run_address>
         <size>0x4</size>
         <input_file_ref idref="fl-e"/>
      </object_component>
      <object_component id="oc-f9">
         <name>Cmpss1RegsFile</name>
         <uninitialized>true</uninitialized>
         <run_address>0x5c80</run_address>
         <size>0x20</size>
         <input_file_ref idref="fl-e"/>
      </object_component>
      <object_component id="oc-f8">
         <name>Cmpss2RegsFile</name>
         <uninitialized>true</uninitialized>
         <run_address>0x5ca0</run_address>
         <size>0x20</size>
         <input_file_ref idref="fl-e"/>
      </object_component>
      <object_component id="oc-fb">
         <name>Cmpss3RegsFile</name>
         <uninitialized>true</uninitialized>
         <run_address>0x5cc0</run_address>
         <size>0x20</size>
         <input_file_ref idref="fl-e"/>
      </object_component>
      <object_component id="oc-fa">
         <name>Cmpss4RegsFile</name>
         <uninitialized>true</uninitialized>
         <run_address>0x5ce0</run_address>
         <size>0x20</size>
         <input_file_ref idref="fl-e"/>
      </object_component>
      <object_component id="oc-fc">
         <name>Cmpss5RegsFile</name>
         <uninitialized>true</uninitialized>
         <run_address>0x5d00</run_address>
         <size>0x20</size>
         <input_file_ref idref="fl-e"/>
      </object_component>
      <object_component id="oc-f4">
         <name>Cmpss6RegsFile</name>
         <uninitialized>true</uninitialized>
         <run_address>0x5d20</run_address>
         <size>0x20</size>
         <input_file_ref idref="fl-e"/>
      </object_component>
      <object_component id="oc-f3">
         <name>Cmpss7RegsFile</name>
         <uninitialized>true</uninitialized>
         <run_address>0x5d40</run_address>
         <size>0x20</size>
         <input_file_ref idref="fl-e"/>
      </object_component>
      <object_component id="oc-f6">
         <name>Cmpss8RegsFile</name>
         <uninitialized>true</uninitialized>
         <run_address>0x5d60</run_address>
         <size>0x20</size>
         <input_file_ref idref="fl-e"/>
      </object_component>
      <object_component id="oc-da">
         <name>CpuTimer0RegsFile</name>
         <uninitialized>true</uninitialized>
         <run_address>0xc00</run_address>
         <size>0x8</size>
         <input_file_ref idref="fl-e"/>
      </object_component>
      <object_component id="oc-d9">
         <name>CpuTimer1RegsFile</name>
         <uninitialized>true</uninitialized>
         <run_address>0xc08</run_address>
         <size>0x8</size>
         <input_file_ref idref="fl-e"/>
      </object_component>
      <object_component id="oc-dc">
         <name>CpuTimer2RegsFile</name>
         <uninitialized>true</uninitialized>
         <run_address>0xc10</run_address>
         <size>0x8</size>
         <input_file_ref idref="fl-e"/>
      </object_component>
      <object_component id="oc-d6">
         <name>DacaRegsFile</name>
         <uninitialized>true</uninitialized>
         <run_address>0x5c00</run_address>
         <size>0x8</size>
         <input_file_ref idref="fl-e"/>
      </object_component>
      <object_component id="oc-d8">
         <name>DacbRegsFile</name>
         <uninitialized>true</uninitialized>
         <run_address>0x5c10</run_address>
         <size>0x8</size>
         <input_file_ref idref="fl-e"/>
      </object_component>
      <object_component id="oc-db">
         <name>DaccRegsFile</name>
         <uninitialized>true</uninitialized>
         <run_address>0x5c20</run_address>
         <size>0x8</size>
         <input_file_ref idref="fl-e"/>
      </object_component>
      <object_component id="oc-105">
         <name>DcsmZ1RegsFile</name>
         <uninitialized>true</uninitialized>
         <run_address>0x5f000</run_address>
         <size>0x24</size>
         <input_file_ref idref="fl-e"/>
      </object_component>
      <object_component id="oc-104">
         <name>DcsmZ2RegsFile</name>
         <uninitialized>true</uninitialized>
         <run_address>0x5f040</run_address>
         <size>0x24</size>
         <input_file_ref idref="fl-e"/>
      </object_component>
      <object_component id="oc-d7">
         <name>DcsmCommonRegsFile</name>
         <uninitialized>true</uninitialized>
         <run_address>0x5f070</run_address>
         <size>0x8</size>
         <input_file_ref idref="fl-e"/>
      </object_component>
      <object_component id="oc-f5">
         <name>DcsmZ1OtpFile</name>
         <uninitialized>true</uninitialized>
         <run_address>0x78000</run_address>
         <size>0x20</size>
         <input_file_ref idref="fl-e"/>
      </object_component>
      <object_component id="oc-f7">
         <name>DcsmZ2OtpFile</name>
         <uninitialized>true</uninitialized>
         <run_address>0x78200</run_address>
         <size>0x20</size>
         <input_file_ref idref="fl-e"/>
      </object_component>
      <object_component id="oc-11e">
         <name>DmaRegsFile</name>
         <uninitialized>true</uninitialized>
         <run_address>0x1000</run_address>
         <size>0xe0</size>
         <input_file_ref idref="fl-e"/>
      </object_component>
      <object_component id="oc-e9">
         <name>DmaClaSrcSelRegsFile</name>
         <uninitialized>true</uninitialized>
         <run_address>0x7980</run_address>
         <size>0x1a</size>
         <input_file_ref idref="fl-e"/>
      </object_component>
      <object_component id="oc-fd">
         <name>ECap1RegsFile</name>
         <uninitialized>true</uninitialized>
         <run_address>0x5000</run_address>
         <size>0x20</size>
         <input_file_ref idref="fl-e"/>
      </object_component>
      <object_component id="oc-fe">
         <name>ECap2RegsFile</name>
         <uninitialized>true</uninitialized>
         <run_address>0x5020</run_address>
         <size>0x20</size>
         <input_file_ref idref="fl-e"/>
      </object_component>
      <object_component id="oc-f2">
         <name>ECap3RegsFile</name>
         <uninitialized>true</uninitialized>
         <run_address>0x5040</run_address>
         <size>0x20</size>
         <input_file_ref idref="fl-e"/>
      </object_component>
      <object_component id="oc-ec">
         <name>ECap4RegsFile</name>
         <uninitialized>true</uninitialized>
         <run_address>0x5060</run_address>
         <size>0x20</size>
         <input_file_ref idref="fl-e"/>
      </object_component>
      <object_component id="oc-ed">
         <name>ECap5RegsFile</name>
         <uninitialized>true</uninitialized>
         <run_address>0x5080</run_address>
         <size>0x20</size>
         <input_file_ref idref="fl-e"/>
      </object_component>
      <object_component id="oc-eb">
         <name>ECap6RegsFile</name>
         <uninitialized>true</uninitialized>
         <run_address>0x50a0</run_address>
         <size>0x20</size>
         <input_file_ref idref="fl-e"/>
      </object_component>
      <object_component id="oc-115">
         <name>Emif1RegsFile</name>
         <uninitialized>true</uninitialized>
         <run_address>0x47000</run_address>
         <size>0x70</size>
         <input_file_ref idref="fl-e"/>
      </object_component>
      <object_component id="oc-114">
         <name>Emif2RegsFile</name>
         <uninitialized>true</uninitialized>
         <run_address>0x47800</run_address>
         <size>0x70</size>
         <input_file_ref idref="fl-e"/>
      </object_component>
      <object_component id="oc-123">
         <name>EPwm1RegsFile</name>
         <uninitialized>true</uninitialized>
         <run_address>0x4000</run_address>
         <size>0x100</size>
         <input_file_ref idref="fl-e"/>
      </object_component>
      <object_component id="oc-122">
         <name>EPwm2RegsFile</name>
         <uninitialized>true</uninitialized>
         <run_address>0x4100</run_address>
         <size>0x100</size>
         <input_file_ref idref="fl-e"/>
      </object_component>
      <object_component id="oc-125">
         <name>EPwm3RegsFile</name>
         <uninitialized>true</uninitialized>
         <run_address>0x4200</run_address>
         <size>0x100</size>
         <input_file_ref idref="fl-e"/>
      </object_component>
      <object_component id="oc-120">
         <name>EPwm4RegsFile</name>
         <uninitialized>true</uninitialized>
         <run_address>0x4300</run_address>
         <size>0x100</size>
         <input_file_ref idref="fl-e"/>
      </object_component>
      <object_component id="oc-11f">
         <name>EPwm5RegsFile</name>
         <uninitialized>true</uninitialized>
         <run_address>0x4400</run_address>
         <size>0x100</size>
         <input_file_ref idref="fl-e"/>
      </object_component>
      <object_component id="oc-124">
         <name>EPwm6RegsFile</name>
         <uninitialized>true</uninitialized>
         <run_address>0x4500</run_address>
         <size>0x100</size>
         <input_file_ref idref="fl-e"/>
      </object_component>
      <object_component id="oc-121">
         <name>EPwm7RegsFile</name>
         <uninitialized>true</uninitialized>
         <run_address>0x4600</run_address>
         <size>0x100</size>
         <input_file_ref idref="fl-e"/>
      </object_component>
      <object_component id="oc-12a">
         <name>EPwm8RegsFile</name>
         <uninitialized>true</uninitialized>
         <run_address>0x4700</run_address>
         <size>0x100</size>
         <input_file_ref idref="fl-e"/>
      </object_component>
      <object_component id="oc-128">
         <name>EPwm9RegsFile</name>
         <uninitialized>true</uninitialized>
         <run_address>0x4800</run_address>
         <size>0x100</size>
         <input_file_ref idref="fl-e"/>
      </object_component>
      <object_component id="oc-129">
         <name>EPwm10RegsFile</name>
         <uninitialized>true</uninitialized>
         <run_address>0x4900</run_address>
         <size>0x100</size>
         <input_file_ref idref="fl-e"/>
      </object_component>
      <object_component id="oc-126">
         <name>EPwm11RegsFile</name>
         <uninitialized>true</uninitialized>
         <run_address>0x4a00</run_address>
         <size>0x100</size>
         <input_file_ref idref="fl-e"/>
      </object_component>
      <object_component id="oc-127">
         <name>EPwm12RegsFile</name>
         <uninitialized>true</uninitialized>
         <run_address>0x4b00</run_address>
         <size>0x100</size>
         <input_file_ref idref="fl-e"/>
      </object_component>
      <object_component id="oc-110">
         <name>EPwmXbarRegsFile</name>
         <uninitialized>true</uninitialized>
         <run_address>0x7a00</run_address>
         <size>0x40</size>
         <input_file_ref idref="fl-e"/>
      </object_component>
      <object_component id="oc-ff">
         <name>EQep1RegsFile</name>
         <uninitialized>true</uninitialized>
         <run_address>0x5100</run_address>
         <size>0x22</size>
         <input_file_ref idref="fl-e"/>
      </object_component>
      <object_component id="oc-100">
         <name>EQep2RegsFile</name>
         <uninitialized>true</uninitialized>
         <run_address>0x5140</run_address>
         <size>0x22</size>
         <input_file_ref idref="fl-e"/>
      </object_component>
      <object_component id="oc-103">
         <name>EQep3RegsFile</name>
         <uninitialized>true</uninitialized>
         <run_address>0x5180</run_address>
         <size>0x22</size>
         <input_file_ref idref="fl-e"/>
      </object_component>
      <object_component id="oc-12e">
         <name>Flash0CtrlRegsFile</name>
         <uninitialized>true</uninitialized>
         <run_address>0x5f800</run_address>
         <size>0x182</size>
         <input_file_ref idref="fl-e"/>
      </object_component>
      <object_component id="oc-109">
         <name>Flash0EccRegsFile</name>
         <uninitialized>true</uninitialized>
         <run_address>0x5fb00</run_address>
         <size>0x28</size>
         <input_file_ref idref="fl-e"/>
      </object_component>
      <object_component id="oc-12d">
         <name>Flash1CtrlRegsFile</name>
         <uninitialized>true</uninitialized>
         <run_address>0x5fc00</run_address>
         <size>0x182</size>
         <input_file_ref idref="fl-e"/>
      </object_component>
      <object_component id="oc-108">
         <name>Flash1EccRegsFile</name>
         <uninitialized>true</uninitialized>
         <run_address>0x5ff00</run_address>
         <size>0x28</size>
         <input_file_ref idref="fl-e"/>
      </object_component>
      <object_component id="oc-12c">
         <name>GpioCtrlRegsFile</name>
         <uninitialized>true</uninitialized>
         <run_address>0x7c00</run_address>
         <size>0x180</size>
         <input_file_ref idref="fl-e"/>
      </object_component>
      <object_component id="oc-10b">
         <name>GpioDataRegsFile</name>
         <uninitialized>true</uninitialized>
         <run_address>0x7f00</run_address>
         <size>0x30</size>
         <input_file_ref idref="fl-e"/>
      </object_component>
      <object_component id="oc-111">
         <name>OutputXbarRegsFile</name>
         <uninitialized>true</uninitialized>
         <run_address>0x7a80</run_address>
         <size>0x40</size>
         <input_file_ref idref="fl-e"/>
      </object_component>
      <object_component id="oc-102">
         <name>I2caRegsFile</name>
         <uninitialized>true</uninitialized>
         <run_address>0x7300</run_address>
         <size>0x22</size>
         <input_file_ref idref="fl-e"/>
      </object_component>
      <object_component id="oc-101">
         <name>I2cbRegsFile</name>
         <uninitialized>true</uninitialized>
         <run_address>0x7340</run_address>
         <size>0x22</size>
         <input_file_ref idref="fl-e"/>
      </object_component>
      <object_component id="oc-f0">
         <name>InputXbarRegsFile</name>
         <uninitialized>true</uninitialized>
         <run_address>0x7900</run_address>
         <size>0x20</size>
         <input_file_ref idref="fl-e"/>
      </object_component>
      <object_component id="oc-f1">
         <name>XbarRegsFile</name>
         <uninitialized>true</uninitialized>
         <run_address>0x7920</run_address>
         <size>0x20</size>
         <input_file_ref idref="fl-e"/>
      </object_component>
      <object_component id="oc-d1">
         <name>FlashPumpSemaphoreRegsFile</name>
         <uninitialized>true</uninitialized>
         <run_address>0x50024</run_address>
         <size>0x2</size>
         <input_file_ref idref="fl-e"/>
      </object_component>
      <object_component id="oc-d0">
         <name>RomPrefetchRegsFile</name>
         <uninitialized>true</uninitialized>
         <run_address>0x5e608</run_address>
         <size>0x2</size>
         <input_file_ref idref="fl-e"/>
      </object_component>
      <object_component id="oc-11c">
         <name>MemCfgRegsFile</name>
         <uninitialized>true</uninitialized>
         <run_address>0x5f400</run_address>
         <size>0x80</size>
         <input_file_ref idref="fl-e"/>
      </object_component>
      <object_component id="oc-ee">
         <name>Emif1ConfigRegsFile</name>
         <uninitialized>true</uninitialized>
         <run_address>0x5f480</run_address>
         <size>0x20</size>
         <input_file_ref idref="fl-e"/>
      </object_component>
      <object_component id="oc-ef">
         <name>Emif2ConfigRegsFile</name>
         <uninitialized>true</uninitialized>
         <run_address>0x5f4a0</run_address>
         <size>0x20</size>
         <input_file_ref idref="fl-e"/>
      </object_component>
      <object_component id="oc-10e">
         <name>AccessProtectionRegsFile</name>
         <uninitialized>true</uninitialized>
         <run_address>0x5f4c0</run_address>
         <size>0x40</size>
         <input_file_ref idref="fl-e"/>
      </object_component>
      <object_component id="oc-10f">
         <name>MemoryErrorRegsFile</name>
         <uninitialized>true</uninitialized>
         <run_address>0x5f500</run_address>
         <size>0x40</size>
         <input_file_ref idref="fl-e"/>
      </object_component>
      <object_component id="oc-d2">
         <name>RomWaitStateRegsFile</name>
         <uninitialized>true</uninitialized>
         <run_address>0x5f540</run_address>
         <size>0x2</size>
         <input_file_ref idref="fl-e"/>
      </object_component>
      <object_component id="oc-107">
         <name>McbspaRegsFile</name>
         <uninitialized>true</uninitialized>
         <run_address>0x6000</run_address>
         <size>0x24</size>
         <input_file_ref idref="fl-e"/>
      </object_component>
      <object_component id="oc-106">
         <name>McbspbRegsFile</name>
         <uninitialized>true</uninitialized>
         <run_address>0x6040</run_address>
         <size>0x24</size>
         <input_file_ref idref="fl-e"/>
      </object_component>
      <object_component id="oc-112">
         <name>UppRegsFile</name>
         <uninitialized>true</uninitialized>
         <run_address>0x6200</run_address>
         <size>0x48</size>
         <input_file_ref idref="fl-e"/>
      </object_component>
      <object_component id="oc-d5">
         <name>NmiIntruptRegsFile</name>
         <uninitialized>true</uninitialized>
         <run_address>0x7060</run_address>
         <size>0x7</size>
         <input_file_ref idref="fl-e"/>
      </object_component>
      <object_component id="oc-ea">
         <name>PieCtrlRegsFile</name>
         <uninitialized>true</uninitialized>
         <run_address>0xce0</run_address>
         <size>0x1a</size>
         <input_file_ref idref="fl-e"/>
      </object_component>
      <object_component id="oc-e3">
         <name>SciaRegsFile</name>
         <uninitialized>true</uninitialized>
         <run_address>0x7200</run_address>
         <size>0x10</size>
         <input_file_ref idref="fl-e"/>
      </object_component>
      <object_component id="oc-e2">
         <name>ScibRegsFile</name>
         <uninitialized>true</uninitialized>
         <run_address>0x7210</run_address>
         <size>0x10</size>
         <input_file_ref idref="fl-e"/>
      </object_component>
      <object_component id="oc-e4">
         <name>ScicRegsFile</name>
         <uninitialized>true</uninitialized>
         <run_address>0x7220</run_address>
         <size>0x10</size>
         <input_file_ref idref="fl-e"/>
      </object_component>
      <object_component id="oc-e1">
         <name>ScidRegsFile</name>
         <uninitialized>true</uninitialized>
         <run_address>0x7230</run_address>
         <size>0x10</size>
         <input_file_ref idref="fl-e"/>
      </object_component>
      <object_component id="oc-11a">
         <name>Sdfm1RegsFile</name>
         <uninitialized>true</uninitialized>
         <run_address>0x5e00</run_address>
         <size>0x80</size>
         <input_file_ref idref="fl-e"/>
      </object_component>
      <object_component id="oc-11b">
         <name>Sdfm2RegsFile</name>
         <uninitialized>true</uninitialized>
         <run_address>0x5e80</run_address>
         <size>0x80</size>
         <input_file_ref idref="fl-e"/>
      </object_component>
      <object_component id="oc-de">
         <name>SpiaRegsFile</name>
         <uninitialized>true</uninitialized>
         <run_address>0x6100</run_address>
         <size>0x10</size>
         <input_file_ref idref="fl-e"/>
      </object_component>
      <object_component id="oc-e0">
         <name>SpibRegsFile</name>
         <uninitialized>true</uninitialized>
         <run_address>0x6110</run_address>
         <size>0x10</size>
         <input_file_ref idref="fl-e"/>
      </object_component>
      <object_component id="oc-df">
         <name>SpicRegsFile</name>
         <uninitialized>true</uninitialized>
         <run_address>0x6120</run_address>
         <size>0x10</size>
         <input_file_ref idref="fl-e"/>
      </object_component>
      <object_component id="oc-12b">
         <name>DevCfgRegsFile</name>
         <uninitialized>true</uninitialized>
         <run_address>0x5d000</run_address>
         <size>0x12e</size>
         <input_file_ref idref="fl-e"/>
      </object_component>
      <object_component id="oc-10c">
         <name>ClkCfgRegsFile</name>
         <uninitialized>true</uninitialized>
         <run_address>0x5d200</run_address>
         <size>0x32</size>
         <input_file_ref idref="fl-e"/>
      </object_component>
      <object_component id="oc-11d">
         <name>CpuSysRegsFile</name>
         <uninitialized>true</uninitialized>
         <run_address>0x5d300</run_address>
         <size>0x82</size>
         <input_file_ref idref="fl-e"/>
      </object_component>
      <object_component id="oc-d4">
         <name>SyncSocRegsFile</name>
         <uninitialized>true</uninitialized>
         <run_address>0x7940</run_address>
         <size>0x6</size>
         <input_file_ref idref="fl-e"/>
      </object_component>
      <object_component id="oc-10a">
         <name>WdRegsFile</name>
         <uninitialized>true</uninitialized>
         <run_address>0x7000</run_address>
         <size>0x2b</size>
         <input_file_ref idref="fl-e"/>
      </object_component>
      <object_component id="oc-dd">
         <name>XintRegsFile</name>
         <uninitialized>true</uninitialized>
         <run_address>0x7070</run_address>
         <size>0xb</size>
         <input_file_ref idref="fl-e"/>
      </object_component>
      <object_component id="oc-84">
         <name>.debug_info</name>
         <load_address>0x0</load_address>
         <run_address>0x0</run_address>
         <size>0x333</size>
         <input_file_ref idref="fl-2"/>
      </object_component>
      <object_component id="oc-8e">
         <name>.debug_info</name>
         <load_address>0x333</load_address>
         <run_address>0x333</run_address>
         <size>0x24f1b</size>
         <input_file_ref idref="fl-3"/>
      </object_component>
      <object_component id="oc-98">
         <name>.debug_info</name>
         <load_address>0x2524e</load_address>
         <run_address>0x2524e</run_address>
         <size>0x483b</size>
         <input_file_ref idref="fl-4"/>
      </object_component>
      <object_component id="oc-9f">
         <name>.debug_info</name>
         <load_address>0x29a89</load_address>
         <run_address>0x29a89</run_address>
         <size>0x12e</size>
         <input_file_ref idref="fl-5"/>
      </object_component>
      <object_component id="oc-a3">
         <name>.debug_info</name>
         <load_address>0x29bb7</load_address>
         <run_address>0x29bb7</run_address>
         <size>0x9b6</size>
         <input_file_ref idref="fl-6"/>
      </object_component>
      <object_component id="oc-aa">
         <name>.debug_info</name>
         <load_address>0x2a56d</load_address>
         <run_address>0x2a56d</run_address>
         <size>0xef</size>
         <input_file_ref idref="fl-7"/>
      </object_component>
      <object_component id="oc-ae">
         <name>.debug_info</name>
         <load_address>0x2a65c</load_address>
         <run_address>0x2a65c</run_address>
         <size>0x3c9b</size>
         <input_file_ref idref="fl-8"/>
      </object_component>
      <object_component id="oc-b4">
         <name>.debug_info</name>
         <load_address>0x2e2f7</load_address>
         <run_address>0x2e2f7</run_address>
         <size>0x4725</size>
         <input_file_ref idref="fl-9"/>
      </object_component>
      <object_component id="oc-b9">
         <name>.debug_info</name>
         <load_address>0x32a1c</load_address>
         <run_address>0x32a1c</run_address>
         <size>0x13e5f</size>
         <input_file_ref idref="fl-a"/>
      </object_component>
      <object_component id="oc-be">
         <name>.debug_info</name>
         <load_address>0x4687b</load_address>
         <run_address>0x4687b</run_address>
         <size>0xf3ed</size>
         <input_file_ref idref="fl-b"/>
      </object_component>
      <object_component id="oc-c3">
         <name>.debug_info</name>
         <load_address>0x55c68</load_address>
         <run_address>0x55c68</run_address>
         <size>0xf3ed</size>
         <input_file_ref idref="fl-c"/>
      </object_component>
      <object_component id="oc-c8">
         <name>.debug_info</name>
         <load_address>0x65055</load_address>
         <run_address>0x65055</run_address>
         <size>0x4036</size>
         <input_file_ref idref="fl-d"/>
      </object_component>
      <object_component id="oc-cd">
         <name>.debug_info</name>
         <load_address>0x6908b</load_address>
         <run_address>0x6908b</run_address>
         <size>0x4b096</size>
         <input_file_ref idref="fl-e"/>
      </object_component>
      <object_component id="oc-131">
         <name>.debug_info</name>
         <load_address>0xb4121</load_address>
         <run_address>0xb4121</run_address>
         <size>0x189df</size>
         <input_file_ref idref="fl-f"/>
      </object_component>
      <object_component id="oc-136">
         <name>.debug_info</name>
         <load_address>0xccb00</load_address>
         <run_address>0xccb00</run_address>
         <size>0xf3ec</size>
         <input_file_ref idref="fl-10"/>
      </object_component>
      <object_component id="oc-13b">
         <name>.debug_info</name>
         <load_address>0xdbeec</load_address>
         <run_address>0xdbeec</run_address>
         <size>0x10386</size>
         <input_file_ref idref="fl-11"/>
      </object_component>
      <object_component id="oc-140">
         <name>.debug_info</name>
         <load_address>0xec272</load_address>
         <run_address>0xec272</run_address>
         <size>0x3584</size>
         <input_file_ref idref="fl-12"/>
      </object_component>
      <object_component id="oc-145">
         <name>.debug_info</name>
         <load_address>0xef7f6</load_address>
         <run_address>0xef7f6</run_address>
         <size>0x673b</size>
         <input_file_ref idref="fl-13"/>
      </object_component>
      <object_component id="oc-14b">
         <name>.debug_info</name>
         <load_address>0xf5f31</load_address>
         <run_address>0xf5f31</run_address>
         <size>0x179</size>
         <input_file_ref idref="fl-14"/>
      </object_component>
      <object_component id="oc-14d">
         <name>.debug_info</name>
         <load_address>0xf60aa</load_address>
         <run_address>0xf60aa</run_address>
         <size>0xf3ec</size>
         <input_file_ref idref="fl-15"/>
      </object_component>
      <object_component id="oc-152">
         <name>.debug_info</name>
         <load_address>0x105496</load_address>
         <run_address>0x105496</run_address>
         <size>0x84a2</size>
         <input_file_ref idref="fl-16"/>
      </object_component>
      <object_component id="oc-157">
         <name>.debug_info</name>
         <load_address>0x10d938</load_address>
         <run_address>0x10d938</run_address>
         <size>0x399d</size>
         <input_file_ref idref="fl-17"/>
      </object_component>
      <object_component id="oc-15d">
         <name>.debug_info</name>
         <load_address>0x1112d5</load_address>
         <run_address>0x1112d5</run_address>
         <size>0x1098f</size>
         <input_file_ref idref="fl-18"/>
      </object_component>
      <object_component id="oc-162">
         <name>.debug_info</name>
         <load_address>0x121c64</load_address>
         <run_address>0x121c64</run_address>
         <size>0x340f</size>
         <input_file_ref idref="fl-19"/>
      </object_component>
      <object_component id="oc-169">
         <name>.debug_info</name>
         <load_address>0x125073</load_address>
         <run_address>0x125073</run_address>
         <size>0x1fcc</size>
         <input_file_ref idref="fl-1a"/>
      </object_component>
      <object_component id="oc-16e">
         <name>.debug_info</name>
         <load_address>0x12703f</load_address>
         <run_address>0x12703f</run_address>
         <size>0xfe0d</size>
         <input_file_ref idref="fl-1b"/>
      </object_component>
      <object_component id="oc-173">
         <name>.debug_info</name>
         <load_address>0x136e4c</load_address>
         <run_address>0x136e4c</run_address>
         <size>0xf1</size>
         <input_file_ref idref="fl-1c"/>
      </object_component>
      <object_component id="oc-178">
         <name>.debug_info</name>
         <load_address>0x136f3d</load_address>
         <run_address>0x136f3d</run_address>
         <size>0xe8</size>
         <input_file_ref idref="fl-1d"/>
      </object_component>
      <object_component id="oc-17c">
         <name>.debug_info</name>
         <load_address>0x137025</load_address>
         <run_address>0x137025</run_address>
         <size>0x16f9</size>
         <input_file_ref idref="fl-1e"/>
      </object_component>
      <object_component id="oc-183">
         <name>.debug_info</name>
         <load_address>0x13871e</load_address>
         <run_address>0x13871e</run_address>
         <size>0x10f</size>
         <input_file_ref idref="fl-25"/>
      </object_component>
      <object_component id="oc-187">
         <name>.debug_info</name>
         <load_address>0x13882d</load_address>
         <run_address>0x13882d</run_address>
         <size>0x4b8</size>
         <input_file_ref idref="fl-26"/>
      </object_component>
      <object_component id="oc-18e">
         <name>.debug_info</name>
         <load_address>0x138ce5</load_address>
         <run_address>0x138ce5</run_address>
         <size>0x4e2</size>
         <input_file_ref idref="fl-27"/>
      </object_component>
      <object_component id="oc-193">
         <name>.debug_info</name>
         <load_address>0x1391c7</load_address>
         <run_address>0x1391c7</run_address>
         <size>0x4af</size>
         <input_file_ref idref="fl-28"/>
      </object_component>
      <object_component id="oc-22e">
         <name>.debug_info</name>
         <load_address>0x139676</load_address>
         <run_address>0x139676</run_address>
         <size>0x9e</size>
      </object_component>
      <object_component id="oc-8a">
         <name>.debug_frame</name>
         <load_address>0x0</load_address>
         <run_address>0x0</run_address>
         <size>0x56</size>
         <input_file_ref idref="fl-2"/>
      </object_component>
      <object_component id="oc-94">
         <name>.debug_frame</name>
         <load_address>0x56</load_address>
         <run_address>0x56</run_address>
         <size>0x3ce</size>
         <input_file_ref idref="fl-3"/>
      </object_component>
      <object_component id="oc-99">
         <name>.debug_frame</name>
         <load_address>0x424</load_address>
         <run_address>0x424</run_address>
         <size>0xc3</size>
         <input_file_ref idref="fl-4"/>
      </object_component>
      <object_component id="oc-a5">
         <name>.debug_frame</name>
         <load_address>0x4e7</load_address>
         <run_address>0x4e7</run_address>
         <size>0xbd</size>
         <input_file_ref idref="fl-6"/>
      </object_component>
      <object_component id="oc-b0">
         <name>.debug_frame</name>
         <load_address>0x5a4</load_address>
         <run_address>0x5a4</run_address>
         <size>0x14f9</size>
         <input_file_ref idref="fl-8"/>
      </object_component>
      <object_component id="oc-b5">
         <name>.debug_frame</name>
         <load_address>0x1a9d</load_address>
         <run_address>0x1a9d</run_address>
         <size>0x8c</size>
         <input_file_ref idref="fl-9"/>
      </object_component>
      <object_component id="oc-ba">
         <name>.debug_frame</name>
         <load_address>0x1b29</load_address>
         <run_address>0x1b29</run_address>
         <size>0x8c</size>
         <input_file_ref idref="fl-a"/>
      </object_component>
      <object_component id="oc-bf">
         <name>.debug_frame</name>
         <load_address>0x1bb5</load_address>
         <run_address>0x1bb5</run_address>
         <size>0x8c</size>
         <input_file_ref idref="fl-b"/>
      </object_component>
      <object_component id="oc-c4">
         <name>.debug_frame</name>
         <load_address>0x1c41</load_address>
         <run_address>0x1c41</run_address>
         <size>0x8c</size>
         <input_file_ref idref="fl-c"/>
      </object_component>
      <object_component id="oc-c9">
         <name>.debug_frame</name>
         <load_address>0x1ccd</load_address>
         <run_address>0x1ccd</run_address>
         <size>0x8c</size>
         <input_file_ref idref="fl-d"/>
      </object_component>
      <object_component id="oc-132">
         <name>.debug_frame</name>
         <load_address>0x1d59</load_address>
         <run_address>0x1d59</run_address>
         <size>0x1fd</size>
         <input_file_ref idref="fl-f"/>
      </object_component>
      <object_component id="oc-137">
         <name>.debug_frame</name>
         <load_address>0x1f56</load_address>
         <run_address>0x1f56</run_address>
         <size>0x8c</size>
         <input_file_ref idref="fl-10"/>
      </object_component>
      <object_component id="oc-13c">
         <name>.debug_frame</name>
         <load_address>0x1fe2</load_address>
         <run_address>0x1fe2</run_address>
         <size>0x8c</size>
         <input_file_ref idref="fl-11"/>
      </object_component>
      <object_component id="oc-141">
         <name>.debug_frame</name>
         <load_address>0x206e</load_address>
         <run_address>0x206e</run_address>
         <size>0xb6</size>
         <input_file_ref idref="fl-12"/>
      </object_component>
      <object_component id="oc-147">
         <name>.debug_frame</name>
         <load_address>0x2124</load_address>
         <run_address>0x2124</run_address>
         <size>0xa7</size>
         <input_file_ref idref="fl-13"/>
      </object_component>
      <object_component id="oc-14e">
         <name>.debug_frame</name>
         <load_address>0x21cb</load_address>
         <run_address>0x21cb</run_address>
         <size>0x8c</size>
         <input_file_ref idref="fl-15"/>
      </object_component>
      <object_component id="oc-153">
         <name>.debug_frame</name>
         <load_address>0x2257</load_address>
         <run_address>0x2257</run_address>
         <size>0x21b</size>
         <input_file_ref idref="fl-16"/>
      </object_component>
      <object_component id="oc-159">
         <name>.debug_frame</name>
         <load_address>0x2472</load_address>
         <run_address>0x2472</run_address>
         <size>0x8c</size>
         <input_file_ref idref="fl-17"/>
      </object_component>
      <object_component id="oc-15e">
         <name>.debug_frame</name>
         <load_address>0x24fe</load_address>
         <run_address>0x24fe</run_address>
         <size>0x8c</size>
         <input_file_ref idref="fl-18"/>
      </object_component>
      <object_component id="oc-165">
         <name>.debug_frame</name>
         <load_address>0x258a</load_address>
         <run_address>0x258a</run_address>
         <size>0x8c</size>
         <input_file_ref idref="fl-19"/>
      </object_component>
      <object_component id="oc-16a">
         <name>.debug_frame</name>
         <load_address>0x2616</load_address>
         <run_address>0x2616</run_address>
         <size>0x8c</size>
         <input_file_ref idref="fl-1a"/>
      </object_component>
      <object_component id="oc-17d">
         <name>.debug_frame</name>
         <load_address>0x26a2</load_address>
         <run_address>0x26a2</run_address>
         <size>0xcb</size>
         <input_file_ref idref="fl-1e"/>
      </object_component>
      <object_component id="oc-18a">
         <name>.debug_frame</name>
         <load_address>0x276d</load_address>
         <run_address>0x276d</run_address>
         <size>0xbf</size>
         <input_file_ref idref="fl-26"/>
      </object_component>
      <object_component id="oc-18f">
         <name>.debug_frame</name>
         <load_address>0x282c</load_address>
         <run_address>0x282c</run_address>
         <size>0xcb</size>
         <input_file_ref idref="fl-27"/>
      </object_component>
      <object_component id="oc-194">
         <name>.debug_frame</name>
         <load_address>0x28f7</load_address>
         <run_address>0x28f7</run_address>
         <size>0xa1</size>
         <input_file_ref idref="fl-28"/>
      </object_component>
      <object_component id="oc-8b">
         <name>.debug_line</name>
         <load_address>0x0</load_address>
         <run_address>0x0</run_address>
         <size>0x7b</size>
         <input_file_ref idref="fl-2"/>
      </object_component>
      <object_component id="oc-95">
         <name>.debug_line</name>
         <load_address>0x7b</load_address>
         <run_address>0x7b</run_address>
         <size>0x4f0</size>
         <input_file_ref idref="fl-3"/>
      </object_component>
      <object_component id="oc-9a">
         <name>.debug_line</name>
         <load_address>0x56b</load_address>
         <run_address>0x56b</run_address>
         <size>0xef</size>
         <input_file_ref idref="fl-4"/>
      </object_component>
      <object_component id="oc-a0">
         <name>.debug_line</name>
         <load_address>0x65a</load_address>
         <run_address>0x65a</run_address>
         <size>0x67</size>
         <input_file_ref idref="fl-5"/>
      </object_component>
      <object_component id="oc-a6">
         <name>.debug_line</name>
         <load_address>0x6c1</load_address>
         <run_address>0x6c1</run_address>
         <size>0x8e</size>
         <input_file_ref idref="fl-6"/>
      </object_component>
      <object_component id="oc-ab">
         <name>.debug_line</name>
         <load_address>0x74f</load_address>
         <run_address>0x74f</run_address>
         <size>0x4d</size>
         <input_file_ref idref="fl-7"/>
      </object_component>
      <object_component id="oc-b1">
         <name>.debug_line</name>
         <load_address>0x79c</load_address>
         <run_address>0x79c</run_address>
         <size>0xce0</size>
         <input_file_ref idref="fl-8"/>
      </object_component>
      <object_component id="oc-b6">
         <name>.debug_line</name>
         <load_address>0x147c</load_address>
         <run_address>0x147c</run_address>
         <size>0x38</size>
         <input_file_ref idref="fl-9"/>
      </object_component>
      <object_component id="oc-bb">
         <name>.debug_line</name>
         <load_address>0x14b4</load_address>
         <run_address>0x14b4</run_address>
         <size>0x39</size>
         <input_file_ref idref="fl-a"/>
      </object_component>
      <object_component id="oc-c0">
         <name>.debug_line</name>
         <load_address>0x14ed</load_address>
         <run_address>0x14ed</run_address>
         <size>0x39</size>
         <input_file_ref idref="fl-b"/>
      </object_component>
      <object_component id="oc-c5">
         <name>.debug_line</name>
         <load_address>0x1526</load_address>
         <run_address>0x1526</run_address>
         <size>0x39</size>
         <input_file_ref idref="fl-c"/>
      </object_component>
      <object_component id="oc-ca">
         <name>.debug_line</name>
         <load_address>0x155f</load_address>
         <run_address>0x155f</run_address>
         <size>0x39</size>
         <input_file_ref idref="fl-d"/>
      </object_component>
      <object_component id="oc-133">
         <name>.debug_line</name>
         <load_address>0x1598</load_address>
         <run_address>0x1598</run_address>
         <size>0x24d</size>
         <input_file_ref idref="fl-f"/>
      </object_component>
      <object_component id="oc-138">
         <name>.debug_line</name>
         <load_address>0x17e5</load_address>
         <run_address>0x17e5</run_address>
         <size>0x38</size>
         <input_file_ref idref="fl-10"/>
      </object_component>
      <object_component id="oc-13d">
         <name>.debug_line</name>
         <load_address>0x181d</load_address>
         <run_address>0x181d</run_address>
         <size>0x3a</size>
         <input_file_ref idref="fl-11"/>
      </object_component>
      <object_component id="oc-142">
         <name>.debug_line</name>
         <load_address>0x1857</load_address>
         <run_address>0x1857</run_address>
         <size>0x8c</size>
         <input_file_ref idref="fl-12"/>
      </object_component>
      <object_component id="oc-148">
         <name>.debug_line</name>
         <load_address>0x18e3</load_address>
         <run_address>0x18e3</run_address>
         <size>0x70</size>
         <input_file_ref idref="fl-13"/>
      </object_component>
      <object_component id="oc-14f">
         <name>.debug_line</name>
         <load_address>0x1953</load_address>
         <run_address>0x1953</run_address>
         <size>0x38</size>
         <input_file_ref idref="fl-15"/>
      </object_component>
      <object_component id="oc-154">
         <name>.debug_line</name>
         <load_address>0x198b</load_address>
         <run_address>0x198b</run_address>
         <size>0x33a</size>
         <input_file_ref idref="fl-16"/>
      </object_component>
      <object_component id="oc-15a">
         <name>.debug_line</name>
         <load_address>0x1cc5</load_address>
         <run_address>0x1cc5</run_address>
         <size>0x43</size>
         <input_file_ref idref="fl-17"/>
      </object_component>
      <object_component id="oc-15f">
         <name>.debug_line</name>
         <load_address>0x1d08</load_address>
         <run_address>0x1d08</run_address>
         <size>0x38</size>
         <input_file_ref idref="fl-18"/>
      </object_component>
      <object_component id="oc-166">
         <name>.debug_line</name>
         <load_address>0x1d40</load_address>
         <run_address>0x1d40</run_address>
         <size>0x3b</size>
         <input_file_ref idref="fl-19"/>
      </object_component>
      <object_component id="oc-16b">
         <name>.debug_line</name>
         <load_address>0x1d7b</load_address>
         <run_address>0x1d7b</run_address>
         <size>0x41</size>
         <input_file_ref idref="fl-1a"/>
      </object_component>
      <object_component id="oc-174">
         <name>.debug_line</name>
         <load_address>0x1dbc</load_address>
         <run_address>0x1dbc</run_address>
         <size>0x4e</size>
         <input_file_ref idref="fl-1c"/>
      </object_component>
      <object_component id="oc-179">
         <name>.debug_line</name>
         <load_address>0x1e0a</load_address>
         <run_address>0x1e0a</run_address>
         <size>0x71</size>
         <input_file_ref idref="fl-1d"/>
      </object_component>
      <object_component id="oc-17e">
         <name>.debug_line</name>
         <load_address>0x1e7b</load_address>
         <run_address>0x1e7b</run_address>
         <size>0x83</size>
         <input_file_ref idref="fl-1e"/>
      </object_component>
      <object_component id="oc-184">
         <name>.debug_line</name>
         <load_address>0x1efe</load_address>
         <run_address>0x1efe</run_address>
         <size>0x74</size>
         <input_file_ref idref="fl-25"/>
      </object_component>
      <object_component id="oc-18b">
         <name>.debug_line</name>
         <load_address>0x1f72</load_address>
         <run_address>0x1f72</run_address>
         <size>0x65</size>
         <input_file_ref idref="fl-26"/>
      </object_component>
      <object_component id="oc-190">
         <name>.debug_line</name>
         <load_address>0x1fd7</load_address>
         <run_address>0x1fd7</run_address>
         <size>0x5e</size>
         <input_file_ref idref="fl-27"/>
      </object_component>
      <object_component id="oc-195">
         <name>.debug_line</name>
         <load_address>0x2035</load_address>
         <run_address>0x2035</run_address>
         <size>0x59</size>
         <input_file_ref idref="fl-28"/>
      </object_component>
      <object_component id="oc-8c">
         <name>.debug_abbrev</name>
         <load_address>0x0</load_address>
         <run_address>0x0</run_address>
         <size>0xd2</size>
         <input_file_ref idref="fl-2"/>
      </object_component>
      <object_component id="oc-96">
         <name>.debug_abbrev</name>
         <load_address>0xd2</load_address>
         <run_address>0xd2</run_address>
         <size>0x23c</size>
         <input_file_ref idref="fl-3"/>
      </object_component>
      <object_component id="oc-9b">
         <name>.debug_abbrev</name>
         <load_address>0x30e</load_address>
         <run_address>0x30e</run_address>
         <size>0x115</size>
         <input_file_ref idref="fl-4"/>
      </object_component>
      <object_component id="oc-a1">
         <name>.debug_abbrev</name>
         <load_address>0x423</load_address>
         <run_address>0x423</run_address>
         <size>0x21</size>
         <input_file_ref idref="fl-5"/>
      </object_component>
      <object_component id="oc-a7">
         <name>.debug_abbrev</name>
         <load_address>0x444</load_address>
         <run_address>0x444</run_address>
         <size>0xfd</size>
         <input_file_ref idref="fl-6"/>
      </object_component>
      <object_component id="oc-ac">
         <name>.debug_abbrev</name>
         <load_address>0x541</load_address>
         <run_address>0x541</run_address>
         <size>0x2f</size>
         <input_file_ref idref="fl-7"/>
      </object_component>
      <object_component id="oc-b2">
         <name>.debug_abbrev</name>
         <load_address>0x570</load_address>
         <run_address>0x570</run_address>
         <size>0xb6</size>
         <input_file_ref idref="fl-8"/>
      </object_component>
      <object_component id="oc-b7">
         <name>.debug_abbrev</name>
         <load_address>0x626</load_address>
         <run_address>0x626</run_address>
         <size>0x128</size>
         <input_file_ref idref="fl-9"/>
      </object_component>
      <object_component id="oc-bc">
         <name>.debug_abbrev</name>
         <load_address>0x74e</load_address>
         <run_address>0x74e</run_address>
         <size>0x103</size>
         <input_file_ref idref="fl-a"/>
      </object_component>
      <object_component id="oc-c1">
         <name>.debug_abbrev</name>
         <load_address>0x851</load_address>
         <run_address>0x851</run_address>
         <size>0x143</size>
         <input_file_ref idref="fl-b"/>
      </object_component>
      <object_component id="oc-c6">
         <name>.debug_abbrev</name>
         <load_address>0x994</load_address>
         <run_address>0x994</run_address>
         <size>0x11c</size>
         <input_file_ref idref="fl-c"/>
      </object_component>
      <object_component id="oc-cb">
         <name>.debug_abbrev</name>
         <load_address>0xab0</load_address>
         <run_address>0xab0</run_address>
         <size>0x176</size>
         <input_file_ref idref="fl-d"/>
      </object_component>
      <object_component id="oc-130">
         <name>.debug_abbrev</name>
         <load_address>0xc26</load_address>
         <run_address>0xc26</run_address>
         <size>0xcb</size>
         <input_file_ref idref="fl-e"/>
      </object_component>
      <object_component id="oc-134">
         <name>.debug_abbrev</name>
         <load_address>0xcf1</load_address>
         <run_address>0xcf1</run_address>
         <size>0x191</size>
         <input_file_ref idref="fl-f"/>
      </object_component>
      <object_component id="oc-139">
         <name>.debug_abbrev</name>
         <load_address>0xe82</load_address>
         <run_address>0xe82</run_address>
         <size>0x103</size>
         <input_file_ref idref="fl-10"/>
      </object_component>
      <object_component id="oc-13e">
         <name>.debug_abbrev</name>
         <load_address>0xf85</load_address>
         <run_address>0xf85</run_address>
         <size>0x151</size>
         <input_file_ref idref="fl-11"/>
      </object_component>
      <object_component id="oc-143">
         <name>.debug_abbrev</name>
         <load_address>0x10d6</load_address>
         <run_address>0x10d6</run_address>
         <size>0xc8</size>
         <input_file_ref idref="fl-12"/>
      </object_component>
      <object_component id="oc-149">
         <name>.debug_abbrev</name>
         <load_address>0x119e</load_address>
         <run_address>0x119e</run_address>
         <size>0x116</size>
         <input_file_ref idref="fl-13"/>
      </object_component>
      <object_component id="oc-14c">
         <name>.debug_abbrev</name>
         <load_address>0x12b4</load_address>
         <run_address>0x12b4</run_address>
         <size>0x21</size>
         <input_file_ref idref="fl-14"/>
      </object_component>
      <object_component id="oc-150">
         <name>.debug_abbrev</name>
         <load_address>0x12d5</load_address>
         <run_address>0x12d5</run_address>
         <size>0xf5</size>
         <input_file_ref idref="fl-15"/>
      </object_component>
      <object_component id="oc-155">
         <name>.debug_abbrev</name>
         <load_address>0x13ca</load_address>
         <run_address>0x13ca</run_address>
         <size>0x1cc</size>
         <input_file_ref idref="fl-16"/>
      </object_component>
      <object_component id="oc-15b">
         <name>.debug_abbrev</name>
         <load_address>0x1596</load_address>
         <run_address>0x1596</run_address>
         <size>0x170</size>
         <input_file_ref idref="fl-17"/>
      </object_component>
      <object_component id="oc-160">
         <name>.debug_abbrev</name>
         <load_address>0x1706</load_address>
         <run_address>0x1706</run_address>
         <size>0xe7</size>
         <input_file_ref idref="fl-18"/>
      </object_component>
      <object_component id="oc-167">
         <name>.debug_abbrev</name>
         <load_address>0x17ed</load_address>
         <run_address>0x17ed</run_address>
         <size>0x11a</size>
         <input_file_ref idref="fl-19"/>
      </object_component>
      <object_component id="oc-16c">
         <name>.debug_abbrev</name>
         <load_address>0x1907</load_address>
         <run_address>0x1907</run_address>
         <size>0x178</size>
         <input_file_ref idref="fl-1a"/>
      </object_component>
      <object_component id="oc-171">
         <name>.debug_abbrev</name>
         <load_address>0x1a7f</load_address>
         <run_address>0x1a7f</run_address>
         <size>0xc0</size>
         <input_file_ref idref="fl-1b"/>
      </object_component>
      <object_component id="oc-175">
         <name>.debug_abbrev</name>
         <load_address>0x1b3f</load_address>
         <run_address>0x1b3f</run_address>
         <size>0x2f</size>
         <input_file_ref idref="fl-1c"/>
      </object_component>
      <object_component id="oc-17a">
         <name>.debug_abbrev</name>
         <load_address>0x1b6e</load_address>
         <run_address>0x1b6e</run_address>
         <size>0x2f</size>
         <input_file_ref idref="fl-1d"/>
      </object_component>
      <object_component id="oc-17f">
         <name>.debug_abbrev</name>
         <load_address>0x1b9d</load_address>
         <run_address>0x1b9d</run_address>
         <size>0x11d</size>
         <input_file_ref idref="fl-1e"/>
      </object_component>
      <object_component id="oc-185">
         <name>.debug_abbrev</name>
         <load_address>0x1cba</load_address>
         <run_address>0x1cba</run_address>
         <size>0x46</size>
         <input_file_ref idref="fl-25"/>
      </object_component>
      <object_component id="oc-18c">
         <name>.debug_abbrev</name>
         <load_address>0x1d00</load_address>
         <run_address>0x1d00</run_address>
         <size>0x117</size>
         <input_file_ref idref="fl-26"/>
      </object_component>
      <object_component id="oc-191">
         <name>.debug_abbrev</name>
         <load_address>0x1e17</load_address>
         <run_address>0x1e17</run_address>
         <size>0xb2</size>
         <input_file_ref idref="fl-27"/>
      </object_component>
      <object_component id="oc-196">
         <name>.debug_abbrev</name>
         <load_address>0x1ec9</load_address>
         <run_address>0x1ec9</run_address>
         <size>0xfe</size>
         <input_file_ref idref="fl-28"/>
      </object_component>
      <object_component id="oc-22f">
         <name>.debug_abbrev</name>
         <load_address>0x1fc7</load_address>
         <run_address>0x1fc7</run_address>
         <size>0xf</size>
      </object_component>
      <object_component id="oc-8d">
         <name>.debug_aranges</name>
         <load_address>0x0</load_address>
         <run_address>0x0</run_address>
         <size>0x30</size>
         <input_file_ref idref="fl-2"/>
      </object_component>
      <object_component id="oc-97">
         <name>.debug_aranges</name>
         <load_address>0x30</load_address>
         <run_address>0x30</run_address>
         <size>0xa0</size>
         <input_file_ref idref="fl-3"/>
      </object_component>
      <object_component id="oc-9c">
         <name>.debug_aranges</name>
         <load_address>0xd0</load_address>
         <run_address>0xd0</run_address>
         <size>0x28</size>
         <input_file_ref idref="fl-4"/>
      </object_component>
      <object_component id="oc-a2">
         <name>.debug_aranges</name>
         <load_address>0xf8</load_address>
         <run_address>0xf8</run_address>
         <size>0x28</size>
         <input_file_ref idref="fl-5"/>
      </object_component>
      <object_component id="oc-a8">
         <name>.debug_aranges</name>
         <load_address>0x120</load_address>
         <run_address>0x120</run_address>
         <size>0x28</size>
         <input_file_ref idref="fl-6"/>
      </object_component>
      <object_component id="oc-ad">
         <name>.debug_aranges</name>
         <load_address>0x148</load_address>
         <run_address>0x148</run_address>
         <size>0x20</size>
         <input_file_ref idref="fl-7"/>
      </object_component>
      <object_component id="oc-b3">
         <name>.debug_aranges</name>
         <load_address>0x168</load_address>
         <run_address>0x168</run_address>
         <size>0x480</size>
         <input_file_ref idref="fl-8"/>
      </object_component>
      <object_component id="oc-b8">
         <name>.debug_aranges</name>
         <load_address>0x5e8</load_address>
         <run_address>0x5e8</run_address>
         <size>0x18</size>
         <input_file_ref idref="fl-9"/>
      </object_component>
      <object_component id="oc-bd">
         <name>.debug_aranges</name>
         <load_address>0x600</load_address>
         <run_address>0x600</run_address>
         <size>0x18</size>
         <input_file_ref idref="fl-a"/>
      </object_component>
      <object_component id="oc-c2">
         <name>.debug_aranges</name>
         <load_address>0x618</load_address>
         <run_address>0x618</run_address>
         <size>0x18</size>
         <input_file_ref idref="fl-b"/>
      </object_component>
      <object_component id="oc-c7">
         <name>.debug_aranges</name>
         <load_address>0x630</load_address>
         <run_address>0x630</run_address>
         <size>0x18</size>
         <input_file_ref idref="fl-c"/>
      </object_component>
      <object_component id="oc-cc">
         <name>.debug_aranges</name>
         <load_address>0x648</load_address>
         <run_address>0x648</run_address>
         <size>0x18</size>
         <input_file_ref idref="fl-d"/>
      </object_component>
      <object_component id="oc-135">
         <name>.debug_aranges</name>
         <load_address>0x660</load_address>
         <run_address>0x660</run_address>
         <size>0x88</size>
         <input_file_ref idref="fl-f"/>
      </object_component>
      <object_component id="oc-13a">
         <name>.debug_aranges</name>
         <load_address>0x6e8</load_address>
         <run_address>0x6e8</run_address>
         <size>0x18</size>
         <input_file_ref idref="fl-10"/>
      </object_component>
      <object_component id="oc-13f">
         <name>.debug_aranges</name>
         <load_address>0x700</load_address>
         <run_address>0x700</run_address>
         <size>0x18</size>
         <input_file_ref idref="fl-11"/>
      </object_component>
      <object_component id="oc-144">
         <name>.debug_aranges</name>
         <load_address>0x718</load_address>
         <run_address>0x718</run_address>
         <size>0x28</size>
         <input_file_ref idref="fl-12"/>
      </object_component>
      <object_component id="oc-14a">
         <name>.debug_aranges</name>
         <load_address>0x740</load_address>
         <run_address>0x740</run_address>
         <size>0x20</size>
         <input_file_ref idref="fl-13"/>
      </object_component>
      <object_component id="oc-151">
         <name>.debug_aranges</name>
         <load_address>0x760</load_address>
         <run_address>0x760</run_address>
         <size>0x18</size>
         <input_file_ref idref="fl-15"/>
      </object_component>
      <object_component id="oc-156">
         <name>.debug_aranges</name>
         <load_address>0x778</load_address>
         <run_address>0x778</run_address>
         <size>0xa8</size>
         <input_file_ref idref="fl-16"/>
      </object_component>
      <object_component id="oc-15c">
         <name>.debug_aranges</name>
         <load_address>0x820</load_address>
         <run_address>0x820</run_address>
         <size>0x18</size>
         <input_file_ref idref="fl-17"/>
      </object_component>
      <object_component id="oc-161">
         <name>.debug_aranges</name>
         <load_address>0x838</load_address>
         <run_address>0x838</run_address>
         <size>0x18</size>
         <input_file_ref idref="fl-18"/>
      </object_component>
      <object_component id="oc-168">
         <name>.debug_aranges</name>
         <load_address>0x850</load_address>
         <run_address>0x850</run_address>
         <size>0x18</size>
         <input_file_ref idref="fl-19"/>
      </object_component>
      <object_component id="oc-16d">
         <name>.debug_aranges</name>
         <load_address>0x868</load_address>
         <run_address>0x868</run_address>
         <size>0x18</size>
         <input_file_ref idref="fl-1a"/>
      </object_component>
      <object_component id="oc-176">
         <name>.debug_aranges</name>
         <load_address>0x880</load_address>
         <run_address>0x880</run_address>
[...]
         <object_component_ref idref="oc-124"/>
      </symbol>
      <symbol id="sm-43e">
         <name>_AdcaRegs</name>
         <value>0x7400</value>
         <object_component_ref idref="oc-117"/>
      </symbol>
      <symbol id="sm-43f">
         <name>_SciaRegs</name>
         <value>0x7200</value>
         <object_component_ref idref="oc-e3"/>
      </symbol>
      <symbol id="sm-440">
         <name>_EPwm11Regs</name>
         <value>0x4a00</value>
         <object_component_ref idref="oc-126"/>
      </symbol>
      <symbol id="sm-441">
         <name>_GpioDataRegs</name>
         <value>0x7f00</value>
         <object_component_ref idref="oc-10b"/>
      </symbol>
      <symbol id="sm-442">
         <name>_Sdfm1Regs</name>
         <value>0x5e00</value>
         <object_component_ref idref="oc-11a"/>
      </symbol>
      <symbol id="sm-443">
         <name>_Cmpss2Regs</name>
         <value>0x5ca0</value>
         <object_component_ref idref="oc-f8"/>
      </symbol>
      <symbol id="sm-444">
         <name>_Emif2Regs</name>
         <value>0x47800</value>
         <object_component_ref idref="oc-114"/>
      </symbol>
      <symbol id="sm-445">
         <name>_DcsmZ1Regs</name>
         <value>0x5f000</value>
         <object_component_ref idref="oc-105"/>
      </symbol>
      <symbol id="sm-446">
         <name>_Flash0CtrlRegs</name>
         <value>0x5f800</value>
         <object_component_ref idref="oc-12e"/>
      </symbol>
      <symbol id="sm-447">
         <name>_EPwm7Regs</name>
         <value>0x4600</value>
         <object_component_ref idref="oc-121"/>
      </symbol>
      <symbol id="sm-448">
         <name>_SpicRegs</name>
         <value>0x6120</value>
         <object_component_ref idref="oc-df"/>
      </symbol>
      <symbol id="sm-449">
         <name>_EPwm10Regs</name>
         <value>0x4900</value>
         <object_component_ref idref="oc-129"/>
      </symbol>
      <symbol id="sm-44a">
         <name>_CpuTimer2Regs</name>
         <value>0xc10</value>
         <object_component_ref idref="oc-dc"/>
      </symbol>
      <symbol id="sm-44b">
         <name>_DmaClaSrcSelRegs</name>
         <value>0x7980</value>
         <object_component_ref idref="oc-e9"/>
      </symbol>
      <symbol id="sm-44c">
         <name>_AnalogSubsysRegs</name>
         <value>0x5d180</value>
         <object_component_ref idref="oc-113"/>
      </symbol>
      <symbol id="sm-44d">
         <name>_Cmpss3Regs</name>
         <value>0x5cc0</value>
         <object_component_ref idref="oc-fb"/>
      </symbol>
      <symbol id="sm-44e">
         <name>_DaccRegs</name>
         <value>0x5c20</value>
         <object_component_ref idref="oc-db"/>
      </symbol>
      <symbol id="sm-44f">
         <name>_PieCtrlRegs</name>
         <value>0xce0</value>
         <object_component_ref idref="oc-ea"/>
      </symbol>
      <symbol id="sm-450">
         <name>_DevCfgRegs</name>
         <value>0x5d000</value>
         <object_component_ref idref="oc-12b"/>
      </symbol>
      <symbol id="sm-451">
         <name>_SpibRegs</name>
         <value>0x6110</value>
         <object_component_ref idref="oc-e0"/>
      </symbol>
      <symbol id="sm-452">
         <name>_AdccRegs</name>
         <value>0x7500</value>
         <object_component_ref idref="oc-119"/>
      </symbol>
      <symbol id="sm-453">
         <name>_ScicRegs</name>
         <value>0x7220</value>
         <object_component_ref idref="oc-e4"/>
      </symbol>
      <symbol id="sm-454">
         <name>_ECap1Regs</name>
         <value>0x5000</value>
         <object_component_ref idref="oc-fd"/>
      </symbol>
      <symbol id="sm-455">
         <name>_EmuKey</name>
         <value>0xd00</value>
         <object_component_ref idref="oc-ce"/>
      </symbol>
      <symbol id="sm-456">
         <name>_OutputXbarRegs</name>
         <value>0x7a80</value>
         <object_component_ref idref="oc-111"/>
      </symbol>
      <symbol id="sm-457">
         <name>_MemoryErrorRegs</name>
         <value>0x5f500</value>
         <object_component_ref idref="oc-10f"/>
      </symbol>
      <symbol id="sm-458">
         <name>_Cla1Regs</name>
         <value>0x1400</value>
         <object_component_ref idref="oc-10d"/>
      </symbol>
      <symbol id="sm-459">
         <name>_DcsmZ2Otp</name>
         <value>0x78200</value>
         <object_component_ref idref="oc-f7"/>
      </symbol>
      <symbol id="sm-45a">
         <name>_EQep1Regs</name>
         <value>0x5100</value>
         <object_component_ref idref="oc-ff"/>
      </symbol>
      <symbol id="sm-45b">
         <name>_DacbRegs</name>
         <value>0x5c10</value>
         <object_component_ref idref="oc-d8"/>
      </symbol>
      <symbol id="sm-45c">
         <name>_McbspaRegs</name>
         <value>0x6000</value>
         <object_component_ref idref="oc-107"/>
      </symbol>
      <symbol id="sm-45d">
         <name>_EPwm1Regs</name>
         <value>0x4000</value>
         <object_component_ref idref="oc-123"/>
      </symbol>
      <symbol id="sm-45e">
         <name>_AdcbRegs</name>
         <value>0x7480</value>
         <object_component_ref idref="oc-116"/>
      </symbol>
      <symbol id="sm-45f">
         <name>_ScibRegs</name>
         <value>0x7210</value>
         <object_component_ref idref="oc-e2"/>
      </symbol>
      <symbol id="sm-460">
         <name>_AdcaResultRegs</name>
         <value>0xb00</value>
         <object_component_ref idref="oc-e6"/>
      </symbol>
      <symbol id="sm-461">
         <name>_ECap2Regs</name>
         <value>0x5020</value>
         <object_component_ref idref="oc-fe"/>
      </symbol>
      <symbol id="sm-462">
         <name>_EPwm12Regs</name>
         <value>0x4b00</value>
         <object_component_ref idref="oc-127"/>
      </symbol>
      <symbol id="sm-463">
         <name>_AdcbResultRegs</name>
         <value>0xb20</value>
         <object_component_ref idref="oc-e5"/>
      </symbol>
      <symbol id="sm-464">
         <name>_AdccResultRegs</name>
         <value>0xb40</value>
         <object_component_ref idref="oc-e8"/>
      </symbol>
      <symbol id="sm-465">
         <name>_Emif1ConfigRegs</name>
         <value>0x5f480</value>
         <object_component_ref idref="oc-ee"/>
      </symbol>
      <symbol id="sm-466">
         <name>_Sdfm2Regs</name>
         <value>0x5e80</value>
         <object_component_ref idref="oc-11b"/>
      </symbol>
      <symbol id="sm-467">
         <name>_AdcdResultRegs</name>
         <value>0xb60</value>
         <object_component_ref idref="oc-e7"/>
      </symbol>
      <symbol id="sm-468">
         <name>_EQep2Regs</name>
         <value>0x5140</value>
         <object_component_ref idref="oc-100"/>
      </symbol>
      <symbol id="sm-469">
         <name>_Cmpss1Regs</name>
         <value>0x5c80</value>
         <object_component_ref idref="oc-f9"/>
      </symbol>
      <symbol id="sm-46a">
         <name>_EPwm8Regs</name>
         <value>0x4700</value>
         <object_component_ref idref="oc-12a"/>
      </symbol>
      <symbol id="sm-46b">
         <name>_Emif2ConfigRegs</name>
         <value>0x5f4a0</value>
         <object_component_ref idref="oc-ef"/>
      </symbol>
      <symbol id="sm-46c">
         <name>_DcsmCommonRegs</name>
         <value>0x5f070</value>
         <object_component_ref idref="oc-d7"/>
      </symbol>
      <symbol id="sm-46d">
         <name>_EPwm2Regs</name>
         <value>0x4100</value>
         <object_component_ref idref="oc-122"/>
      </symbol>
      <symbol id="sm-46e">
         <name>_ECap3Regs</name>
         <value>0x5040</value>
         <object_component_ref idref="oc-f2"/>
      </symbol>
      <symbol id="sm-46f">
         <name>_Cmpss8Regs</name>
         <value>0x5d60</value>
         <object_component_ref idref="oc-f6"/>
      </symbol>
      <symbol id="sm-470">
         <name>_EQep3Regs</name>
         <value>0x5180</value>
         <object_component_ref idref="oc-103"/>
      </symbol>
      <symbol id="sm-471">
         <name>_SyncSocRegs</name>
         <value>0x7940</value>
         <object_component_ref idref="oc-d4"/>
      </symbol>
      <symbol id="sm-472">
         <name>_EPwm9Regs</name>
         <value>0x4800</value>
         <object_component_ref idref="oc-128"/>
      </symbol>
      <symbol id="sm-473">
         <name>_NmiIntruptRegs</name>
         <value>0x7060</value>
         <object_component_ref idref="oc-d5"/>
      </symbol>
      <symbol id="sm-474">
         <name>_EPwm3Regs</name>
         <value>0x4200</value>
         <object_component_ref idref="oc-125"/>
      </symbol>
      <symbol id="sm-475">
         <name>_Flash1EccRegs</name>
         <value>0x5ff00</value>
         <object_component_ref idref="oc-108"/>
      </symbol>
      <symbol id="sm-476">
         <name>_I2caRegs</name>
         <value>0x7300</value>
         <object_component_ref idref="oc-102"/>
      </symbol>
      <symbol id="sm-499">
         <name>_GPIO_SetupLock</name>
         <value>0x1728f</value>
         <object_component_ref idref="oc-19d"/>
      </symbol>
      <symbol id="sm-49a">
         <name>_GPIO_SetupXINT4Gpio</name>
         <value>0x172d7</value>
         <object_component_ref idref="oc-19d"/>
      </symbol>
      <symbol id="sm-49b">
         <name>_InitGpio</name>
         <value>0x17123</value>
         <object_component_ref idref="oc-19d"/>
      </symbol>
      <symbol id="sm-49c">
         <name>_GPIO_SetupXINT5Gpio</name>
         <value>0x172e1</value>
         <object_component_ref idref="oc-19d"/>
      </symbol>
      <symbol id="sm-49d">
         <name>_GPIO_EnableUnbondedIOPullupsFor176Pin</name>
         <value>0x172eb</value>
         <object_component_ref idref="oc-19d"/>
      </symbol>
      <symbol id="sm-49e">
         <name>_GPIO_SetupXINT2Gpio</name>
         <value>0x172c3</value>
         <object_component_ref idref="oc-19d"/>
      </symbol>
      <symbol id="sm-49f">
         <name>_GPIO_SetupXINT3Gpio</name>
         <value>0x172cd</value>
         <object_component_ref idref="oc-19d"/>
      </symbol>
      <symbol id="sm-4a0">
         <name>_GPIO_WritePin</name>
         <value>0x17358</value>
         <object_component_ref idref="oc-19d"/>
      </symbol>
      <symbol id="sm-4a1">
         <name>_GPIO_SetupPinOptions</name>
         <value>0x171f6</value>
         <object_component_ref idref="oc-19d"/>
      </symbol>
      <symbol id="sm-4a2">
         <name>_GPIO_EnableUnbondedIOPullups</name>
         <value>0x17329</value>
         <object_component_ref idref="oc-19d"/>
      </symbol>
      <symbol id="sm-4a3">
         <name>_GPIO_SetupXINT1Gpio</name>
         <value>0x172b9</value>
         <object_component_ref idref="oc-19d"/>
      </symbol>
      <symbol id="sm-4a4">
         <name>_GPIO_SetupPinMux</name>
         <value>0x17167</value>
         <object_component_ref idref="oc-19d"/>
      </symbol>
      <symbol id="sm-4a5">
         <name>_GPIO_EnableUnbondedIOPullupsFor100Pin</name>
         <value>0x17304</value>
         <object_component_ref idref="oc-19d"/>
      </symbol>
      <symbol id="sm-4a6">
         <name>_GPIO_ReadPin</name>
         <value>0x17341</value>
         <object_component_ref idref="oc-19d"/>
      </symbol>
      <symbol id="sm-4c7">
         <name>_InitPieCtrl</name>
         <value>0x1755a</value>
         <object_component_ref idref="oc-1a0"/>
      </symbol>
      <symbol id="sm-4c8">
         <name>_EnableInterrupts</name>
         <value>0x17579</value>
         <object_component_ref idref="oc-1a0"/>
      </symbol>
      <symbol id="sm-4d9">
         <name>_PieVectTableInit</name>
         <value>0xd120</value>
         <object_component_ref idref="oc-146"/>
      </symbol>
      <symbol id="sm-4da">
         <name>_InitPieVectTable</name>
         <value>0x17582</value>
         <object_component_ref idref="oc-1a1"/>
      </symbol>
      <symbol id="sm-50f">
         <name>_InitSysPll</name>
         <value>0x16cd5</value>
         <object_component_ref idref="oc-19e"/>
      </symbol>
      <symbol id="sm-510">
         <name>_DisablePeripheralClocks</name>
         <value>0x16ca1</value>
         <object_component_ref idref="oc-19e"/>
      </symbol>
      <symbol id="sm-511">
         <name>_DisableDog</name>
         <value>0x16cc7</value>
         <object_component_ref idref="oc-19e"/>
      </symbol>
      <symbol id="sm-512">
         <name>_SysIntOsc2Sel</name>
         <value>0x16e2a</value>
         <object_component_ref idref="oc-19e"/>
      </symbol>
      <symbol id="sm-513">
         <name>_HALT</name>
         <value>0x16e74</value>
         <object_component_ref idref="oc-19e"/>
      </symbol>
      <symbol id="sm-514">
         <name>_IDLE</name>
         <value>0x16e60</value>
         <object_component_ref idref="oc-19e"/>
      </symbol>
      <symbol id="sm-515">
         <name>_InitPeripheralClocks</name>
         <value>0x16c1d</value>
         <object_component_ref idref="oc-19e"/>
      </symbol>
      <symbol id="sm-516">
         <name>_SysXtalOscSel</name>
         <value>0x16e34</value>
         <object_component_ref idref="oc-19e"/>
      </symbol>
      <symbol id="sm-517">
         <name>_CsmUnlock</name>
         <value>0x16dff</value>
         <object_component_ref idref="oc-19e"/>
      </symbol>
      <symbol id="sm-518">
         <name>_SysIntOsc1Sel</name>
         <value>0x16e20</value>
         <object_component_ref idref="oc-19e"/>
      </symbol>
      <symbol id="sm-519">
         <name>_ServiceDog</name>
         <value>0x16cb9</value>
         <object_component_ref idref="oc-19e"/>
      </symbol>
      <symbol id="sm-51a">
         <name>_HIB</name>
         <value>0x16e85</value>
         <object_component_ref idref="oc-19e"/>
      </symbol>
      <symbol id="sm-51b">
         <name>_AuxAuxClkSel</name>
         <value>0x16e56</value>
         <object_component_ref idref="oc-19e"/>
      </symbol>
      <symbol id="sm-51c">
         <name>_AuxIntOsc2Sel</name>
         <value>0x16e40</value>
         <object_component_ref idref="oc-19e"/>
      </symbol>
      <symbol id="sm-51d">
         <name>_InitAuxPll</name>
         <value>0x16d63</value>
         <object_component_ref idref="oc-19e"/>
      </symbol>
      <symbol id="sm-51e">
         <name>_InitSysCtrl</name>
         <value>0x16bec</value>
         <object_component_ref idref="oc-19e"/>
      </symbol>
      <symbol id="sm-51f">
         <name>_STANDBY</name>
         <value>0x16e69</value>
         <object_component_ref idref="oc-19e"/>
      </symbol>
      <symbol id="sm-520">
         <name>_AuxXtalOscSel</name>
         <value>0x16e4a</value>
         <object_component_ref idref="oc-19e"/>
      </symbol>
      <symbol id="sm-52d">
         <name>_tempSensor_tempSlope</name>
         <value>0xd0fa</value>
         <object_component_ref idref="oc-158"/>
      </symbol>
      <symbol id="sm-52e">
         <name>_tempSensor_tempOffset</name>
         <value>0xd0f8</value>
         <object_component_ref idref="oc-158"/>
      </symbol>
      <symbol id="sm-52f">
         <name>_tempSensor_scaleFactor</name>
         <value>0xd0fc</value>
         <object_component_ref idref="oc-158"/>
      </symbol>
      <symbol id="sm-548">
         <name>_deviceOpen</name>
         <value>0xd11e</value>
         <object_component_ref idref="oc-164"/>
      </symbol>
      <symbol id="sm-567">
         <name>_I2C</name>
         <value>0xd088</value>
         <object_component_ref idref="oc-170"/>
      </symbol>
      <symbol id="sm-568">
         <name>_TRIP_SEL</name>
         <value>0xd0da</value>
         <object_component_ref idref="oc-170"/>
      </symbol>
      <symbol id="sm-569">
         <name>_EPWM</name>
         <value>0xd0c0</value>
         <object_component_ref idref="oc-170"/>
      </symbol>
      <symbol id="sm-56a">
         <name>_MCBSP</name>
         <value>0xd084</value>
         <object_component_ref idref="oc-170"/>
      </symbol>
      <symbol id="sm-56b">
         <name>_ECAP</name>
         <value>0xd0ac</value>
         <object_component_ref idref="oc-170"/>
      </symbol>
      <symbol id="sm-56c">
         <name>_SPI</name>
         <value>0xd09a</value>
         <object_component_ref idref="oc-170"/>
      </symbol>
      <symbol id="sm-56d">
         <name>_EQEP</name>
         <value>0xd092</value>
         <object_component_ref idref="oc-170"/>
      </symbol>
      <symbol id="sm-56e">
         <name>_SDFM</name>
         <value>0xd08c</value>
         <object_component_ref idref="oc-170"/>
      </symbol>
      <symbol id="sm-56f">
         <name>_ADC</name>
         <value>0xd0a2</value>
         <object_component_ref idref="oc-170"/>
      </symbol>
      <symbol id="sm-570">
         <name>_SCI</name>
         <value>0xd080</value>
         <object_component_ref idref="oc-170"/>
      </symbol>
      <symbol id="sm-57c">
         <name>_F28x_usDelay</name>
         <value>0x122</value>
         <object_component_ref idref="oc-172"/>
      </symbol>
      <symbol id="sm-58d">
         <name>_FIR_FP_calc</name>
         <value>0x1752f</value>
         <object_component_ref idref="oc-177"/>
      </symbol>
      <symbol id="sm-58e">
         <name>_FIR_FP_init</name>
         <value>0x17523</value>
         <object_component_ref idref="oc-177"/>
      </symbol>
      <symbol id="sm-59c">
         <name>_FPU_initSystemClocks</name>
         <value>0x175dc</value>
         <object_component_ref idref="oc-19f"/>
      </symbol>
      <symbol id="sm-59d">
         <name>_done</name>
         <value>0x175ee</value>
         <object_component_ref idref="oc-19f"/>
      </symbol>
      <symbol id="sm-59e">
         <name>_FPU_initEpie</name>
         <value>0x175e3</value>
         <object_component_ref idref="oc-19f"/>
      </symbol>
      <symbol id="sm-5b9">
         <name>_c_int00</name>
         <value>0x174dd</value>
         <object_component_ref idref="oc-83"/>
      </symbol>
      <symbol id="sm-5ba">
         <name>__stack</name>
         <value>0x400</value>
         <object_component_ref idref="oc-181"/>
      </symbol>
      <symbol id="sm-5ce">
         <name>C$$EXIT</name>
         <value>0x175c3</value>
         <object_component_ref idref="oc-199"/>
      </symbol>
      <symbol id="sm-5cf">
         <name>_exit</name>
         <value>0x175c5</value>
         <object_component_ref idref="oc-199"/>
      </symbol>
      <symbol id="sm-5d0">
         <name>___TI_cleanup_ptr</name>
         <value>0xd118</value>
         <object_component_ref idref="oc-189"/>
      </symbol>
      <symbol id="sm-5d1">
         <name>_abort</name>
         <value>0x175c3</value>
         <object_component_ref idref="oc-199"/>
      </symbol>
      <symbol id="sm-5d2">
         <name>___TI_dtors_ptr</name>
         <value>0xd11a</value>
         <object_component_ref idref="oc-189"/>
      </symbol>
      <symbol id="sm-5e7">
         <name>__unlock</name>
         <value>0xd11c</value>
         <object_component_ref idref="oc-1a6"/>
      </symbol>
      <symbol id="sm-5e8">
         <name>__lock</name>
         <value>0xd0fe</value>
         <object_component_ref idref="oc-19b"/>
      </symbol>
      <symbol id="sm-5e9">
         <name>__register_lock</name>
         <value>0x175f4</value>
         <object_component_ref idref="oc-1a4"/>
      </symbol>
      <symbol id="sm-5ea">
         <name>__nop</name>
         <value>0x175f8</value>
         <object_component_ref idref="oc-1a4"/>
      </symbol>
      <symbol id="sm-5eb">
         <name>__register_unlock</name>
         <value>0x175f0</value>
         <object_component_ref idref="oc-1a4"/>
      </symbol>
      <symbol id="sm-5fb">
         <name>__args_main</name>
         <value>0x175aa</value>
         <object_component_ref idref="oc-198"/>
      </symbol>
   </symbol_table>
   <title>Link successful</title>
</link_info>
