******************************************************************************
             TMS320C2000 Linker PC v6.4.2                      
******************************************************************************
>> Linked Mon Oct 12 18:12:31 2015

OUTPUT FILE NAME:   <Project1.out>
ENTRY POINT SYMBOL: "code_start"  address: 00080000


MEMORY CONFIGURATION

         name            origin    length      used     unused   attr    fill
----------------------  --------  ---------  --------  --------  ----  --------
PAGE 0:
  RAMM0                 00000122   000002de  00000000  000002de  RWIX
  RAMLS0                00008000   00000800  0000004e  000007b2  RWIX
  RAMLS1                00008800   00000800  00000000  00000800  RWIX
  RAMLS2                00009000   00000800  00000000  00000800  RWIX
  RAMLS3                00009800   00000800  00000000  00000800  RWIX
  RAMLS4                0000a000   00000800  00000000  00000800  RWIX
  RAMD0                 0000b000   00000800  00000000  00000800  RWIX
  BEGIN                 00080000   00000002  00000002  00000000  RWIX
  FLASHA                00080002   00001ffe  00000000  00001ffe  RWIX
  FLASHB                00082000   00002000  00001a17  000005e9  RWIX
  FLASHC                00084000   00002000  00000000  00002000  RWIX
  FLASHD                00086000   00002000  0000004e  00001fb2  RWIX
  FLASHE                00088000   00008000  00000000  00008000  RWIX
  FLASHF                00090000   00008000  000001c0  00007e40  RWIX
  FLASHG                00098000   00008000  00000000  00008000  RWIX
  FLASHH                000a0000   00008000  00000000  00008000  RWIX
  FLASHI                000a8000   00008000  00000000  00008000  RWIX
  FLASHJ                000b0000   00008000  00000000  00008000  RWIX
  FLASHK                000b8000   00002000  00000000  00002000  RWIX
  FLASHL                000ba000   00002000  00000000  00002000  RWIX
  FLASHM                000bc000   00002000  00000000  00002000  RWIX
  FLASHN                000be000   00002000  00000000  00002000  RWIX
  RESET                 003fffc0   00000002  00000000  00000002  RWIX

PAGE 1:
  BOOT_RSVD             00000002   00000120  00000000  00000120  RWIX
  RAMM1                 00000400   00000400  00000100  00000300  RWIX
  ADCA_RESULT           00000b00   00000020  00000018  00000008  RWIX
  ADCB_RESULT           00000b20   00000020  00000018  00000008  RWIX
  ADCC_RESULT           00000b40   00000020  00000018  00000008  RWIX
  ADCD_RESULT           00000b60   00000020  00000018  00000008  RWIX
  CPU_TIMER0            00000c00   00000008  00000008  00000000  RWIX
  CPU_TIMER1            00000c08   00000008  00000008  00000000  RWIX
  CPU_TIMER2            00000c10   00000008  00000008  00000000  RWIX
  PIE_CTRL              00000ce0   00000020  0000001a  00000006  RWIX
  PIE_VECT              00000d00   00000200  000001c0  00000040  RWIX
  DMA                   00001000   00000200  000000e0  00000120  RWIX
  CLA1                  00001400   00000040  0000003e  00000002  RWIX
  EPWM1                 00004000   00000100  00000100  00000000  RWIX
  EPWM2                 00004100   00000100  00000100  00000000  RWIX
  EPWM3                 00004200   00000100  00000100  00000000  RWIX
  EPWM4                 00004300   00000100  00000100  00000000  RWIX
  EPWM5                 00004400   00000100  00000100  00000000  RWIX
  EPWM6                 00004500   00000100  00000100  00000000  RWIX
  EPWM7                 00004600   00000100  00000100  00000000  RWIX
  EPWM8                 00004700   00000100  00000100  00000000  RWIX
  EPWM9                 00004800   00000100  00000100  00000000  RWIX
  EPWM10                00004900   00000100  00000100  00000000  RWIX
  EPWM11                00004a00   00000100  00000100  00000000  RWIX
  EPWM12                00004b00   00000100  00000100  00000000  RWIX
  ECAP1                 00005000   00000020  00000020  00000000  RWIX
  ECAP2                 00005020   00000020  00000020  00000000  RWIX
  ECAP3                 00005040   00000020  00000020  00000000  RWIX
  ECAP4                 00005060   00000020  00000020  00000000  RWIX
  ECAP5                 00005080   00000020  00000020  00000000  RWIX
  ECAP6                 000050a0   00000020  00000020  00000000  RWIX
  EQEP1                 00005100   00000040  00000022  0000001e  RWIX
  EQEP2                 00005140   00000040  00000022  0000001e  RWIX
  EQEP3                 00005180   00000040  00000022  0000001e  RWIX
  DACA                  00005c00   00000010  00000008  00000008  RWIX
  DACB                  00005c10   00000010  00000008  00000008  RWIX
  DACC                  00005c20   00000010  00000008  00000008  RWIX
  CMPSS1                00005c80   00000020  00000020  00000000  RWIX
  CMPSS2                00005ca0   00000020  00000020  00000000  RWIX
  CMPSS3                00005cc0   00000020  00000020  00000000  RWIX
  CMPSS4                00005ce0   00000020  00000020  00000000  RWIX
  CMPSS5                00005d00   00000020  00000020  00000000  RWIX
  CMPSS6                00005d20   00000020  00000020  00000000  RWIX
  CMPSS7                00005d40   00000020  00000020  00000000  RWIX
  CMPSS8                00005d60   00000020  00000020  00000000  RWIX
  SDFM1                 00005e00   00000080  00000080  00000000  RWIX
  SDFM2                 00005e80   00000080  00000080  00000000  RWIX
  MCBSPA                00006000   00000040  00000024  0000001c  RWIX
  MCBSPB                00006040   00000040  00000024  0000001c  RWIX
  SPIA                  00006100   00000010  00000010  00000000  RWIX
  SPIB                  00006110   00000010  00000010  00000000  RWIX
  SPIC                  00006120   00000010  00000010  00000000  RWIX
  SPID                  00006130   00000010  00000000  00000010  RWIX
  UPP                   00006200   00000100  00000048  000000b8  RWIX
  WD                    00007000   00000040  0000002b  00000015  RWIX
  NMIINTRUPT            00007060   00000010  00000007  00000009  RWIX
  XINT                  00007070   00000010  0000000b  00000005  RWIX
  SCIA                  00007200   00000010  00000010  00000000  RWIX
  SCIB                  00007210   00000010  00000010  00000000  RWIX
  SCIC                  00007220   00000010  00000010  00000000  RWIX
  SCID                  00007230   00000010  00000010  00000000  RWIX
  I2CA                  00007300   00000040  00000022  0000001e  RWIX
  I2CB                  00007340   00000040  00000022  0000001e  RWIX
  ADCA                  00007400   00000080  00000080  00000000  RWIX
  ADCB                  00007480   00000080  00000080  00000000  RWIX
  ADCC                  00007500   00000080  00000080  00000000  RWIX
  ADCD                  00007580   00000080  00000080  00000000  RWIX
  INPUT_XBAR            00007900   00000020  00000020  00000000  RWIX
  XBAR                  00007920   00000020  00000020  00000000  RWIX
  TRIG                  00007940   00000010  00000006  0000000a  RWIX
  DMACLASRCSEL          00007980   00000040  0000001a  00000026  RWIX
  EPWM_XBAR             00007a00   00000040  00000040  00000000  RWIX
  CLB_XBAR              00007a40   00000040  00000000  00000040  RWIX
  OUTPUT_XBAR           00007a80   00000040  00000040  00000000  RWIX
  GPIOCTRL              00007c00   00000180  00000180  00000000  RWIX
  GPIODAT               00007f00   00000030  00000030  00000000  RWIX
  RAMLS5                0000a800   00000800  00000099  00000767  RWIX
  RAMD1                 0000b800   00000800  00000000  00000800  RWIX
  RAMGS0                0000c000   00001000  00000000  00001000  RWIX
  RAMGS1                0000d000   00001000  00000000  00001000  RWIX
  RAMGS2                0000e000   00001000  00000000  00001000  RWIX
  RAMGS3                0000f000   00001000  00000000  00001000  RWIX
  RAMGS4                00010000   00001000  00000000  00001000  RWIX
  RAMGS5                00011000   00001000  00000000  00001000  RWIX
  RAMGS6                00012000   00001000  00000000  00001000  RWIX
  RAMGS7                00013000   00001000  00000000  00001000  RWIX
  RAMGS8                00014000   00001000  00000000  00001000  RWIX
  RAMGS9                00015000   00001000  00000000  00001000  RWIX
  RAMGS10               00016000   00001000  00000000  00001000  RWIX
  RAMGS11               00017000   00001000  00000000  00001000  RWIX
  EMIF1                 00047000   00000800  00000070  00000790  RWIX
  EMIF2                 00047800   00000800  00000070  00000790  RWIX
  DEV_CFG               0005d000   00000180  0000012e  00000052  RWIX
  ANALOG_SUBSYS         0005d180   00000080  00000048  00000038  RWIX
  CLK_CFG               0005d200   00000100  00000032  000000ce  RWIX
  CPU_SYS               0005d300   00000100  00000082  0000007e  RWIX
  ROMPREFETCH           0005e608   00000002  00000002  00000000  RWIX
  DCSM_Z1               0005f000   00000030  00000024  0000000c  RWIX
  DCSM_Z2               0005f040   00000030  00000024  0000000c  RWIX
  DCSM_COMMON           0005f070   00000010  00000008  00000008  RWIX
  MEMCFG                0005f400   00000080  00000080  00000000  RWIX
  EMIF1CONFIG           0005f480   00000020  00000020  00000000  RWIX
  EMIF2CONFIG           0005f4a0   00000020  00000020  00000000  RWIX
  ACCESSPROTECTION      0005f4c0   00000040  00000040  00000000  RWIX
  MEMORYERROR           0005f500   00000040  00000040  00000000  RWIX
  ROMWAITSTATE          0005f540   00000002  00000002  00000000  RWIX
  FLASH0_CTRL           0005f800   00000300  00000182  0000017e  RWIX
  FLASH0_ECC            0005fb00   00000040  00000028  00000018  RWIX
  FLASH1_CTRL           0005fc00   00000300  00000182  0000017e  RWIX
  FLASH1_ECC            0005ff00   00000040  00000028  00000018  RWIX
  DCSM_Z1_OTP           00078000   00000020  00000020  00000000  RWIX
  DCSM_Z2_OTP           00078200   00000020  00000020  00000000  RWIX


SECTION ALLOCATION MAP

 output                                  attributes/
section   page    origin      length       input sections
--------  ----  ----------  ----------   ----------------
codestart 
*          0    00080000    00000002     
                  00080000    00000002     F2837xS_CodeStartBranch.obj (codestart)

.cinit     0    00082000    0000060d     
                  00082000    00000563     main.obj (.cinit)
                  00082563    00000090     F2837xS_struct.obj (.cinit)
                  000825f3    0000000a     rts2800_fpu32.lib : exit.obj (.cinit)
                  000825fd    00000005                       : _lock.obj (.cinit:__lock)
                  00082602    00000005                       : _lock.obj (.cinit:__unlock)
                  00082607    00000004     F2837xS_sci_io.obj (.cinit)
                  0008260b    00000002     --HOLE-- [fill = 0]

.pinit     0    00082000    00000000     UNINITIALIZED

ramfuncs   0    00086000    0000004e     RUN ADDR = 00008000
                  00086000    0000004a     F2837xS_SysCtrl.obj (ramfuncs)
                  0008604a    00000004     F2837xS_usDelay.obj (ramfuncs)

.stack     1    00000400    00000100     UNINITIALIZED
                  00000400    00000100     --HOLE--

.reset     0    003fffc0    00000002     DSECT
                  003fffc0    00000002     rts2800_fpu32.lib : boot.obj (.reset)

.ebss.1    0    00000000    00006880     FAILED TO ALLOCATE
.text      0    00082610    0000140a     
                  00082610    00000585     F2837xS_DefaultISR.obj (.text:retain)
                  00082b95    000004ac     main.obj (.text)
                  00083041    000002af     F2837xS_SysCtrl.obj (.text)
                  000832f0    0000024a     F2837xS_Gpio.obj (.text)
                  0008353a    000001be     main.obj (.text:retain)
                  000836f8    000000dd     F2837xS_Adc.obj (.text)
                  000837d5    00000088     rts2800_fpu32.lib : fs_div.obj (.text)
                  0008385d    0000007b     F2837xS_CpuTimers.obj (.text)
                  000838d8    00000046     rts2800_fpu32.lib : boot.obj (.text)
                  0008391e    00000037     FIR_f32.obj (.text)
                  00083955    00000028     F2837xS_PieCtrl.obj (.text)
                  0008397d    00000028     F2837xS_PieVect.obj (.text)
                  000839a5    0000001e     rts2800_fpu32.lib : memcpy.obj (.text)
                  000839c3    00000019                       : args_main.obj (.text)
                  000839dc    00000019                       : exit.obj (.text)
                  000839f5    00000011     examples_setup.obj (.text)
                  00083a06    00000009     rts2800_fpu32.lib : _lock.obj (.text)
                  00083a0f    00000008     F2837xS_CodeStartBranch.obj (.text)
                  00083a17    00000003     F2837xS_DBGIER.obj (.text)

.econst    0    00090000    000001c0     
                  00090000    000001c0     F2837xS_PieVect.obj (.econst)

AdcaResultFile 
*          1    00000b00    00000018     UNINITIALIZED
                  00000b00    00000018     F2837xS_GlobalVariableDefs.obj (AdcaResultFile)

AdcbResultFile 
*          1    00000b20    00000018     UNINITIALIZED
                  00000b20    00000018     F2837xS_GlobalVariableDefs.obj (AdcbResultFile)

AdccResultFile 
*          1    00000b40    00000018     UNINITIALIZED
                  00000b40    00000018     F2837xS_GlobalVariableDefs.obj (AdccResultFile)

AdcdResultFile 
*          1    00000b60    00000018     UNINITIALIZED
                  00000b60    00000018     F2837xS_GlobalVariableDefs.obj (AdcdResultFile)

CpuTimer0RegsFile 
*          1    00000c00    00000008     UNINITIALIZED
                  00000c00    00000008     F2837xS_GlobalVariableDefs.obj (CpuTimer0RegsFile)

CpuTimer1RegsFile 
*          1    00000c08    00000008     UNINITIALIZED
                  00000c08    00000008     F2837xS_GlobalVariableDefs.obj (CpuTimer1RegsFile)

CpuTimer2RegsFile 
*          1    00000c10    00000008     UNINITIALIZED
                  00000c10    00000008     F2837xS_GlobalVariableDefs.obj (CpuTimer2RegsFile)

PieCtrlRegsFile 
*          1    00000ce0    0000001a     UNINITIALIZED
                  00000ce0    0000001a     F2837xS_GlobalVariableDefs.obj (PieCtrlRegsFile)

PieVectTableFile 
*          1    00000d00    000001c0     UNINITIALIZED
                  00000d00    000001c0     F2837xS_GlobalVariableDefs.obj (PieVectTableFile)

EmuKeyVar 
*          1    00000d00    00000001     UNINITIALIZED
                  00000d00    00000001     F2837xS_GlobalVariableDefs.obj (EmuKeyVar)

EmuBModeVar 
*          1    00000d01    00000001     UNINITIALIZED
                  00000d01    00000001     F2837xS_GlobalVariableDefs.obj (EmuBModeVar)

FlashCallbackVar 
*          1    00000d02    00000000     UNINITIALIZED

FlashScalingVar 
*          1    00000d02    00000000     UNINITIALIZED

DmaRegsFile 
*          1    00001000    000000e0     UNINITIALIZED
                  00001000    000000e0     F2837xS_GlobalVariableDefs.obj (DmaRegsFile)

Cla1RegsFile 
*          1    00001400    0000003e     UNINITIALIZED
                  00001400    0000003e     F2837xS_GlobalVariableDefs.obj (Cla1RegsFile)

EPwm1RegsFile 
*          1    00004000    00000100     UNINITIALIZED
                  00004000    00000100     F2837xS_GlobalVariableDefs.obj (EPwm1RegsFile)

EPwm2RegsFile 
*          1    00004100    00000100     UNINITIALIZED
                  00004100    00000100     F2837xS_GlobalVariableDefs.obj (EPwm2RegsFile)

EPwm3RegsFile 
*          1    00004200    00000100     UNINITIALIZED
                  00004200    00000100     F2837xS_GlobalVariableDefs.obj (EPwm3RegsFile)

EPwm4RegsFile 
*          1    00004300    00000100     UNINITIALIZED
                  00004300    00000100     F2837xS_GlobalVariableDefs.obj (EPwm4RegsFile)

EPwm5RegsFile 
*          1    00004400    00000100     UNINITIALIZED
                  00004400    00000100     F2837xS_GlobalVariableDefs.obj (EPwm5RegsFile)

EPwm6RegsFile 
*          1    00004500    00000100     UNINITIALIZED
                  00004500    00000100     F2837xS_GlobalVariableDefs.obj (EPwm6RegsFile)

EPwm7RegsFile 
*          1    00004600    00000100     UNINITIALIZED
                  00004600    00000100     F2837xS_GlobalVariableDefs.obj (EPwm7RegsFile)

EPwm8RegsFile 
*          1    00004700    00000100     UNINITIALIZED
                  00004700    00000100     F2837xS_GlobalVariableDefs.obj (EPwm8RegsFile)

EPwm9RegsFile 
*          1    00004800    00000100     UNINITIALIZED
                  00004800    00000100     F2837xS_GlobalVariableDefs.obj (EPwm9RegsFile)

EPwm10RegsFile 
*          1    00004900    00000100     UNINITIALIZED
                  00004900    00000100     F2837xS_GlobalVariableDefs.obj (EPwm10RegsFile)

EPwm11RegsFile 
*          1    00004a00    00000100     UNINITIALIZED
                  00004a00    00000100     F2837xS_GlobalVariableDefs.obj (EPwm11RegsFile)

EPwm12RegsFile 
*          1    00004b00    00000100     UNINITIALIZED
                  00004b00    00000100     F2837xS_GlobalVariableDefs.obj (EPwm12RegsFile)

ECap1RegsFile 
*          1    00005000    00000020     UNINITIALIZED
                  00005000    00000020     F2837xS_GlobalVariableDefs.obj (ECap1RegsFile)

ECap2RegsFile 
*          1    00005020    00000020     UNINITIALIZED
                  00005020    00000020     F2837xS_GlobalVariableDefs.obj (ECap2RegsFile)

ECap3RegsFile 
*          1    00005040    00000020     UNINITIALIZED
                  00005040    00000020     F2837xS_GlobalVariableDefs.obj (ECap3RegsFile)

ECap4RegsFile 
*          1    00005060    00000020     UNINITIALIZED
                  00005060    00000020     F2837xS_GlobalVariableDefs.obj (ECap4RegsFile)

ECap5RegsFile 
*          1    00005080    00000020     UNINITIALIZED
                  00005080    00000020     F2837xS_GlobalVariableDefs.obj (ECap5RegsFile)

ECap6RegsFile 
*          1    000050a0    00000020     UNINITIALIZED
                  000050a0    00000020     F2837xS_GlobalVariableDefs.obj (ECap6RegsFile)

EQep1RegsFile 
*          1    00005100    00000022     UNINITIALIZED
                  00005100    00000022     F2837xS_GlobalVariableDefs.obj (EQep1RegsFile)

EQep2RegsFile 
*          1    00005140    00000022     UNINITIALIZED
                  00005140    00000022     F2837xS_GlobalVariableDefs.obj (EQep2RegsFile)

EQep3RegsFile 
*          1    00005180    00000022     UNINITIALIZED
                  00005180    00000022     F2837xS_GlobalVariableDefs.obj (EQep3RegsFile)

DacaRegsFile 
*          1    00005c00    00000008     UNINITIALIZED
                  00005c00    00000008     F2837xS_GlobalVariableDefs.obj (DacaRegsFile)

DacbRegsFile 
*          1    00005c10    00000008     UNINITIALIZED
                  00005c10    00000008     F2837xS_GlobalVariableDefs.obj (DacbRegsFile)

DaccRegsFile 
*          1    00005c20    00000008     UNINITIALIZED
                  00005c20    00000008     F2837xS_GlobalVariableDefs.obj (DaccRegsFile)

Cmpss1RegsFile 
*          1    00005c80    00000020     UNINITIALIZED
                  00005c80    00000020     F2837xS_GlobalVariableDefs.obj (Cmpss1RegsFile)

Cmpss2RegsFile 
*          1    00005ca0    00000020     UNINITIALIZED
                  00005ca0    00000020     F2837xS_GlobalVariableDefs.obj (Cmpss2RegsFile)

Cmpss3RegsFile 
*          1    00005cc0    00000020     UNINITIALIZED
                  00005cc0    00000020     F2837xS_GlobalVariableDefs.obj (Cmpss3RegsFile)

Cmpss4RegsFile 
*          1    00005ce0    00000020     UNINITIALIZED
                  00005ce0    00000020     F2837xS_GlobalVariableDefs.obj (Cmpss4RegsFile)

Cmpss5RegsFile 
*          1    00005d00    00000020     UNINITIALIZED
                  00005d00    00000020     F2837xS_GlobalVariableDefs.obj (Cmpss5RegsFile)

Cmpss6RegsFile 
*          1    00005d20    00000020     UNINITIALIZED
                  00005d20    00000020     F2837xS_GlobalVariableDefs.obj (Cmpss6RegsFile)

Cmpss7RegsFile 
*          1    00005d40    00000020     UNINITIALIZED
                  00005d40    00000020     F2837xS_GlobalVariableDefs.obj (Cmpss7RegsFile)

Cmpss8RegsFile 
*          1    00005d60    00000020     UNINITIALIZED
                  00005d60    00000020     F2837xS_GlobalVariableDefs.obj (Cmpss8RegsFile)

AdcaRegsFile 
*          1    00007400    00000080     UNINITIALIZED
                  00007400    00000080     F2837xS_GlobalVariableDefs.obj (AdcaRegsFile)

AdcbRegsFile 
*          1    00007480    00000080     UNINITIALIZED
                  00007480    00000080     F2837xS_GlobalVariableDefs.obj (AdcbRegsFile)

AdccRegsFile 
*          1    00007500    00000080     UNINITIALIZED
                  00007500    00000080     F2837xS_GlobalVariableDefs.obj (AdccRegsFile)

AdcdRegsFile 
*          1    00007580    00000080     UNINITIALIZED
                  00007580    00000080     F2837xS_GlobalVariableDefs.obj (AdcdRegsFile)

AnalogSubsysRegsFile 
*          1    0005d180    00000048     UNINITIALIZED
                  0005d180    00000048     F2837xS_GlobalVariableDefs.obj (AnalogSubsysRegsFile)

Cla1SoftIntRegsFile 
*          1    00000ce0    00000004     DSECT
                  00000ce0    00000004     F2837xS_GlobalVariableDefs.obj (Cla1SoftIntRegsFile)

Sdfm1RegsFile 
*          1    00005e00    00000080     UNINITIALIZED
                  00005e00    00000080     F2837xS_GlobalVariableDefs.obj (Sdfm1RegsFile)

Sdfm2RegsFile 
*          1    00005e80    00000080     UNINITIALIZED
                  00005e80    00000080     F2837xS_GlobalVariableDefs.obj (Sdfm2RegsFile)

McbspaRegsFile 
*          1    00006000    00000024     UNINITIALIZED
                  00006000    00000024     F2837xS_GlobalVariableDefs.obj (McbspaRegsFile)

McbspbRegsFile 
*          1    00006040    00000024     UNINITIALIZED
                  00006040    00000024     F2837xS_GlobalVariableDefs.obj (McbspbRegsFile)

SpiaRegsFile 
*          1    00006100    00000010     UNINITIALIZED
                  00006100    00000010     F2837xS_GlobalVariableDefs.obj (SpiaRegsFile)

SpibRegsFile 
*          1    00006110    00000010     UNINITIALIZED
                  00006110    00000010     F2837xS_GlobalVariableDefs.obj (SpibRegsFile)

SpicRegsFile 
*          1    00006120    00000010     UNINITIALIZED
                  00006120    00000010     F2837xS_GlobalVariableDefs.obj (SpicRegsFile)

UppRegsFile 
*          1    00006200    00000048     UNINITIALIZED
                  00006200    00000048     F2837xS_GlobalVariableDefs.obj (UppRegsFile)

WdRegsFile 
*          1    00007000    0000002b     UNINITIALIZED
                  00007000    0000002b     F2837xS_GlobalVariableDefs.obj (WdRegsFile)

NmiIntruptRegsFile 
*          1    00007060    00000007     UNINITIALIZED
                  00007060    00000007     F2837xS_GlobalVariableDefs.obj (NmiIntruptRegsFile)

XintRegsFile 
*          1    00007070    0000000b     UNINITIALIZED
                  00007070    0000000b     F2837xS_GlobalVariableDefs.obj (XintRegsFile)

SciaRegsFile 
*          1    00007200    00000010     UNINITIALIZED
                  00007200    00000010     F2837xS_GlobalVariableDefs.obj (SciaRegsFile)

ScibRegsFile 
*          1    00007210    00000010     UNINITIALIZED
                  00007210    00000010     F2837xS_GlobalVariableDefs.obj (ScibRegsFile)

ScicRegsFile 
*          1    00007220    00000010     UNINITIALIZED
                  00007220    00000010     F2837xS_GlobalVariableDefs.obj (ScicRegsFile)

ScidRegsFile 
*          1    00007230    00000010     UNINITIALIZED
                  00007230    00000010     F2837xS_GlobalVariableDefs.obj (ScidRegsFile)

I2caRegsFile 
*          1    00007300    00000022     UNINITIALIZED
                  00007300    00000022     F2837xS_GlobalVariableDefs.obj (I2caRegsFile)

I2cbRegsFile 
*          1    00007340    00000022     UNINITIALIZED
                  00007340    00000022     F2837xS_GlobalVariableDefs.obj (I2cbRegsFile)

InputXbarRegsFile 
*          1    00007900    00000020     UNINITIALIZED
                  00007900    00000020     F2837xS_GlobalVariableDefs.obj (InputXbarRegsFile)

XbarRegsFile 
*          1    00007920    00000020     UNINITIALIZED
                  00007920    00000020     F2837xS_GlobalVariableDefs.obj (XbarRegsFile)

TrigRegsFile 
*          1    00007940    00000006     UNINITIALIZED
                  00007940    00000006     F2837xS_GlobalVariableDefs.obj (TrigRegsFile)

DmaClaSrcSelRegsFile 
*          1    00007980    0000001a     UNINITIALIZED
                  00007980    0000001a     F2837xS_GlobalVariableDefs.obj (DmaClaSrcSelRegsFile)

EPwmXbarRegsFile 
*          1    00007a00    00000040     UNINITIALIZED
                  00007a00    00000040     F2837xS_GlobalVariableDefs.obj (EPwmXbarRegsFile)

OutputXbarRegsFile 
*          1    00007a80    00000040     UNINITIALIZED
                  00007a80    00000040     F2837xS_GlobalVariableDefs.obj (OutputXbarRegsFile)

GpioCtrlRegsFile 
*          1    00007c00    00000180     UNINITIALIZED
                  00007c00    00000180     F2837xS_GlobalVariableDefs.obj (GpioCtrlRegsFile)

GpioDataRegsFile 
*          1    00007f00    00000030     UNINITIALIZED
                  00007f00    00000030     F2837xS_GlobalVariableDefs.obj (GpioDataRegsFile)

.ebss.2    1    0000a800    00000099     UNINITIALIZED
                  0000a800    00000078     F2837xS_struct.obj (.ebss)
                  0000a878    00000004     rts2800_fpu32.lib : exit.obj (.ebss)
                  0000a87c    00000002                       : _lock.obj (.ebss:__lock)
                  0000a87e    00000002                       : _lock.obj (.ebss:__unlock)
                  0000a880    00000018     F2837xS_CpuTimers.obj (.ebss)
                  0000a898    00000001     F2837xS_sci_io.obj (.ebss)

Emif1RegsFile 
*          1    00047000    00000070     UNINITIALIZED
                  00047000    00000070     F2837xS_GlobalVariableDefs.obj (Emif1RegsFile)

Emif2RegsFile 
*          1    00047800    00000070     UNINITIALIZED
                  00047800    00000070     F2837xS_GlobalVariableDefs.obj (Emif2RegsFile)

DevCfgRegsFile 
*          1    0005d000    0000012e     UNINITIALIZED
                  0005d000    0000012e     F2837xS_GlobalVariableDefs.obj (DevCfgRegsFile)

ClkCfgRegsFile 
*          1    0005d200    00000032     UNINITIALIZED
                  0005d200    00000032     F2837xS_GlobalVariableDefs.obj (ClkCfgRegsFile)

CpuSysRegsFile 
*          1    0005d300    00000082     UNINITIALIZED
                  0005d300    00000082     F2837xS_GlobalVariableDefs.obj (CpuSysRegsFile)

RomPrefetchRegsFile 
*          1    0005e608    00000002     UNINITIALIZED
                  0005e608    00000002     F2837xS_GlobalVariableDefs.obj (RomPrefetchRegsFile)

DcsmZ1RegsFile 
*          1    0005f000    00000024     UNINITIALIZED
                  0005f000    00000024     F2837xS_GlobalVariableDefs.obj (DcsmZ1RegsFile)

DcsmZ2RegsFile 
*          1    0005f040    00000024     UNINITIALIZED
                  0005f040    00000024     F2837xS_GlobalVariableDefs.obj (DcsmZ2RegsFile)

DcsmCommonRegsFile 
*          1    0005f070    00000008     UNINITIALIZED
                  0005f070    00000008     F2837xS_GlobalVariableDefs.obj (DcsmCommonRegsFile)

MemCfgRegsFile 
*          1    0005f400    00000080     UNINITIALIZED
                  0005f400    00000080     F2837xS_GlobalVariableDefs.obj (MemCfgRegsFile)

Emif1ConfigRegsFile 
*          1    0005f480    00000020     UNINITIALIZED
                  0005f480    00000020     F2837xS_GlobalVariableDefs.obj (Emif1ConfigRegsFile)

Emif2ConfigRegsFile 
*          1    0005f4a0    00000020     UNINITIALIZED
                  0005f4a0    00000020     F2837xS_GlobalVariableDefs.obj (Emif2ConfigRegsFile)

AccessProtectionRegsFile 
*          1    0005f4c0    00000040     UNINITIALIZED
                  0005f4c0    00000040     F2837xS_GlobalVariableDefs.obj (AccessProtectionRegsFile)

MemoryErrorRegsFile 
*          1    0005f500    00000040     UNINITIALIZED
                  0005f500    00000040     F2837xS_GlobalVariableDefs.obj (MemoryErrorRegsFile)

RomWaitStateRegsFile 
*          1    0005f540    00000002     UNINITIALIZED
                  0005f540    00000002     F2837xS_GlobalVariableDefs.obj (RomWaitStateRegsFile)

Flash0CtrlRegsFile 
*          1    0005f800    00000182     UNINITIALIZED
                  0005f800    00000182     F2837xS_GlobalVariableDefs.obj (Flash0CtrlRegsFile)

Flash0EccRegsFile 
*          1    0005fb00    00000028     UNINITIALIZED
                  0005fb00    00000028     F2837xS_GlobalVariableDefs.obj (Flash0EccRegsFile)

Flash1CtrlRegsFile 
*          1    0005fc00    00000182     UNINITIALIZED
                  0005fc00    00000182     F2837xS_GlobalVariableDefs.obj (Flash1CtrlRegsFile)

Flash1EccRegsFile 
*          1    0005ff00    00000028     UNINITIALIZED
                  0005ff00    00000028     F2837xS_GlobalVariableDefs.obj (Flash1EccRegsFile)

DcsmZ1OtpFile 
*          1    00078000    00000020     NOLOAD SECTION
                  00078000    00000020     F2837xS_GlobalVariableDefs.obj (DcsmZ1OtpFile)

DcsmZ2OtpFile 
*          1    00078200    00000020     NOLOAD SECTION
                  00078200    00000020     F2837xS_GlobalVariableDefs.obj (DcsmZ2OtpFile)


GLOBAL DATA SYMBOLS: SORTED BY DATA PAGE

address     data page           name
--------    ----------------    ----
00000000       0 (00000000)     _norm1
00000001       0 (00000000)     _l
00000002       0 (00000000)     _norm2
00000003       0 (00000000)     _h
00000004       0 (00000000)     _i
00000005       0 (00000000)     _currentAddress
00000006       0 (00000000)     _k
00000007       0 (00000000)     _j
00000008       0 (00000000)     _activeNorm
00000009       0 (00000000)     _idNumber
0000000a       0 (00000000)     _transmissionAmountInBytes
0000000b       0 (00000000)     _commandRecieved
0000000c       0 (00000000)     _amountofDataRecievedInBytes
0000000d       0 (00000000)     _recievedData
0000000e       0 (00000000)     _idNumberRecieved
00000010       0 (00000000)     _lfsr15
00000012       0 (00000000)     _lfsr16
00000014       0 (00000000)     _lfsr13
00000016       0 (00000000)     _lfsr14
00000018       0 (00000000)     _lfsr12
0000001a       0 (00000000)     _maxValue
0000001c       0 (00000000)     _coefficient
0000001e       0 (00000000)     _hnd_firFP
00000020       0 (00000000)     _minValue
00000022       0 (00000000)     _bit
00000024       0 (00000000)     _lfsr5
00000026       0 (00000000)     _lfsr6
00000028       0 (00000000)     _lfsr4
0000002a       0 (00000000)     _lfsr2
0000002c       0 (00000000)     _lfsr3
0000002e       0 (00000000)     _lfsr10
00000030       0 (00000000)     _lfsr11
00000032       0 (00000000)     _lfsr9
00000034       0 (00000000)     _lfsr7
00000036       0 (00000000)     _lfsr8
00000038       0 (00000000)     _lfsr1

00000040       1 (00000040)     _firFP

00000080       2 (00000080)     _ADCReadings

00000100       4 (00000100)     _coeffcients2

00000380       e (00000380)     _FIRBuffer

00000400      10 (00000400)     __stack

00000600      18 (00000600)     _coeffcients1

00000880      22 (00000880)     _filteredArray

00000b00      2c (00000b00)     _AdcaResultRegs
00000b20      2c (00000b00)     _AdcbResultRegs

00000b40      2d (00000b40)     _AdccResultRegs
00000b60      2d (00000b40)     _AdcdResultRegs

00000c00      30 (00000c00)     _CpuTimer0Regs
00000c08      30 (00000c00)     _CpuTimer1Regs
00000c10      30 (00000c00)     _CpuTimer2Regs

00000ce0      33 (00000cc0)     _Cla1SoftIntRegs
00000ce0      33 (00000cc0)     _PieCtrlRegs

00000d00      34 (00000d00)     _EmuKey
00000d00      34 (00000d00)     _PieVectTable
00000d01      34 (00000d00)     _EmuBMode

00001000      40 (00001000)     _DmaRegs

00001400      50 (00001400)     _Cla1Regs

00002880      a2 (00002880)     _lfsrArray

00004000     100 (00004000)     _EPwm1Regs

00004100     104 (00004100)     _EPwm2Regs

00004200     108 (00004200)     _EPwm3Regs

00004300     10c (00004300)     _EPwm4Regs

00004400     110 (00004400)     _EPwm5Regs

00004500     114 (00004500)     _EPwm6Regs

00004600     118 (00004600)     _EPwm7Regs

00004700     11c (00004700)     _EPwm8Regs

00004800     120 (00004800)     _EPwm9Regs

00004880     122 (00004880)     _toDac

00004900     124 (00004900)     _EPwm10Regs

00004a00     128 (00004a00)     _EPwm11Regs

00004b00     12c (00004b00)     _EPwm12Regs

00005000     140 (00005000)     _ECap1Regs
00005020     140 (00005000)     _ECap2Regs

00005040     141 (00005040)     _ECap3Regs
00005060     141 (00005040)     _ECap4Regs

00005080     142 (00005080)     _ECap5Regs
000050a0     142 (00005080)     _ECap6Regs

00005100     144 (00005100)     _EQep1Regs

00005140     145 (00005140)     _EQep2Regs

00005180     146 (00005180)     _EQep3Regs

00005c00     170 (00005c00)     _DacaRegs
00005c10     170 (00005c00)     _DacbRegs
00005c20     170 (00005c00)     _DaccRegs

00005c80     172 (00005c80)     _Cmpss1Regs
00005ca0     172 (00005c80)     _Cmpss2Regs

00005cc0     173 (00005cc0)     _Cmpss3Regs
00005ce0     173 (00005cc0)     _Cmpss4Regs

00005d00     174 (00005d00)     _Cmpss5Regs
00005d20     174 (00005d00)     _Cmpss6Regs

00005d40     175 (00005d40)     _Cmpss7Regs
00005d60     175 (00005d40)     _Cmpss8Regs

00005e00     178 (00005e00)     _Sdfm1Regs

00005e80     17a (00005e80)     _Sdfm2Regs

00006000     180 (00006000)     _McbspaRegs

00006040     181 (00006040)     _McbspbRegs

00006100     184 (00006100)     _SpiaRegs
00006110     184 (00006100)     _SpibRegs
00006120     184 (00006100)     _SpicRegs

00006200     188 (00006200)     _UppRegs

00007000     1c0 (00007000)     _WdRegs

00007060     1c1 (00007040)     _NmiIntruptRegs
00007070     1c1 (00007040)     _XintRegs

00007200     1c8 (00007200)     _SciaRegs
00007210     1c8 (00007200)     _ScibRegs
00007220     1c8 (00007200)     _ScicRegs
00007230     1c8 (00007200)     _ScidRegs

00007300     1cc (00007300)     _I2caRegs

00007340     1cd (00007340)     _I2cbRegs

00007400     1d0 (00007400)     _AdcaRegs

00007480     1d2 (00007480)     _AdcbRegs

00007500     1d4 (00007500)     _AdccRegs

00007580     1d6 (00007580)     _AdcdRegs

00007900     1e4 (00007900)     _InputXbarRegs
00007920     1e4 (00007900)     _XbarRegs

00007940     1e5 (00007940)     _TrigRegs

00007980     1e6 (00007980)     _DmaClaSrcSelRegs

00007a00     1e8 (00007a00)     _EPwmXbarRegs

00007a80     1ea (00007a80)     _OutputXbarRegs

00007c00     1f0 (00007c00)     _GpioCtrlRegs

00007f00     1fc (00007f00)     _GpioDataRegs

0000a800     2a0 (0000a800)     _SCI
0000a804     2a0 (0000a800)     _MCBSP
0000a808     2a0 (0000a800)     _I2C
0000a80c     2a0 (0000a800)     _SDFM
0000a812     2a0 (0000a800)     _EQEP
0000a81a     2a0 (0000a800)     _SPI
0000a822     2a0 (0000a800)     _ADC
0000a82c     2a0 (0000a800)     _ECAP

0000a840     2a1 (0000a840)     _EPWM
0000a85a     2a1 (0000a840)     _TRIP_SEL
0000a878     2a1 (0000a840)     ___TI_cleanup_ptr
0000a87a     2a1 (0000a840)     ___TI_dtors_ptr
0000a87c     2a1 (0000a840)     __lock
0000a87e     2a1 (0000a840)     __unlock

0000a880     2a2 (0000a880)     _CpuTimer1
0000a888     2a2 (0000a880)     _CpuTimer2
0000a890     2a2 (0000a880)     _CpuTimer0
0000a898     2a2 (0000a880)     _deviceOpen

00047000    11c0 (00047000)     _Emif1Regs

00047800    11e0 (00047800)     _Emif2Regs

0005d000    1740 (0005d000)     _DevCfgRegs

0005d180    1746 (0005d180)     _AnalogSubsysRegs

0005d200    1748 (0005d200)     _ClkCfgRegs

0005d300    174c (0005d300)     _CpuSysRegs

0005e608    1798 (0005e600)     _RomPrefetchRegs

0005f000    17c0 (0005f000)     _DcsmZ1Regs

0005f040    17c1 (0005f040)     _DcsmZ2Regs
0005f070    17c1 (0005f040)     _DcsmCommonRegs

0005f400    17d0 (0005f400)     _MemCfgRegs

0005f480    17d2 (0005f480)     _Emif1ConfigRegs
0005f4a0    17d2 (0005f480)     _Emif2ConfigRegs

0005f4c0    17d3 (0005f4c0)     _AccessProtectionRegs

0005f500    17d4 (0005f500)     _MemoryErrorRegs

0005f540    17d5 (0005f540)     _RomWaitStateRegs

0005f800    17e0 (0005f800)     _Flash0CtrlRegs

0005fb00    17ec (0005fb00)     _Flash0EccRegs

0005fc00    17f0 (0005fc00)     _Flash1CtrlRegs

0005ff00    17fc (0005ff00)     _Flash1EccRegs

00078000    1e00 (00078000)     _DcsmZ1Otp

00078200    1e08 (00078200)     _DcsmZ2Otp

00090000    2400 (00090000)     _PieVectTableInit


GLOBAL SYMBOLS: SORTED ALPHABETICALLY BY Name 

page  address   name                                  
----  -------   ----                                  
abs   ffffffff  .text                                 
0     000839dc  C$$EXIT                               
0     000837d5  FS$$DIV                               
1     0000a822  _ADC                                  
0     000826ce  _ADCA1_ISR                            
0     0008294e  _ADCA2_ISR                            
0     00082958  _ADCA3_ISR                            
0     00082962  _ADCA4_ISR                            
0     00082944  _ADCA_EVT_ISR                         
0     000826d8  _ADCB1_ISR                            
0     00082976  _ADCB2_ISR                            
0     00082980  _ADCB3_ISR                            
0     0008298a  _ADCB4_ISR                            
0     0008296c  _ADCB_EVT_ISR                         
0     000826e2  _ADCC1_ISR                            
0     00082ade  _ADCC2_ISR                            
0     00082ae8  _ADCC3_ISR                            
0     00082af2  _ADCC4_ISR                            
0     00082ad4  _ADCC_EVT_ISR                         
0     00082700  _ADCD1_ISR                            
0     00082b06  _ADCD2_ISR                            
0     00082b10  _ADCD3_ISR                            
0     00082b1a  _ADCD4_ISR                            
0     00082afc  _ADCD_EVT_ISR                         
0     00000080  _ADCReadings                          
0     00082b56  _AUX_PLL_SLIP_ISR                     
1     0005f4c0  _AccessProtectionRegs                 
0     000836f8  _AdcSetMode                           
1     00007400  _AdcaRegs                             
1     00000b00  _AdcaResultRegs                       
1     00007480  _AdcbRegs                             
1     00000b20  _AdcbResultRegs                       
1     00007500  _AdccRegs                             
1     00000b40  _AdccResultRegs                       
1     00007580  _AdcdRegs                             
1     00000b60  _AdcdResultRegs                       
1     0005d180  _AnalogSubsysRegs                     
0     000832ad  _AuxAuxClkSel                         
0     00083297  _AuxIntOsc2Sel                        
0     000832a1  _AuxXtalOscSel                        
0     0008291c  _CANA_1_ISR                           
0     00082926  _CANA_2_ISR                           
0     00082930  _CANB_1_ISR                           
0     0008293a  _CANB_2_ISR                           
0     00082994  _CLA1_1_ISR                           
0     0008299e  _CLA1_2_ISR                           
0     000829a8  _CLA1_3_ISR                           
0     000829b2  _CLA1_4_ISR                           
0     000829bc  _CLA1_5_ISR                           
0     000829c6  _CLA1_6_ISR                           
0     000829d0  _CLA1_7_ISR                           
0     000829da  _CLA1_8_ISR                           
0     00082b60  _CLA_OVERFLOW_ISR                     
0     00082b6a  _CLA_UNDERFLOW_ISR                    
0     0008379b  _CalAdcINL                            
1     00001400  _Cla1Regs                             
0     00000ce0  _Cla1SoftIntRegs                      
1     0005d200  _ClkCfgRegs                           
1     00005c80  _Cmpss1Regs                           
1     00005ca0  _Cmpss2Regs                           
1     00005cc0  _Cmpss3Regs                           
1     00005ce0  _Cmpss4Regs                           
1     00005d00  _Cmpss5Regs                           
1     00005d20  _Cmpss6Regs                           
1     00005d40  _Cmpss7Regs                           
1     00005d60  _Cmpss8Regs                           
0     0008389e  _ConfigCpuTimer                       
1     0005d300  _CpuSysRegs                           
1     0000a890  _CpuTimer0                            
1     00000c00  _CpuTimer0Regs                        
1     0000a880  _CpuTimer1                            
1     00000c08  _CpuTimer1Regs                        
1     0000a888  _CpuTimer2                            
1     00000c10  _CpuTimer2Regs                        
0     00083256  _CsmUnlock                            
0     00082624  _DATALOG_ISR                          
0     00082868  _DMA_CH1_ISR                          
0     00082872  _DMA_CH2_ISR                          
0     0008287c  _DMA_CH3_ISR                          
0     00082886  _DMA_CH4_ISR                          
0     00082890  _DMA_CH5_ISR                          
0     0008289a  _DMA_CH6_ISR                          
1     00005c00  _DacaRegs                             
1     00005c10  _DacbRegs                             
1     00005c20  _DaccRegs                             
1     0005f070  _DcsmCommonRegs                       
1     00078000  _DcsmZ1Otp                            
1     0005f000  _DcsmZ1Regs                           
1     00078200  _DcsmZ2Otp                            
1     0005f040  _DcsmZ2Regs                           
1     0005d000  _DevCfgRegs                           
0     00083128  _DisableDog                           
0     00083102  _DisablePeripheralClocks              
1     00007980  _DmaClaSrcSelRegs                     
1     00001000  _DmaRegs                              
1     0000a82c  _ECAP                                 
0     000827be  _ECAP1_ISR                            
0     000827c8  _ECAP2_ISR                            
0     000827d2  _ECAP3_ISR                            
0     000827dc  _ECAP4_ISR                            
0     000827e6  _ECAP5_ISR                            
0     000827f0  _ECAP6_ISR                            
1     00005000  _ECap1Regs                            
1     00005020  _ECap2Regs                            
1     00005040  _ECap3Regs                            
1     00005060  _ECap4Regs                            
1     00005080  _ECap5Regs                            
1     000050a0  _ECap6Regs                            
0     00082b24  _EMIF_ERROR_ISR                       
0     00082b7e  _EMPTY_ISR                            
0     00082638  _EMU_ISR                              
1     0000a840  _EPWM                                 
0     00082a7a  _EPWM10_ISR                           
0     00082a52  _EPWM10_TZ_ISR                        
0     00082a84  _EPWM11_ISR                           
0     00082a5c  _EPWM11_TZ_ISR                        
0     00082a8e  _EPWM12_ISR                           
0     00082a66  _EPWM12_TZ_ISR                        
0     0008276e  _EPWM1_ISR                            
0     0008271e  _EPWM1_TZ_ISR                         
0     00082778  _EPWM2_ISR                            
0     00082728  _EPWM2_TZ_ISR                         
0     00082782  _EPWM3_ISR                            
0     00082732  _EPWM3_TZ_ISR                         
0     0008278c  _EPWM4_ISR                            
0     0008273c  _EPWM4_TZ_ISR                         
0     00082796  _EPWM5_ISR                            
0     00082746  _EPWM5_TZ_ISR                         
0     000827a0  _EPWM6_ISR                            
0     00082750  _EPWM6_TZ_ISR                         
0     000827aa  _EPWM7_ISR                            
0     0008275a  _EPWM7_TZ_ISR                         
0     000827b4  _EPWM8_ISR                            
0     00082764  _EPWM8_TZ_ISR                         
0     00082a70  _EPWM9_ISR                            
0     00082a48  _EPWM9_TZ_ISR                         
1     00004900  _EPwm10Regs                           
1     00004a00  _EPwm11Regs                           
1     00004b00  _EPwm12Regs                           
1     00004000  _EPwm1Regs                            
1     00004100  _EPwm2Regs                            
1     00004200  _EPwm3Regs                            
1     00004300  _EPwm4Regs                            
1     00004400  _EPwm5Regs                            
1     00004500  _EPwm6Regs                            
1     00004600  _EPwm7Regs                            
1     00004700  _EPwm8Regs                            
1     00004800  _EPwm9Regs                            
1     00007a00  _EPwmXbarRegs                         
1     0000a812  _EQEP                                 
0     000827fa  _EQEP1_ISR                            
0     00082804  _EQEP2_ISR                            
0     0008280e  _EQEP3_ISR                            
1     00005100  _EQep1Regs                            
1     00005140  _EQep2Regs                            
1     00005180  _EQep3Regs                            
1     0005f480  _Emif1ConfigRegs                      
1     00047000  _Emif1Regs                            
1     0005f4a0  _Emif2ConfigRegs                      
1     00047800  _Emif2Regs                            
1     00000d01  _EmuBMode                             
1     00000d00  _EmuKey                               
0     00083974  _EnableInterrupts                     
0     0000804a  _F28x_usDelay                         
0     00000380  _FIRBuffer                            
0     0008392a  _FIR_FP_calc                          
0     0008391e  _FIR_FP_init                          
0     00082b38  _FLASH_CORRECTABLE_ERROR_ISR          
0     00082a0c  _FPU_OVERFLOW_ISR                     
0     00082a16  _FPU_UNDERFLOW_ISR                    
0     000839fa  _FPU_initEpie                         
0     000839f5  _FPU_initSystemClocks                 
1     0005f800  _Flash0CtrlRegs                       
1     0005fb00  _Flash0EccRegs                        
1     0005fc00  _Flash1CtrlRegs                       
1     0005ff00  _Flash1EccRegs                        
0     000834ef  _GPIO_EnableUnbondedIOPullups         
0     000834ca  _GPIO_EnableUnbondedIOPullupsFor100Pin
0     000834b1  _GPIO_EnableUnbondedIOPullupsFor176Pin
0     00083505  _GPIO_ReadPin                         
0     00083456  _GPIO_SetupLock                       
0     00083334  _GPIO_SetupPinMux                     
0     000833c2  _GPIO_SetupPinOptions                 
0     0008347f  _GPIO_SetupXINT1Gpio                  
0     00083489  _GPIO_SetupXINT2Gpio                  
0     00083493  _GPIO_SetupXINT3Gpio                  
0     0008349d  _GPIO_SetupXINT4Gpio                  
0     000834a7  _GPIO_SetupXINT5Gpio                  
0     0008351c  _GPIO_WritePin                        
1     00007c00  _GpioCtrlRegs                         
1     00007f00  _GpioDataRegs                         
0     000832cb  _HALT                                 
0     000832dc  _HIB                                  
1     0000a808  _I2C                                  
0     000828ae  _I2CA_FIFO_ISR                        
0     000828a4  _I2CA_ISR                             
0     000828c2  _I2CB_FIFO_ISR                        
0     000828b8  _I2CB_ISR                             
1     00007300  _I2caRegs                             
1     00007340  _I2cbRegs                             
0     000832b7  _IDLE                                 
0     0008264c  _ILLEGAL_ISR                          
0     00082a20  _IPC0_ISR                             
0     00082a2a  _IPC1_ISR                             
0     00082a34  _IPC2_ISR                             
0     00082a3e  _IPC3_ISR                             
0     000831bf  _InitAuxPll                           
0     0008385d  _InitCpuTimers                        
0     00008000  _InitFlash_Bank0                      
0     00008025  _InitFlash_Bank1                      
0     000832f0  _InitGpio                             
0     0008307e  _InitPeripheralClocks                 
0     00083955  _InitPieCtrl                          
0     0008397d  _InitPieVectTable                     
0     00083041  _InitSysCtrl                          
0     00083136  _InitSysPll                           
1     00007900  _InputXbarRegs                        
1     0000a804  _MCBSP                                
0     00082840  _MCBSPA_RX_ISR                        
0     0008284a  _MCBSPA_TX_ISR                        
0     00082854  _MCBSPB_RX_ISR                        
0     0008285e  _MCBSPB_TX_ISR                        
1     00006000  _McbspaRegs                           
1     00006040  _McbspbRegs                           
1     0005f400  _MemCfgRegs                           
1     0005f500  _MemoryErrorRegs                      
0     00082642  _NMI_ISR                              
0     00082b8b  _NOTUSED_ISR                          
1     00007060  _NmiIntruptRegs                       
1     00007a80  _OutputXbarRegs                       
0     00082b74  _PIE_RESERVED_ISR                     
1     00000ce0  _PieCtrlRegs                          
1     00000d00  _PieVectTable                         
0     00090000  _PieVectTableInit                     
0     00082b42  _RAM_ACCESS_VIOLATION_ISR             
0     00082b2e  _RAM_CORRECTABLE_ERROR_ISR            
0     0008262e  _RTOS_ISR                             
0     0008604e  _RamfuncsLoadEnd                      
abs   0000004e  _RamfuncsLoadSize                     
0     00086000  _RamfuncsLoadStart                    
0     0000804e  _RamfuncsRunEnd                       
abs   0000004e  _RamfuncsRunSize                      
0     00008000  _RamfuncsRunStart                     
1     0005e608  _RomPrefetchRegs                      
1     0005f540  _RomWaitStateRegs                     
1     0000a800  _SCI                                  
0     000828f4  _SCIA_RX_ISR                          
0     000828fe  _SCIA_TX_ISR                          
0     00082908  _SCIB_RX_ISR                          
0     00082912  _SCIB_TX_ISR                          
0     000828cc  _SCIC_RX_ISR                          
0     000828d6  _SCIC_TX_ISR                          
0     000828e0  _SCID_RX_ISR                          
0     000828ea  _SCID_TX_ISR                          
0     00082a98  _SD1_ISR                              
0     00082aa2  _SD2_ISR                              
1     0000a80c  _SDFM                                 
1     0000a81a  _SPI                                  
0     00082818  _SPIA_RX_ISR                          
0     00082822  _SPIA_TX_ISR                          
0     0008282c  _SPIB_RX_ISR                          
0     00082836  _SPIB_TX_ISR                          
0     00082aac  _SPIC_RX_ISR                          
0     00082ab6  _SPIC_TX_ISR                          
0     000832c0  _STANDBY                              
0     00082b4c  _SYS_PLL_SLIP_ISR                     
1     00007200  _SciaRegs                             
1     00007210  _ScibRegs                             
1     00007220  _ScicRegs                             
1     00007230  _ScidRegs                             
1     00005e00  _Sdfm1Regs                            
1     00005e80  _Sdfm2Regs                            
0     0008311a  _ServiceDog                           
0     00083a17  _SetDBGIER                            
1     00006100  _SpiaRegs                             
1     00006110  _SpibRegs                             
1     00006120  _SpicRegs                             
0     00083277  _SysIntOsc1Sel                        
0     00083281  _SysIntOsc2Sel                        
0     0008328b  _SysXtalOscSel                        
0     0008270a  _TIMER0_ISR                           
0     00082610  _TIMER1_ISR                           
0     0008261a  _TIMER2_ISR                           
1     0000a85a  _TRIP_SEL                             
1     00007940  _TrigRegs                             
0     00082ac0  _UPPA_ISR                             
0     00082aca  _USBA_ISR                             
0     000826b0  _USER10_ISR                           
0     000826ba  _USER11_ISR                           
0     000826c4  _USER12_ISR                           
0     00082656  _USER1_ISR                            
0     00082660  _USER2_ISR                            
0     0008266a  _USER3_ISR                            
0     00082674  _USER4_ISR                            
0     0008267e  _USER5_ISR                            
0     00082688  _USER6_ISR                            
0     00082692  _USER7_ISR                            
0     0008269c  _USER8_ISR                            
0     000826a6  _USER9_ISR                            
1     00006200  _UppRegs                              
0     00082a02  _VCU_ISR                              
0     00082714  _WAKE_ISR                             
1     00007000  _WdRegs                               
0     000826ec  _XINT1_ISR                            
0     000826f6  _XINT2_ISR                            
0     000829e4  _XINT3_ISR                            
0     000829ee  _XINT4_ISR                            
0     000829f8  _XINT5_ISR                            
1     00007920  _XbarRegs                             
1     00007070  _XintRegs                             
1     00000500  __STACK_END                           
abs   00000100  __STACK_SIZE                          
1     0000a878  ___TI_cleanup_ptr                     
1     0000a87a  ___TI_dtors_ptr                       
abs   ffffffff  ___binit__                            
abs   ffffffff  ___c_args__                           
0     00082000  ___cinit__                            
abs   ffffffff  ___etext__                            
abs   ffffffff  ___pinit__                            
abs   ffffffff  ___text__                             
0     000839c3  __args_main                           
1     0000a87c  __lock                                
0     00083a0e  __nop                                 
0     00083a0a  __register_lock                       
0     00083a06  __register_unlock                     
1     00000400  __stack                               
1     0000a87e  __unlock                              
0     000839dc  _abort                                
0     00000008  _activeNorm                           
0     00083628  _adca1_ISR                            
0     0000000c  _amountofDataRecievedInBytes          
0     00000022  _bit                                  
0     000838d8  _c_int00                              
0     00000600  _coeffcients1                         
0     00000100  _coeffcients2                         
0     0000001c  _coefficient                          
0     0000000b  _commandRecieved                      
0     0008353a  _cpu_timer0_isr                       
0     00083607  _cpu_timer1_isr                       
0     00000005  _currentAddress                       
1     0000a898  _deviceOpen                           
0     00083a05  _done                                 
0     000839de  _exit                                 
0     00000880  _filteredArray                        
0     00000040  _firFP                                
0     00000003  _h                                    
0     0000001e  _hnd_firFP                            
0     00000004  _i                                    
0     00000009  _idNumber                             
0     0000000e  _idNumberRecieved                     
0     00082bbb  _initialize                           
0     00082c5b  _initializeADC                        
0     00082c26  _initializeFilter                     
0     00082c8c  _initializeUart                       
0     00000007  _j                                    
0     00000006  _k                                    
0     00000001  _l                                    
0     00000038  _lfsr1                                
0     0000002e  _lfsr10                               
0     00000030  _lfsr11                               
0     00000018  _lfsr12                               
0     00000014  _lfsr13                               
0     00000016  _lfsr14                               
0     00000010  _lfsr15                               
0     00000012  _lfsr16                               
0     0000002a  _lfsr2                                
0     0000002c  _lfsr3                                
0     00000028  _lfsr4                                
0     00000024  _lfsr5                                
0     00000026  _lfsr6                                
0     00000034  _lfsr7                                
0     00000036  _lfsr8                                
0     00000032  _lfsr9                                
0     00002880  _lfsrArray                            
0     00082cd0  _loadWhiteNoiseSamples                
0     00082b95  _main                                 
0     0000001a  _maxValue                             
0     000839a5  _memcpy                               
0     00000020  _minValue                             
0     00000000  _norm1                                
0     00000002  _norm2                                
0     0000000d  _recievedData                         
0     0008367d  _sciaRxFifoIsr                        
0     00004880  _toDac                                
0     0000000a  _transmissionAmountInBytes            
abs   ffffffff  binit                                 
0     00082000  cinit                                 
0     00080000  code_start                            
abs   ffffffff  etext                                 
abs   ffffffff  pinit                                 


GLOBAL SYMBOLS: SORTED BY Symbol Address 

page  address   name                                  
----  -------   ----                                  
0     00000000  _norm1                                
0     00000001  _l                                    
0     00000002  _norm2                                
0     00000003  _h                                    
0     00000004  _i                                    
0     00000005  _currentAddress                       
0     00000006  _k                                    
0     00000007  _j                                    
0     00000008  _activeNorm                           
0     00000009  _idNumber                             
0     0000000a  _transmissionAmountInBytes            
0     0000000b  _commandRecieved                      
0     0000000c  _amountofDataRecievedInBytes          
0     0000000d  _recievedData                         
0     0000000e  _idNumberRecieved                     
0     00000010  _lfsr15                               
0     00000012  _lfsr16                               
0     00000014  _lfsr13                               
0     00000016  _lfsr14                               
0     00000018  _lfsr12                               
0     0000001a  _maxValue                             
0     0000001c  _coefficient                          
0     0000001e  _hnd_firFP                            
0     00000020  _minValue                             
0     00000022  _bit                                  
0     00000024  _lfsr5                                
0     00000026  _lfsr6                                
0     00000028  _lfsr4                                
0     0000002a  _lfsr2                                
0     0000002c  _lfsr3                                
0     0000002e  _lfsr10                               
0     00000030  _lfsr11                               
0     00000032  _lfsr9                                
0     00000034  _lfsr7                                
0     00000036  _lfsr8                                
0     00000038  _lfsr1                                
0     00000040  _firFP                                
0     00000080  _ADCReadings                          
0     00000100  _coeffcients2                         
0     00000380  _FIRBuffer                            
0     00000600  _coeffcients1                         
0     00000880  _filteredArray                        
0     00000ce0  _Cla1SoftIntRegs                      
0     00002880  _lfsrArray                            
0     00004880  _toDac                                
0     00008000  _InitFlash_Bank0                      
0     00008000  _RamfuncsRunStart                     
0     00008025  _InitFlash_Bank1                      
0     0000804a  _F28x_usDelay                         
0     0000804e  _RamfuncsRunEnd                       
0     00080000  code_start                            
0     00082000  ___cinit__                            
0     00082000  cinit                                 
0     00082610  _TIMER1_ISR                           
0     0008261a  _TIMER2_ISR                           
0     00082624  _DATALOG_ISR                          
0     0008262e  _RTOS_ISR                             
0     00082638  _EMU_ISR                              
0     00082642  _NMI_ISR                              
0     0008264c  _ILLEGAL_ISR                          
0     00082656  _USER1_ISR                            
0     00082660  _USER2_ISR                            
0     0008266a  _USER3_ISR                            
0     00082674  _USER4_ISR                            
0     0008267e  _USER5_ISR                            
0     00082688  _USER6_ISR                            
0     00082692  _USER7_ISR                            
0     0008269c  _USER8_ISR                            
0     000826a6  _USER9_ISR                            
0     000826b0  _USER10_ISR                           
0     000826ba  _USER11_ISR                           
0     000826c4  _USER12_ISR                           
0     000826ce  _ADCA1_ISR                            
0     000826d8  _ADCB1_ISR                            
0     000826e2  _ADCC1_ISR                            
0     000826ec  _XINT1_ISR                            
0     000826f6  _XINT2_ISR                            
0     00082700  _ADCD1_ISR                            
0     0008270a  _TIMER0_ISR                           
0     00082714  _WAKE_ISR                             
0     0008271e  _EPWM1_TZ_ISR                         
0     00082728  _EPWM2_TZ_ISR                         
0     00082732  _EPWM3_TZ_ISR                         
0     0008273c  _EPWM4_TZ_ISR                         
0     00082746  _EPWM5_TZ_ISR                         
0     00082750  _EPWM6_TZ_ISR                         
0     0008275a  _EPWM7_TZ_ISR                         
0     00082764  _EPWM8_TZ_ISR                         
0     0008276e  _EPWM1_ISR                            
0     00082778  _EPWM2_ISR                            
0     00082782  _EPWM3_ISR                            
0     0008278c  _EPWM4_ISR                            
0     00082796  _EPWM5_ISR                            
0     000827a0  _EPWM6_ISR                            
0     000827aa  _EPWM7_ISR                            
0     000827b4  _EPWM8_ISR                            
0     000827be  _ECAP1_ISR                            
0     000827c8  _ECAP2_ISR                            
0     000827d2  _ECAP3_ISR                            
0     000827dc  _ECAP4_ISR                            
0     000827e6  _ECAP5_ISR                            
0     000827f0  _ECAP6_ISR                            
0     000827fa  _EQEP1_ISR                            
0     00082804  _EQEP2_ISR                            
0     0008280e  _EQEP3_ISR                            
0     00082818  _SPIA_RX_ISR                          
0     00082822  _SPIA_TX_ISR                          
0     0008282c  _SPIB_RX_ISR                          
0     00082836  _SPIB_TX_ISR                          
0     00082840  _MCBSPA_RX_ISR                        
0     0008284a  _MCBSPA_TX_ISR                        
0     00082854  _MCBSPB_RX_ISR                        
0     0008285e  _MCBSPB_TX_ISR                        
0     00082868  _DMA_CH1_ISR                          
0     00082872  _DMA_CH2_ISR                          
0     0008287c  _DMA_CH3_ISR                          
0     00082886  _DMA_CH4_ISR                          
0     00082890  _DMA_CH5_ISR                          
0     0008289a  _DMA_CH6_ISR                          
0     000828a4  _I2CA_ISR                             
0     000828ae  _I2CA_FIFO_ISR                        
0     000828b8  _I2CB_ISR                             
0     000828c2  _I2CB_FIFO_ISR                        
0     000828cc  _SCIC_RX_ISR                          
0     000828d6  _SCIC_TX_ISR                          
0     000828e0  _SCID_RX_ISR                          
0     000828ea  _SCID_TX_ISR                          
0     000828f4  _SCIA_RX_ISR                          
0     000828fe  _SCIA_TX_ISR                          
0     00082908  _SCIB_RX_ISR                          
0     00082912  _SCIB_TX_ISR                          
0     0008291c  _CANA_1_ISR                           
0     00082926  _CANA_2_ISR                           
0     00082930  _CANB_1_ISR                           
0     0008293a  _CANB_2_ISR                           
0     00082944  _ADCA_EVT_ISR                         
0     0008294e  _ADCA2_ISR                            
0     00082958  _ADCA3_ISR                            
0     00082962  _ADCA4_ISR                            
0     0008296c  _ADCB_EVT_ISR                         
0     00082976  _ADCB2_ISR                            
0     00082980  _ADCB3_ISR                            
0     0008298a  _ADCB4_ISR                            
0     00082994  _CLA1_1_ISR                           
0     0008299e  _CLA1_2_ISR                           
0     000829a8  _CLA1_3_ISR                           
0     000829b2  _CLA1_4_ISR                           
0     000829bc  _CLA1_5_ISR                           
0     000829c6  _CLA1_6_ISR                           
0     000829d0  _CLA1_7_ISR                           
0     000829da  _CLA1_8_ISR                           
0     000829e4  _XINT3_ISR                            
0     000829ee  _XINT4_ISR                            
0     000829f8  _XINT5_ISR                            
0     00082a02  _VCU_ISR                              
0     00082a0c  _FPU_OVERFLOW_ISR                     
0     00082a16  _FPU_UNDERFLOW_ISR                    
0     00082a20  _IPC0_ISR                             
0     00082a2a  _IPC1_ISR                             
0     00082a34  _IPC2_ISR                             
0     00082a3e  _IPC3_ISR                             
0     00082a48  _EPWM9_TZ_ISR                         
0     00082a52  _EPWM10_TZ_ISR                        
0     00082a5c  _EPWM11_TZ_ISR                        
0     00082a66  _EPWM12_TZ_ISR                        
0     00082a70  _EPWM9_ISR                            
0     00082a7a  _EPWM10_ISR                           
0     00082a84  _EPWM11_ISR                           
0     00082a8e  _EPWM12_ISR                           
0     00082a98  _SD1_ISR                              
0     00082aa2  _SD2_ISR                              
0     00082aac  _SPIC_RX_ISR                          
0     00082ab6  _SPIC_TX_ISR                          
0     00082ac0  _UPPA_ISR                             
0     00082aca  _USBA_ISR                             
0     00082ad4  _ADCC_EVT_ISR                         
0     00082ade  _ADCC2_ISR                            
0     00082ae8  _ADCC3_ISR                            
0     00082af2  _ADCC4_ISR                            
0     00082afc  _ADCD_EVT_ISR                         
0     00082b06  _ADCD2_ISR                            
0     00082b10  _ADCD3_ISR                            
0     00082b1a  _ADCD4_ISR                            
0     00082b24  _EMIF_ERROR_ISR                       
0     00082b2e  _RAM_CORRECTABLE_ERROR_ISR            
0     00082b38  _FLASH_CORRECTABLE_ERROR_ISR          
0     00082b42  _RAM_ACCESS_VIOLATION_ISR             
0     00082b4c  _SYS_PLL_SLIP_ISR                     
0     00082b56  _AUX_PLL_SLIP_ISR                     
0     00082b60  _CLA_OVERFLOW_ISR                     
0     00082b6a  _CLA_UNDERFLOW_ISR                    
0     00082b74  _PIE_RESERVED_ISR                     
0     00082b7e  _EMPTY_ISR                            
0     00082b8b  _NOTUSED_ISR                          
0     00082b95  _main                                 
0     00082bbb  _initialize                           
0     00082c26  _initializeFilter                     
0     00082c5b  _initializeADC                        
0     00082c8c  _initializeUart                       
0     00082cd0  _loadWhiteNoiseSamples                
0     00083041  _InitSysCtrl                          
0     0008307e  _InitPeripheralClocks                 
0     00083102  _DisablePeripheralClocks              
0     0008311a  _ServiceDog                           
0     00083128  _DisableDog                           
0     00083136  _InitSysPll                           
0     000831bf  _InitAuxPll                           
0     00083256  _CsmUnlock                            
0     00083277  _SysIntOsc1Sel                        
0     00083281  _SysIntOsc2Sel                        
0     0008328b  _SysXtalOscSel                        
0     00083297  _AuxIntOsc2Sel                        
0     000832a1  _AuxXtalOscSel                        
0     000832ad  _AuxAuxClkSel                         
0     000832b7  _IDLE                                 
0     000832c0  _STANDBY                              
0     000832cb  _HALT                                 
0     000832dc  _HIB                                  
0     000832f0  _InitGpio                             
0     00083334  _GPIO_SetupPinMux                     
0     000833c2  _GPIO_SetupPinOptions                 
0     00083456  _GPIO_SetupLock                       
0     0008347f  _GPIO_SetupXINT1Gpio                  
0     00083489  _GPIO_SetupXINT2Gpio                  
0     00083493  _GPIO_SetupXINT3Gpio                  
0     0008349d  _GPIO_SetupXINT4Gpio                  
0     000834a7  _GPIO_SetupXINT5Gpio                  
0     000834b1  _GPIO_EnableUnbondedIOPullupsFor176Pin
0     000834ca  _GPIO_EnableUnbondedIOPullupsFor100Pin
0     000834ef  _GPIO_EnableUnbondedIOPullups         
0     00083505  _GPIO_ReadPin                         
0     0008351c  _GPIO_WritePin                        
0     0008353a  _cpu_timer0_isr                       
0     00083607  _cpu_timer1_isr                       
0     00083628  _adca1_ISR                            
0     0008367d  _sciaRxFifoIsr                        
0     000836f8  _AdcSetMode                           
0     0008379b  _CalAdcINL                            
0     000837d5  FS$$DIV                               
0     0008385d  _InitCpuTimers                        
0     0008389e  _ConfigCpuTimer                       
0     000838d8  _c_int00                              
0     0008391e  _FIR_FP_init                          
0     0008392a  _FIR_FP_calc                          
0     00083955  _InitPieCtrl                          
0     00083974  _EnableInterrupts                     
0     0008397d  _InitPieVectTable                     
0     000839a5  _memcpy                               
0     000839c3  __args_main                           
0     000839dc  C$$EXIT                               
0     000839dc  _abort                                
0     000839de  _exit                                 
0     000839f5  _FPU_initSystemClocks                 
0     000839fa  _FPU_initEpie                         
0     00083a05  _done                                 
0     00083a06  __register_unlock                     
0     00083a0a  __register_lock                       
0     00083a0e  __nop                                 
0     00083a17  _SetDBGIER                            
0     00086000  _RamfuncsLoadStart                    
0     0008604e  _RamfuncsLoadEnd                      
0     00090000  _PieVectTableInit                     
1     00000400  __stack                               
1     00000500  __STACK_END                           
1     00000b00  _AdcaResultRegs                       
1     00000b20  _AdcbResultRegs                       
1     00000b40  _AdccResultRegs                       
1     00000b60  _AdcdResultRegs                       
1     00000c00  _CpuTimer0Regs                        
1     00000c08  _CpuTimer1Regs                        
1     00000c10  _CpuTimer2Regs                        
1     00000ce0  _PieCtrlRegs                          
1     00000d00  _EmuKey                               
1     00000d00  _PieVectTable                         
1     00000d01  _EmuBMode                             
1     00001000  _DmaRegs                              
1     00001400  _Cla1Regs                             
1     00004000  _EPwm1Regs                            
1     00004100  _EPwm2Regs                            
1     00004200  _EPwm3Regs                            
1     00004300  _EPwm4Regs                            
1     00004400  _EPwm5Regs                            
1     00004500  _EPwm6Regs                            
1     00004600  _EPwm7Regs                            
1     00004700  _EPwm8Regs                            
1     00004800  _EPwm9Regs                            
1     00004900  _EPwm10Regs                           
1     00004a00  _EPwm11Regs                           
1     00004b00  _EPwm12Regs                           
1     00005000  _ECap1Regs                            
1     00005020  _ECap2Regs                            
1     00005040  _ECap3Regs                            
1     00005060  _ECap4Regs                            
1     00005080  _ECap5Regs                            
1     000050a0  _ECap6Regs                            
1     00005100  _EQep1Regs                            
1     00005140  _EQep2Regs                            
1     00005180  _EQep3Regs                            
1     00005c00  _DacaRegs                             
1     00005c10  _DacbRegs                             
1     00005c20  _DaccRegs                             
1     00005c80  _Cmpss1Regs                           
1     00005ca0  _Cmpss2Regs                           
1     00005cc0  _Cmpss3Regs                           
1     00005ce0  _Cmpss4Regs                           
1     00005d00  _Cmpss5Regs                           
1     00005d20  _Cmpss6Regs                           
1     00005d40  _Cmpss7Regs                           
1     00005d60  _Cmpss8Regs                           
1     00005e00  _Sdfm1Regs                            
1     00005e80  _Sdfm2Regs                            
1     00006000  _McbspaRegs                           
1     00006040  _McbspbRegs                           
1     00006100  _SpiaRegs                             
1     00006110  _SpibRegs                             
1     00006120  _SpicRegs                             
1     00006200  _UppRegs                              
1     00007000  _WdRegs                               
1     00007060  _NmiIntruptRegs                       
1     00007070  _XintRegs                             
1     00007200  _SciaRegs                             
1     00007210  _ScibRegs                             
1     00007220  _ScicRegs                             
1     00007230  _ScidRegs                             
1     00007300  _I2caRegs                             
1     00007340  _I2cbRegs                             
1     00007400  _AdcaRegs                             
1     00007480  _AdcbRegs                             
1     00007500  _AdccRegs                             
1     00007580  _AdcdRegs                             
1     00007900  _InputXbarRegs                        
1     00007920  _XbarRegs                             
1     00007940  _TrigRegs                             
1     00007980  _DmaClaSrcSelRegs                     
1     00007a00  _EPwmXbarRegs                         
1     00007a80  _OutputXbarRegs                       
1     00007c00  _GpioCtrlRegs                         
1     00007f00  _GpioDataRegs                         
1     0000a800  _SCI                                  
1     0000a804  _MCBSP                                
1     0000a808  _I2C                                  
1     0000a80c  _SDFM                                 
1     0000a812  _EQEP                                 
1     0000a81a  _SPI                                  
1     0000a822  _ADC                                  
1     0000a82c  _ECAP                                 
1     0000a840  _EPWM                                 
1     0000a85a  _TRIP_SEL                             
1     0000a878  ___TI_cleanup_ptr                     
1     0000a87a  ___TI_dtors_ptr                       
1     0000a87c  __lock                                
1     0000a87e  __unlock                              
1     0000a880  _CpuTimer1                            
1     0000a888  _CpuTimer2                            
1     0000a890  _CpuTimer0                            
1     0000a898  _deviceOpen                           
1     00047000  _Emif1Regs                            
1     00047800  _Emif2Regs                            
1     0005d000  _DevCfgRegs                           
1     0005d180  _AnalogSubsysRegs                     
1     0005d200  _ClkCfgRegs                           
1     0005d300  _CpuSysRegs                           
1     0005e608  _RomPrefetchRegs                      
1     0005f000  _DcsmZ1Regs                           
1     0005f040  _DcsmZ2Regs                           
1     0005f070  _DcsmCommonRegs                       
1     0005f400  _MemCfgRegs                           
1     0005f480  _Emif1ConfigRegs                      
1     0005f4a0  _Emif2ConfigRegs                      
1     0005f4c0  _AccessProtectionRegs                 
1     0005f500  _MemoryErrorRegs                      
1     0005f540  _RomWaitStateRegs                     
1     0005f800  _Flash0CtrlRegs                       
1     0005fb00  _Flash0EccRegs                        
1     0005fc00  _Flash1CtrlRegs                       
1     0005ff00  _Flash1EccRegs                        
1     00078000  _DcsmZ1Otp                            
1     00078200  _DcsmZ2Otp                            
abs   0000004e  _RamfuncsLoadSize                     
abs   0000004e  _RamfuncsRunSize                      
abs   00000100  __STACK_SIZE                          
abs   ffffffff  .text                                 
abs   ffffffff  ___binit__                            
abs   ffffffff  ___c_args__                           
abs   ffffffff  ___etext__                            
abs   ffffffff  ___pinit__                            
abs   ffffffff  ___text__                             
abs   ffffffff  binit                                 
abs   ffffffff  etext                                 
abs   ffffffff  pinit                                 

[390 symbols]
